Compiled with problems:X

ERROR in src/components/layout/components/LocalStudioSidebar/LocalStudioSidebar.tsx:35:13

TS2769: No overload matches this call.
  The last overload gave the following error.
    Type '"sm"' is not assignable to type 'ConditionalValue<WithEscapeHatch<`var(--${string})` | FontSizeToken>> | undefined'.
      Type '"semibold"' is not assignable to type 'ConditionalValue<WithEscapeHatch<`var(--${string})` | FontWeightToken>> | undefined'.
        Type '"5"' is not assignable to type 'ConditionalValue<WithEscapeHatch<`var(--${string})` | LineHeightToken>> | undefined'.
          Type '"success.500"' is not assignable to type 'ConditionalValue<WithEscapeHatch<`var(--${string})` | ColorToken>> | undefined'.
            Type '"lg"' is not assignable to type 'ConditionalValue<WithEscapeHatch<`var(--${string})` | RadiusToken>> | undefined'.
              Type '"2 4"' is not assignable to type 'ConditionalValue<WithEscapeHatch<`var(--${string})` | SpacingToken>> | undefined'.
                Type '{ base: "gray.600"; _dark: "white"; }' is not assignable to type 'ConditionalValue<WithEscapeHatch<`var(--${string})` | ColorToken>> | undefined'.
                  Types of property 'base' are incompatible.
                    Type '"gray.600"' is not assignable to type 'ConditionalValue<WithEscapeHatch<`var(--${string})` | ColorToken>> | undefined'.
    33 |         className={cx(
    34 |           css({
  > 35 |             fontSize: 'sm',
       |             ^^^^^^^^
    36 |             fontStyle: 'normal',
    37 |             fontWeight: 'semibold',
    38 |             lineHeight: '5',


ERROR in src/components/layout/components/LocalStudioSidebar/LocalStudioSidebar.tsx:37:13

TS2769: No overload matches this call.
  The last overload gave the following error.
    Type '"sm"' is not assignable to type 'ConditionalValue<WithEscapeHatch<`var(--${string})` | FontSizeToken>> | undefined'.
      Type '"semibold"' is not assignable to type 'ConditionalValue<WithEscapeHatch<`var(--${string})` | FontWeightToken>> | undefined'.
        Type '"5"' is not assignable to type 'ConditionalValue<WithEscapeHatch<`var(--${string})` | LineHeightToken>> | undefined'.
          Type '"success.500"' is not assignable to type 'ConditionalValue<WithEscapeHatch<`var(--${string})` | ColorToken>> | undefined'.
            Type '"lg"' is not assignable to type 'ConditionalValue<WithEscapeHatch<`var(--${string})` | RadiusToken>> | undefined'.
              Type '"2 4"' is not assignable to type 'ConditionalValue<WithEscapeHatch<`var(--${string})` | SpacingToken>> | undefined'.
                Type '{ base: "gray.600"; _dark: "white"; }' is not assignable to type 'ConditionalValue<WithEscapeHatch<`var(--${string})` | ColorToken>> | undefined'.
                  Types of property 'base' are incompatible.
                    Type '"gray.600"' is not assignable to type 'ConditionalValue<WithEscapeHatch<`var(--${string})` | ColorToken>> | undefined'.
    35 |             fontSize: 'sm',
    36 |             fontStyle: 'normal',
  > 37 |             fontWeight: 'semibold',
       |             ^^^^^^^^^^
    38 |             lineHeight: '5',
    39 |             bg: 'transparent',
    40 |             justifyContent: 'center',


ERROR in src/components/layout/components/LocalStudioSidebar/LocalStudioSidebar.tsx:38:13

TS2769: No overload matches this call.
  The last overload gave the following error.
    Type '"sm"' is not assignable to type 'ConditionalValue<WithEscapeHatch<`var(--${string})` | FontSizeToken>> | undefined'.
      Type '"semibold"' is not assignable to type 'ConditionalValue<WithEscapeHatch<`var(--${string})` | FontWeightToken>> | undefined'.
        Type '"5"' is not assignable to type 'ConditionalValue<WithEscapeHatch<`var(--${string})` | LineHeightToken>> | undefined'.
          Type '"success.500"' is not assignable to type 'ConditionalValue<WithEscapeHatch<`var(--${string})` | ColorToken>> | undefined'.
            Type '"lg"' is not assignable to type 'ConditionalValue<WithEscapeHatch<`var(--${string})` | RadiusToken>> | undefined'.
              Type '"2 4"' is not assignable to type 'ConditionalValue<WithEscapeHatch<`var(--${string})` | SpacingToken>> | undefined'.
                Type '{ base: "gray.600"; _dark: "white"; }' is not assignable to type 'ConditionalValue<WithEscapeHatch<`var(--${string})` | ColorToken>> | undefined'.
                  Types of property 'base' are incompatible.
                    Type '"gray.600"' is not assignable to type 'ConditionalValue<WithEscapeHatch<`var(--${string})` | ColorToken>> | undefined'.
    36 |             fontStyle: 'normal',
    37 |             fontWeight: 'semibold',
  > 38 |             lineHeight: '5',
       |             ^^^^^^^^^^
    39 |             bg: 'transparent',
    40 |             justifyContent: 'center',
    41 |             borderColor: 'success.500',


ERROR in src/components/layout/components/LocalStudioSidebar/LocalStudioSidebar.tsx:41:13

TS2769: No overload matches this call.
  The last overload gave the following error.
    Type '"sm"' is not assignable to type 'ConditionalValue<WithEscapeHatch<`var(--${string})` | FontSizeToken>> | undefined'.
      Type '"semibold"' is not assignable to type 'ConditionalValue<WithEscapeHatch<`var(--${string})` | FontWeightToken>> | undefined'.
        Type '"5"' is not assignable to type 'ConditionalValue<WithEscapeHatch<`var(--${string})` | LineHeightToken>> | undefined'.
          Type '"success.500"' is not assignable to type 'ConditionalValue<WithEscapeHatch<`var(--${string})` | ColorToken>> | undefined'.
            Type '"lg"' is not assignable to type 'ConditionalValue<WithEscapeHatch<`var(--${string})` | RadiusToken>> | undefined'.
              Type '"2 4"' is not assignable to type 'ConditionalValue<WithEscapeHatch<`var(--${string})` | SpacingToken>> | undefined'.
                Type '{ base: "gray.600"; _dark: "white"; }' is not assignable to type 'ConditionalValue<WithEscapeHatch<`var(--${string})` | ColorToken>> | undefined'.
                  Types of property 'base' are incompatible.
                    Type '"gray.600"' is not assignable to type 'ConditionalValue<WithEscapeHatch<`var(--${string})` | ColorToken>> | undefined'.
    39 |             bg: 'transparent',
    40 |             justifyContent: 'center',
  > 41 |             borderColor: 'success.500',
       |             ^^^^^^^^^^^
    42 |             border: 'solid',
    43 |             borderRadius: 'lg',
    44 |             padding: '2 4',


ERROR in src/components/layout/components/LocalStudioSidebar/LocalStudioSidebar.tsx:43:13

TS2769: No overload matches this call.
  The last overload gave the following error.
    Type '"sm"' is not assignable to type 'ConditionalValue<WithEscapeHatch<`var(--${string})` | FontSizeToken>> | undefined'.
      Type '"semibold"' is not assignable to type 'ConditionalValue<WithEscapeHatch<`var(--${string})` | FontWeightToken>> | undefined'.
        Type '"5"' is not assignable to type 'ConditionalValue<WithEscapeHatch<`var(--${string})` | LineHeightToken>> | undefined'.
          Type '"success.500"' is not assignable to type 'ConditionalValue<WithEscapeHatch<`var(--${string})` | ColorToken>> | undefined'.
            Type '"lg"' is not assignable to type 'ConditionalValue<WithEscapeHatch<`var(--${string})` | RadiusToken>> | undefined'.
              Type '"2 4"' is not assignable to type 'ConditionalValue<WithEscapeHatch<`var(--${string})` | SpacingToken>> | undefined'.
                Type '{ base: "gray.600"; _dark: "white"; }' is not assignable to type 'ConditionalValue<WithEscapeHatch<`var(--${string})` | ColorToken>> | undefined'.
                  Types of property 'base' are incompatible.
                    Type '"gray.600"' is not assignable to type 'ConditionalValue<WithEscapeHatch<`var(--${string})` | ColorToken>> | undefined'.
    41 |             borderColor: 'success.500',
    42 |             border: 'solid',
  > 43 |             borderRadius: 'lg',
       |             ^^^^^^^^^^^^
    44 |             padding: '2 4',
    45 |             color: { base: 'gray.600', _dark: 'white' },
    46 |           })


ERROR in src/components/layout/components/LocalStudioSidebar/LocalStudioSidebar.tsx:44:13

TS2769: No overload matches this call.
  The last overload gave the following error.
    Type '"sm"' is not assignable to type 'ConditionalValue<WithEscapeHatch<`var(--${string})` | FontSizeToken>> | undefined'.
      Type '"semibold"' is not assignable to type 'ConditionalValue<WithEscapeHatch<`var(--${string})` | FontWeightToken>> | undefined'.
        Type '"5"' is not assignable to type 'ConditionalValue<WithEscapeHatch<`var(--${string})` | LineHeightToken>> | undefined'.
          Type '"success.500"' is not assignable to type 'ConditionalValue<WithEscapeHatch<`var(--${string})` | ColorToken>> | undefined'.
            Type '"lg"' is not assignable to type 'ConditionalValue<WithEscapeHatch<`var(--${string})` | RadiusToken>> | undefined'.
              Type '"2 4"' is not assignable to type 'ConditionalValue<WithEscapeHatch<`var(--${string})` | SpacingToken>> | undefined'.
                Type '{ base: "gray.600"; _dark: "white"; }' is not assignable to type 'ConditionalValue<WithEscapeHatch<`var(--${string})` | ColorToken>> | undefined'.
                  Types of property 'base' are incompatible.
                    Type '"gray.600"' is not assignable to type 'ConditionalValue<WithEscapeHatch<`var(--${string})` | ColorToken>> | undefined'.
    42 |             border: 'solid',
    43 |             borderRadius: 'lg',
  > 44 |             padding: '2 4',
       |             ^^^^^^^
    45 |             color: { base: 'gray.600', _dark: 'white' },
    46 |           })
    47 |         )}


ERROR in src/components/layout/components/LocalStudioSidebar/LocalStudioSidebar.tsx:45:13

TS2769: No overload matches this call.
  The last overload gave the following error.
    Type '"sm"' is not assignable to type 'ConditionalValue<WithEscapeHatch<`var(--${string})` | FontSizeToken>> | undefined'.
      Type '"semibold"' is not assignable to type 'ConditionalValue<WithEscapeHatch<`var(--${string})` | FontWeightToken>> | undefined'.
        Type '"5"' is not assignable to type 'ConditionalValue<WithEscapeHatch<`var(--${string})` | LineHeightToken>> | undefined'.
          Type '"success.500"' is not assignable to type 'ConditionalValue<WithEscapeHatch<`var(--${string})` | ColorToken>> | undefined'.
            Type '"lg"' is not assignable to type 'ConditionalValue<WithEscapeHatch<`var(--${string})` | RadiusToken>> | undefined'.
              Type '"2 4"' is not assignable to type 'ConditionalValue<WithEscapeHatch<`var(--${string})` | SpacingToken>> | undefined'.
                Type '{ base: "gray.600"; _dark: "white"; }' is not assignable to type 'ConditionalValue<WithEscapeHatch<`var(--${string})` | ColorToken>> | undefined'.
                  Types of property 'base' are incompatible.
                    Type '"gray.600"' is not assignable to type 'ConditionalValue<WithEscapeHatch<`var(--${string})` | ColorToken>> | undefined'.
    43 |             borderRadius: 'lg',
    44 |             padding: '2 4',
  > 45 |             color: { base: 'gray.600', _dark: 'white' },
       |             ^^^^^
    46 |           })
    47 |         )}
    48 |       >


ERROR in src/components/layout/components/LocalStudioSidebar/LocalStudioSidebarOrganizationDisplay.tsx:35:15

TS2769: No overload matches this call.
  The last overload gave the following error.
    Type '"9"' is not assignable to type 'ConditionalValue<WithEscapeHatch<`var(--${string})` | "auto" | "screen" | SizeToken | "1/2" | "1/3" | "2/3" | "1/4" | "2/4" | "3/4" | "1/5" | "2/5" | "3/5" | "4/5" | "1/6" | "2/6" | "3/6" | "4/6" | "5/6" | ... 10 more ... | "11/12">> | undefined'.
      Type '"9"' is not assignable to type 'ConditionalValue<WithEscapeHatch<`var(--${string})` | "auto" | "screen" | SizeToken | "svh" | "lvh" | "dvh" | "1/2" | "1/3" | "2/3" | "1/4" | "2/4" | "3/4" | "1/5" | "2/5" | "3/5" | "4/5" | "1/6" | "2/6" | "3/6" | "4/6" | "5/6">> | undefined'.
        Type '"full"' is not assignable to type 'ConditionalValue<WithEscapeHatch<`var(--${string})` | RadiusToken>> | undefined'.
    33 |             src={`/static/images/standalone-${colorScheme}-theme.svg`}
    34 |             className={css({
  > 35 |               w: '9',
       |               ^
    36 |               h: '9',
    37 |               borderRadius: 'full',
    38 |             })}


ERROR in src/components/layout/components/LocalStudioSidebar/LocalStudioSidebarOrganizationDisplay.tsx:36:15

TS2769: No overload matches this call.
  The last overload gave the following error.
    Type '"9"' is not assignable to type 'ConditionalValue<WithEscapeHatch<`var(--${string})` | "auto" | "screen" | SizeToken | "1/2" | "1/3" | "2/3" | "1/4" | "2/4" | "3/4" | "1/5" | "2/5" | "3/5" | "4/5" | "1/6" | "2/6" | "3/6" | "4/6" | "5/6" | ... 10 more ... | "11/12">> | undefined'.
      Type '"9"' is not assignable to type 'ConditionalValue<WithEscapeHatch<`var(--${string})` | "auto" | "screen" | SizeToken | "svh" | "lvh" | "dvh" | "1/2" | "1/3" | "2/3" | "1/4" | "2/4" | "3/4" | "1/5" | "2/5" | "3/5" | "4/5" | "1/6" | "2/6" | "3/6" | "4/6" | "5/6">> | undefined'.
        Type '"full"' is not assignable to type 'ConditionalValue<WithEscapeHatch<`var(--${string})` | RadiusToken>> | undefined'.
    34 |             className={css({
    35 |               w: '9',
  > 36 |               h: '9',
       |               ^
    37 |               borderRadius: 'full',
    38 |             })}
    39 |           />


ERROR in src/components/layout/components/LocalStudioSidebar/LocalStudioSidebarOrganizationDisplay.tsx:37:15

TS2769: No overload matches this call.
  The last overload gave the following error.
    Type '"9"' is not assignable to type 'ConditionalValue<WithEscapeHatch<`var(--${string})` | "auto" | "screen" | SizeToken | "1/2" | "1/3" | "2/3" | "1/4" | "2/4" | "3/4" | "1/5" | "2/5" | "3/5" | "4/5" | "1/6" | "2/6" | "3/6" | "4/6" | "5/6" | ... 10 more ... | "11/12">> | undefined'.
      Type '"9"' is not assignable to type 'ConditionalValue<WithEscapeHatch<`var(--${string})` | "auto" | "screen" | SizeToken | "svh" | "lvh" | "dvh" | "1/2" | "1/3" | "2/3" | "1/4" | "2/4" | "3/4" | "1/5" | "2/5" | "3/5" | "4/5" | "1/6" | "2/6" | "3/6" | "4/6" | "5/6">> | undefined'.
        Type '"full"' is not assignable to type 'ConditionalValue<WithEscapeHatch<`var(--${string})` | RadiusToken>> | undefined'.
    35 |               w: '9',
    36 |               h: '9',
  > 37 |               borderRadius: 'full',
       |               ^^^^^^^^^^^^
    38 |             })}
    39 |           />
    40 |           <Stack gap="25">


ERROR in src/components/layout/components/SupportModal.tsx:59:34

TS2769: No overload matches this call.
  The last overload gave the following error.
    Type '"space.5"' is not assignable to type 'ConditionalValue<WithEscapeHatch<`var(--${string})` | "auto" | SpacingToken>> | undefined'.
    57 |                 onChange={onChange}
    58 |                 value={value}
  > 59 |                 className={css({ marginBottom: 'space.5' })}
       |                                  ^^^^^^^^^^^^
    60 |               />
    61 |             )}
    62 |           />


ERROR in src/components/layout/components/v2/BridgeUpdateModal.tsx:120:30

TS2769: No overload matches this call.
  The last overload gave the following error.
    Type '"space.4"' is not assignable to type 'ConditionalValue<WithEscapeHatch<`var(--${string})` | "auto" | SpacingToken>> | undefined'.
    118 |             variant="preventLayoutShift"
    119 |             error={urlError}
  > 120 |             className={css({ marginBottom: 'space.4' })}
        |                              ^^^^^^^^^^^^
    121 |           />
    122 |           <HStack justify={'space-between'}>
    123 |             <div>


ERROR in src/components/layout/components/v2/NewDashboardOptInWidget.tsx:52:5

TS2769: No overload matches this call.
  The last overload gave the following error.
    Type '"2 4 !important"' is not assignable to type 'ConditionalValue<WithEscapeHatch<SpacingToken | `var(--${string})`>> | undefined'.
      Type '"4"' is not assignable to type 'ConditionalValue<WithEscapeHatch<SpacingToken | `var(--${string})` | "auto">> | undefined'.
        Type '"full !important"' is not assignable to type 'ConditionalValue<WithEscapeHatch<`var(--${string})` | RadiusToken>> | undefined'.
          Type '"full !important"' is not assignable to type 'ConditionalValue<WithEscapeHatch<`var(--${string})` | RadiusToken>> | undefined'.
    50 | const styles = {
    51 |   card: css({
  > 52 |     padding: '2 4 !important',
       |     ^^^^^^^
    53 |     marginBottom: '4',
    54 |     backgroundColor: 'surface.popover !important',
    55 |     borderTopLeftRadius: 'full !important',


ERROR in src/components/layout/components/v2/NewDashboardOptInWidget.tsx:53:5

TS2769: No overload matches this call.
  The last overload gave the following error.
    Type '"2 4 !important"' is not assignable to type 'ConditionalValue<WithEscapeHatch<SpacingToken | `var(--${string})`>> | undefined'.
      Type '"4"' is not assignable to type 'ConditionalValue<WithEscapeHatch<SpacingToken | `var(--${string})` | "auto">> | undefined'.
        Type '"full !important"' is not assignable to type 'ConditionalValue<WithEscapeHatch<`var(--${string})` | RadiusToken>> | undefined'.
          Type '"full !important"' is not assignable to type 'ConditionalValue<WithEscapeHatch<`var(--${string})` | RadiusToken>> | undefined'.
    51 |   card: css({
    52 |     padding: '2 4 !important',
  > 53 |     marginBottom: '4',
       |     ^^^^^^^^^^^^
    54 |     backgroundColor: 'surface.popover !important',
    55 |     borderTopLeftRadius: 'full !important',
    56 |     borderBottomLeftRadius: 'full !important',


ERROR in src/components/layout/components/v2/NewDashboardOptInWidget.tsx:55:5

TS2769: No overload matches this call.
  The last overload gave the following error.
    Type '"2 4 !important"' is not assignable to type 'ConditionalValue<WithEscapeHatch<SpacingToken | `var(--${string})`>> | undefined'.
      Type '"4"' is not assignable to type 'ConditionalValue<WithEscapeHatch<SpacingToken | `var(--${string})` | "auto">> | undefined'.
        Type '"full !important"' is not assignable to type 'ConditionalValue<WithEscapeHatch<`var(--${string})` | RadiusToken>> | undefined'.
          Type '"full !important"' is not assignable to type 'ConditionalValue<WithEscapeHatch<`var(--${string})` | RadiusToken>> | undefined'.
    53 |     marginBottom: '4',
    54 |     backgroundColor: 'surface.popover !important',
  > 55 |     borderTopLeftRadius: 'full !important',
       |     ^^^^^^^^^^^^^^^^^^^
    56 |     borderBottomLeftRadius: 'full !important',
    57 |     _before: {
    58 |       content: '""',


ERROR in src/components/layout/components/v2/NewDashboardOptInWidget.tsx:56:5

TS2769: No overload matches this call.
  The last overload gave the following error.
    Type '"2 4 !important"' is not assignable to type 'ConditionalValue<WithEscapeHatch<SpacingToken | `var(--${string})`>> | undefined'.
      Type '"4"' is not assignable to type 'ConditionalValue<WithEscapeHatch<SpacingToken | `var(--${string})` | "auto">> | undefined'.
        Type '"full !important"' is not assignable to type 'ConditionalValue<WithEscapeHatch<`var(--${string})` | RadiusToken>> | undefined'.
          Type '"full !important"' is not assignable to type 'ConditionalValue<WithEscapeHatch<`var(--${string})` | RadiusToken>> | undefined'.
    54 |     backgroundColor: 'surface.popover !important',
    55 |     borderTopLeftRadius: 'full !important',
  > 56 |     borderBottomLeftRadius: 'full !important',
       |     ^^^^^^^^^^^^^^^^^^^^^^
    57 |     _before: {
    58 |       content: '""',
    59 |       position: 'absolute',


ERROR in src/components/layout/components/v2/NewDashboardOptInWidget.tsx:75:5

TS2769: No overload matches this call.
  The last overload gave the following error.
    Type '"1"' is not assignable to type 'ConditionalValue<WithEscapeHatch<SpacingToken | `var(--${string})`>> | undefined'.
    73 |     display: 'flex',
    74 |     flexDirection: 'column',
  > 75 |     gap: '1',
       |     ^^^
    76 |     alignSelf: 'stretch',
    77 |   }),
    78 |   header: css({


ERROR in src/components/layout/components/v2/NewDashboardOptInWidget.tsx:82:5

TS2769: No overload matches this call.
  The last overload gave the following error.
    Type '"2"' is not assignable to type 'ConditionalValue<WithEscapeHatch<SpacingToken | `var(--${string})`>> | undefined'.
    80 |     alignItems: 'center',
    81 |     justifyContent: 'space-between',
  > 82 |     gap: '2',
       |     ^^^
    83 |   }),
    84 |   title: css({
    85 |     fontSize: 'xs',


ERROR in src/components/layout/components/v2/NewDashboardOptInWidget.tsx:85:5

TS2769: No overload matches this call.
  The last overload gave the following error.
    Type '"xs"' is not assignable to type 'ConditionalValue<WithEscapeHatch<`var(--${string})` | FontSizeToken>> | undefined'.
      Type '"bold"' is not assignable to type 'ConditionalValue<WithEscapeHatch<`var(--${string})` | FontWeightToken>> | undefined'.
        Type '"5"' is not assignable to type 'ConditionalValue<WithEscapeHatch<`var(--${string})` | LineHeightToken>> | undefined'.
    83 |   }),
    84 |   title: css({
  > 85 |     fontSize: 'xs',
       |     ^^^^^^^^
    86 |     fontWeight: 'bold',
    87 |     lineHeight: '5',
    88 |   }),


ERROR in src/components/layout/components/v2/NewDashboardOptInWidget.tsx:86:5

TS2769: No overload matches this call.
  The last overload gave the following error.
    Type '"xs"' is not assignable to type 'ConditionalValue<WithEscapeHatch<`var(--${string})` | FontSizeToken>> | undefined'.
      Type '"bold"' is not assignable to type 'ConditionalValue<WithEscapeHatch<`var(--${string})` | FontWeightToken>> | undefined'.
        Type '"5"' is not assignable to type 'ConditionalValue<WithEscapeHatch<`var(--${string})` | LineHeightToken>> | undefined'.
    84 |   title: css({
    85 |     fontSize: 'xs',
  > 86 |     fontWeight: 'bold',
       |     ^^^^^^^^^^
    87 |     lineHeight: '5',
    88 |   }),
    89 |   text: css({


ERROR in src/components/layout/components/v2/NewDashboardOptInWidget.tsx:87:5

TS2769: No overload matches this call.
  The last overload gave the following error.
    Type '"xs"' is not assignable to type 'ConditionalValue<WithEscapeHatch<`var(--${string})` | FontSizeToken>> | undefined'.
      Type '"bold"' is not assignable to type 'ConditionalValue<WithEscapeHatch<`var(--${string})` | FontWeightToken>> | undefined'.
        Type '"5"' is not assignable to type 'ConditionalValue<WithEscapeHatch<`var(--${string})` | LineHeightToken>> | undefined'.
    85 |     fontSize: 'xs',
    86 |     fontWeight: 'bold',
  > 87 |     lineHeight: '5',
       |     ^^^^^^^^^^
    88 |   }),
    89 |   text: css({
    90 |     fontSize: 'xs',


ERROR in src/components/layout/components/v2/NewDashboardOptInWidget.tsx:90:5

TS2769: No overload matches this call.
  The last overload gave the following error.
    Type '"xs"' is not assignable to type 'ConditionalValue<WithEscapeHatch<`var(--${string})` | FontSizeToken>> | undefined'.
      Type '"4"' is not assignable to type 'ConditionalValue<WithEscapeHatch<`var(--${string})` | LineHeightToken>> | undefined'.
        Type '"medium"' is not assignable to type 'ConditionalValue<WithEscapeHatch<`var(--${string})` | FontWeightToken>> | undefined'.
    88 |   }),
    89 |   text: css({
  > 90 |     fontSize: 'xs',
       |     ^^^^^^^^
    91 |     lineHeight: '4',
    92 |     fontWeight: 'medium',
    93 |     fontStyle: 'normal',


ERROR in src/components/layout/components/v2/NewDashboardOptInWidget.tsx:91:5

TS2769: No overload matches this call.
  The last overload gave the following error.
    Type '"xs"' is not assignable to type 'ConditionalValue<WithEscapeHatch<`var(--${string})` | FontSizeToken>> | undefined'.
      Type '"4"' is not assignable to type 'ConditionalValue<WithEscapeHatch<`var(--${string})` | LineHeightToken>> | undefined'.
        Type '"medium"' is not assignable to type 'ConditionalValue<WithEscapeHatch<`var(--${string})` | FontWeightToken>> | undefined'.
    89 |   text: css({
    90 |     fontSize: 'xs',
  > 91 |     lineHeight: '4',
       |     ^^^^^^^^^^
    92 |     fontWeight: 'medium',
    93 |     fontStyle: 'normal',
    94 |   }),


ERROR in src/components/layout/components/v2/NewDashboardOptInWidget.tsx:92:5

TS2769: No overload matches this call.
  The last overload gave the following error.
    Type '"xs"' is not assignable to type 'ConditionalValue<WithEscapeHatch<`var(--${string})` | FontSizeToken>> | undefined'.
      Type '"4"' is not assignable to type 'ConditionalValue<WithEscapeHatch<`var(--${string})` | LineHeightToken>> | undefined'.
        Type '"medium"' is not assignable to type 'ConditionalValue<WithEscapeHatch<`var(--${string})` | FontWeightToken>> | undefined'.
    90 |     fontSize: 'xs',
    91 |     lineHeight: '4',
  > 92 |     fontWeight: 'medium',
       |     ^^^^^^^^^^
    93 |     fontStyle: 'normal',
    94 |   }),
    95 |   buttonContainer: css({


ERROR in src/components/layout/components/v2/SampleWorkflowsBanner.tsx:27:17

TS2322: Type '"colors.black"' is not assignable to type 'ConditionalValue<WithEscapeHatch<ColorToken | `var(--${string})`>> | undefined'.
    25 |       <Group spacing={24}>
    26 |         <Group spacing={8}>
  > 27 |           <Text color="colors.black">
       |                 ^^^^^
    28 |             You are currently viewing demo workflows. Add your own by completing the setup.
    29 |           </Text>
    30 |         </Group>


ERROR in src/components/layout/components/v2/SyncInfoModal.tsx:88:68

TS2769: No overload matches this call.
  The last overload gave the following error.
    Type '"space.7"' is not assignable to type 'ConditionalValue<WithEscapeHatch<"auto" | `var(--${string})` | SpacingToken>> | undefined'.
    86 |       content: (
    87 |         <>
  > 88 |           <Text color="typography.text.secondary" className={css({ marginBottom: 'space.7' })}>
       |                                                                    ^^^^^^^^^^^^
    89 |             For your changes to be visible on the cloud dashboard, you need to deploy your local novu application to a
    90 |             cloud provider and perform a Sync command with the cloud endpoint url. Learn more about syncing on{' '}
    91 |             <a


ERROR in src/components/layout/components/v2/SyncInfoModalTrigger.tsx:45:17

TS2769: No overload matches this call.
  The last overload gave the following error.
    Type '"-1"' is not assignable to type 'ConditionalValue<WithEscapeHatch<`var(--${string})` | SpacingToken>> | undefined'.
      Type '"-1"' is not assignable to type 'ConditionalValue<WithEscapeHatch<`var(--${string})` | SpacingToken>> | undefined'.
        Type '"3"' is not assignable to type 'ConditionalValue<WithEscapeHatch<"auto" | `var(--${string})` | SizeToken | "1/2" | "1/3" | "2/3" | "1/4" | "2/4" | "3/4" | "1/5" | "2/5" | "3/5" | "4/5" | "1/6" | "2/6" | "3/6" | "4/6" | "5/6" | "1/12" | "2/12" | ... 9 more ... | "screen">> | undefined'.
          Type '"3"' is not assignable to type 'ConditionalValue<WithEscapeHatch<"auto" | `var(--${string})` | SizeToken | "1/2" | "1/3" | "2/3" | "1/4" | "2/4" | "3/4" | "1/5" | "2/5" | "3/5" | "4/5" | "1/6" | "2/6" | "3/6" | "4/6" | "5/6" | "screen" | "svh" | "lvh" | "dvh">> | undefined'.
    43 |               className={css({
    44 |                 position: 'absolute',
  > 45 |                 top: '-1',
       |                 ^^^
    46 |                 right: '-1',
    47 |                 width: '3',
    48 |                 height: '3',


ERROR in src/components/layout/components/v2/SyncInfoModalTrigger.tsx:46:17

TS2769: No overload matches this call.
  The last overload gave the following error.
    Type '"-1"' is not assignable to type 'ConditionalValue<WithEscapeHatch<`var(--${string})` | SpacingToken>> | undefined'.
      Type '"-1"' is not assignable to type 'ConditionalValue<WithEscapeHatch<`var(--${string})` | SpacingToken>> | undefined'.
        Type '"3"' is not assignable to type 'ConditionalValue<WithEscapeHatch<"auto" | `var(--${string})` | SizeToken | "1/2" | "1/3" | "2/3" | "1/4" | "2/4" | "3/4" | "1/5" | "2/5" | "3/5" | "4/5" | "1/6" | "2/6" | "3/6" | "4/6" | "5/6" | "1/12" | "2/12" | ... 9 more ... | "screen">> | undefined'.
          Type '"3"' is not assignable to type 'ConditionalValue<WithEscapeHatch<"auto" | `var(--${string})` | SizeToken | "1/2" | "1/3" | "2/3" | "1/4" | "2/4" | "3/4" | "1/5" | "2/5" | "3/5" | "4/5" | "1/6" | "2/6" | "3/6" | "4/6" | "5/6" | "screen" | "svh" | "lvh" | "dvh">> | undefined'.
    44 |                 position: 'absolute',
    45 |                 top: '-1',
  > 46 |                 right: '-1',
       |                 ^^^^^
    47 |                 width: '3',
    48 |                 height: '3',
    49 |               })}


ERROR in src/components/layout/components/v2/SyncInfoModalTrigger.tsx:47:17

TS2769: No overload matches this call.
  The last overload gave the following error.
    Type '"-1"' is not assignable to type 'ConditionalValue<WithEscapeHatch<`var(--${string})` | SpacingToken>> | undefined'.
      Type '"-1"' is not assignable to type 'ConditionalValue<WithEscapeHatch<`var(--${string})` | SpacingToken>> | undefined'.
        Type '"3"' is not assignable to type 'ConditionalValue<WithEscapeHatch<"auto" | `var(--${string})` | SizeToken | "1/2" | "1/3" | "2/3" | "1/4" | "2/4" | "3/4" | "1/5" | "2/5" | "3/5" | "4/5" | "1/6" | "2/6" | "3/6" | "4/6" | "5/6" | "1/12" | "2/12" | ... 9 more ... | "screen">> | undefined'.
          Type '"3"' is not assignable to type 'ConditionalValue<WithEscapeHatch<"auto" | `var(--${string})` | SizeToken | "1/2" | "1/3" | "2/3" | "1/4" | "2/4" | "3/4" | "1/5" | "2/5" | "3/5" | "4/5" | "1/6" | "2/6" | "3/6" | "4/6" | "5/6" | "screen" | "svh" | "lvh" | "dvh">> | undefined'.
    45 |                 top: '-1',
    46 |                 right: '-1',
  > 47 |                 width: '3',
       |                 ^^^^^
    48 |                 height: '3',
    49 |               })}
    50 |             />


ERROR in src/components/layout/components/v2/SyncInfoModalTrigger.tsx:48:17

TS2769: No overload matches this call.
  The last overload gave the following error.
    Type '"-1"' is not assignable to type 'ConditionalValue<WithEscapeHatch<`var(--${string})` | SpacingToken>> | undefined'.
      Type '"-1"' is not assignable to type 'ConditionalValue<WithEscapeHatch<`var(--${string})` | SpacingToken>> | undefined'.
        Type '"3"' is not assignable to type 'ConditionalValue<WithEscapeHatch<"auto" | `var(--${string})` | SizeToken | "1/2" | "1/3" | "2/3" | "1/4" | "2/4" | "3/4" | "1/5" | "2/5" | "3/5" | "4/5" | "1/6" | "2/6" | "3/6" | "4/6" | "5/6" | "1/12" | "2/12" | ... 9 more ... | "screen">> | undefined'.
          Type '"3"' is not assignable to type 'ConditionalValue<WithEscapeHatch<"auto" | `var(--${string})` | SizeToken | "1/2" | "1/3" | "2/3" | "1/4" | "2/4" | "3/4" | "1/5" | "2/5" | "3/5" | "4/5" | "1/6" | "2/6" | "3/6" | "4/6" | "5/6" | "screen" | "svh" | "lvh" | "dvh">> | undefined'.
    46 |                 right: '-1',
    47 |                 width: '3',
  > 48 |                 height: '3',
       |                 ^^^^^^
    49 |               })}
    50 |             />
    51 |           </When>


ERROR in src/components/nav/EnvironmentSelect/EnvironmentSelect.tsx:28:15

TS2769: No overload matches this call.
  The last overload gave the following error.
    Type '"radii.md"' is not assignable to type 'ConditionalValue<WithEscapeHatch<`var(--${string})` | RadiusToken>> | undefined'.
    26 |               p: '50',
    27 |               // TODO: use design system values when available
  > 28 |               borderRadius: 'radii.md',
       |               ^^^^^^^^^^^^
    29 |               bg: 'surface.page',
    30 |               '& svg': {
    31 |                 fill: 'typography.text.main',


ERROR in src/components/nav/NavMenu.tsx:11:3

TS2769: No overload matches this call.
  The last overload gave the following error.
    Type '"space.0"' is not assignable to type 'ConditionalValue<WithEscapeHatch<`var(--${string})` | SpacingToken>> | undefined'.
      Type '"inherit"' is not assignable to type 'ConditionalValue<WithEscapeHatch<`var(--${string})` | "auto" | SizeToken | "svh" | "lvh" | "dvh" | "screen" | "1/2" | "1/3" | "2/3" | "1/4" | "2/4" | "3/4" | "1/5" | "2/5" | "3/5" | "4/5" | "1/6" | "2/6" | "3/6" | "4/6" | "5/6">> | undefined'.
        Type '"inherit"' is not assignable to type 'ConditionalValue<WithEscapeHatch<`var(--${string})` | BorderToken>> | undefined'.
          Type 'number' is not assignable to type 'ConditionalValue<WithEscapeHatch<`var(--${string})` | SpacingToken>> | undefined'.
            Type 'number' is not assignable to type 'ConditionalValue<WithEscapeHatch<`var(--${string})` | SpacingToken>> | undefined'.
              Type '"40%"' is not assignable to type 'ConditionalValue<WithEscapeHatch<`var(--${string})` | OpacityToken>> | undefined'.
     9 |   display: 'inline-flex',
    10 |   alignItems: 'center',
  > 11 |   padding: 'space.0',
       |   ^^^^^^^
    12 |   backgroundImage: 'none',
    13 |   background: 'transparent',
    14 |   height: 'inherit',


ERROR in src/components/nav/NavMenu.tsx:14:3

TS2769: No overload matches this call.
  The last overload gave the following error.
    Type '"space.0"' is not assignable to type 'ConditionalValue<WithEscapeHatch<`var(--${string})` | SpacingToken>> | undefined'.
      Type '"inherit"' is not assignable to type 'ConditionalValue<WithEscapeHatch<`var(--${string})` | "auto" | SizeToken | "svh" | "lvh" | "dvh" | "screen" | "1/2" | "1/3" | "2/3" | "1/4" | "2/4" | "3/4" | "1/5" | "2/5" | "3/5" | "4/5" | "1/6" | "2/6" | "3/6" | "4/6" | "5/6">> | undefined'.
        Type '"inherit"' is not assignable to type 'ConditionalValue<WithEscapeHatch<`var(--${string})` | BorderToken>> | undefined'.
          Type 'number' is not assignable to type 'ConditionalValue<WithEscapeHatch<`var(--${string})` | SpacingToken>> | undefined'.
            Type 'number' is not assignable to type 'ConditionalValue<WithEscapeHatch<`var(--${string})` | SpacingToken>> | undefined'.
              Type '"40%"' is not assignable to type 'ConditionalValue<WithEscapeHatch<`var(--${string})` | OpacityToken>> | undefined'.
    12 |   backgroundImage: 'none',
    13 |   background: 'transparent',
  > 14 |   height: 'inherit',
       |   ^^^^^^
    15 |   border: 'none',
    16 |   cursor: 'pointer',
    17 |   outline: 'inherit',


ERROR in src/components/nav/NavMenu.tsx:17:3

TS2769: No overload matches this call.
  The last overload gave the following error.
    Type '"space.0"' is not assignable to type 'ConditionalValue<WithEscapeHatch<`var(--${string})` | SpacingToken>> | undefined'.
      Type '"inherit"' is not assignable to type 'ConditionalValue<WithEscapeHatch<`var(--${string})` | "auto" | SizeToken | "svh" | "lvh" | "dvh" | "screen" | "1/2" | "1/3" | "2/3" | "1/4" | "2/4" | "3/4" | "1/5" | "2/5" | "3/5" | "4/5" | "1/6" | "2/6" | "3/6" | "4/6" | "5/6">> | undefined'.
        Type '"inherit"' is not assignable to type 'ConditionalValue<WithEscapeHatch<`var(--${string})` | BorderToken>> | undefined'.
          Type 'number' is not assignable to type 'ConditionalValue<WithEscapeHatch<`var(--${string})` | SpacingToken>> | undefined'.
            Type 'number' is not assignable to type 'ConditionalValue<WithEscapeHatch<`var(--${string})` | SpacingToken>> | undefined'.
              Type '"40%"' is not assignable to type 'ConditionalValue<WithEscapeHatch<`var(--${string})` | OpacityToken>> | undefined'.
    15 |   border: 'none',
    16 |   cursor: 'pointer',
  > 17 |   outline: 'inherit',
       |   ^^^^^^^
    18 |   paddingInline: 0,
    19 |   paddingBlock: 0,
    20 |   '& span': {


ERROR in src/components/nav/NavMenu.tsx:18:3

TS2769: No overload matches this call.
  The last overload gave the following error.
    Type '"space.0"' is not assignable to type 'ConditionalValue<WithEscapeHatch<`var(--${string})` | SpacingToken>> | undefined'.
      Type '"inherit"' is not assignable to type 'ConditionalValue<WithEscapeHatch<`var(--${string})` | "auto" | SizeToken | "svh" | "lvh" | "dvh" | "screen" | "1/2" | "1/3" | "2/3" | "1/4" | "2/4" | "3/4" | "1/5" | "2/5" | "3/5" | "4/5" | "1/6" | "2/6" | "3/6" | "4/6" | "5/6">> | undefined'.
        Type '"inherit"' is not assignable to type 'ConditionalValue<WithEscapeHatch<`var(--${string})` | BorderToken>> | undefined'.
          Type 'number' is not assignable to type 'ConditionalValue<WithEscapeHatch<`var(--${string})` | SpacingToken>> | undefined'.
            Type 'number' is not assignable to type 'ConditionalValue<WithEscapeHatch<`var(--${string})` | SpacingToken>> | undefined'.
              Type '"40%"' is not assignable to type 'ConditionalValue<WithEscapeHatch<`var(--${string})` | OpacityToken>> | undefined'.
    16 |   cursor: 'pointer',
    17 |   outline: 'inherit',
  > 18 |   paddingInline: 0,
       |   ^^^^^^^^^^^^^
    19 |   paddingBlock: 0,
    20 |   '& span': {
    21 |     backgroundImage: 'none',


ERROR in src/components/nav/NavMenu.tsx:19:3

TS2769: No overload matches this call.
  The last overload gave the following error.
    Type '"space.0"' is not assignable to type 'ConditionalValue<WithEscapeHatch<`var(--${string})` | SpacingToken>> | undefined'.
      Type '"inherit"' is not assignable to type 'ConditionalValue<WithEscapeHatch<`var(--${string})` | "auto" | SizeToken | "svh" | "lvh" | "dvh" | "screen" | "1/2" | "1/3" | "2/3" | "1/4" | "2/4" | "3/4" | "1/5" | "2/5" | "3/5" | "4/5" | "1/6" | "2/6" | "3/6" | "4/6" | "5/6">> | undefined'.
        Type '"inherit"' is not assignable to type 'ConditionalValue<WithEscapeHatch<`var(--${string})` | BorderToken>> | undefined'.
          Type 'number' is not assignable to type 'ConditionalValue<WithEscapeHatch<`var(--${string})` | SpacingToken>> | undefined'.
            Type 'number' is not assignable to type 'ConditionalValue<WithEscapeHatch<`var(--${string})` | SpacingToken>> | undefined'.
              Type '"40%"' is not assignable to type 'ConditionalValue<WithEscapeHatch<`var(--${string})` | OpacityToken>> | undefined'.
    17 |   outline: 'inherit',
    18 |   paddingInline: 0,
  > 19 |   paddingBlock: 0,
       |   ^^^^^^^^^^^^
    20 |   '& span': {
    21 |     backgroundImage: 'none',
    22 |   },


ERROR in src/components/nav/NavMenu.tsx:27:5

TS2769: No overload matches this call.
  The last overload gave the following error.
    Type '"space.0"' is not assignable to type 'ConditionalValue<WithEscapeHatch<`var(--${string})` | SpacingToken>> | undefined'.
      Type '"inherit"' is not assignable to type 'ConditionalValue<WithEscapeHatch<`var(--${string})` | "auto" | SizeToken | "svh" | "lvh" | "dvh" | "screen" | "1/2" | "1/3" | "2/3" | "1/4" | "2/4" | "3/4" | "1/5" | "2/5" | "3/5" | "4/5" | "1/6" | "2/6" | "3/6" | "4/6" | "5/6">> | undefined'.
        Type '"inherit"' is not assignable to type 'ConditionalValue<WithEscapeHatch<`var(--${string})` | BorderToken>> | undefined'.
          Type 'number' is not assignable to type 'ConditionalValue<WithEscapeHatch<`var(--${string})` | SpacingToken>> | undefined'.
            Type 'number' is not assignable to type 'ConditionalValue<WithEscapeHatch<`var(--${string})` | SpacingToken>> | undefined'.
              Type '"40%"' is not assignable to type 'ConditionalValue<WithEscapeHatch<`var(--${string})` | OpacityToken>> | undefined'.
    25 |   },
    26 |   '&:disabled svg': {
  > 27 |     opacity: '40%',
       |     ^^^^^^^
    28 |   },
    29 | });
    30 |


ERROR in src/components/nav/NavMenu.tsx:66:38

TS2820: Type '"100%"' is not assignable to type 'ConditionalValue<WithEscapeHatch<`var(--${string})` | "auto" | SizeToken | "svh" | "lvh" | "dvh" | "screen" | "1/2" | "1/3" | "2/3" | "1/4" | "2/4" | "3/4" | "1/5" | "2/5" | "3/5" | "4/5" | "1/6" | "2/6" | "3/6" | "4/6" | "5/6">> | undefined'. Did you mean '"100"'?
    64 |   return (
    65 |     <nav className={cx(navStyles, className)}>
  > 66 |       <Flex flexDirection={'column'} h="100%">
       |                                      ^
    67 |         {(title || variant === 'nested') && (
    68 |           <Flex gap={'100'} h={'200'} w="100%" my={'75'} alignItems={'center'}>
    69 |             {variant === 'nested' && (


ERROR in src/components/nav/NavMenu.tsx:68:39

TS2820: Type '"100%"' is not assignable to type 'ConditionalValue<WithEscapeHatch<`var(--${string})` | "auto" | SizeToken | "screen" | "1/2" | "1/3" | "2/3" | "1/4" | "2/4" | "3/4" | "1/5" | "2/5" | "3/5" | "4/5" | "1/6" | "2/6" | "3/6" | "4/6" | "5/6" | ... 10 more ... | "11/12">> | undefined'. Did you mean '"100"'?
    66 |       <Flex flexDirection={'column'} h="100%">
    67 |         {(title || variant === 'nested') && (
  > 68 |           <Flex gap={'100'} h={'200'} w="100%" my={'75'} alignItems={'center'}>
       |                                       ^
    69 |             {variant === 'nested' && (
    70 |               // TODO: this should be a Design System component for IconButton
    71 |               <button className={iconButtonStyles}>


ERROR in src/components/nav/NavMenuButton/NavMenuButton.shared.tsx:28:3

TS2769: No overload matches this call.
  The last overload gave the following error.
    Type '"100%"' is not assignable to type 'ConditionalValue<WithEscapeHatch<"screen" | "auto" | `var(--${string})` | SizeToken | "1/2" | "1/3" | "2/3" | "1/4" | "2/4" | "3/4" | "1/5" | "2/5" | "3/5" | "4/5" | "1/6" | "2/6" | "3/6" | "4/6" | "5/6" | ... 10 more ... | "11/12">> | undefined'. Did you mean '"100"'?
    26 |   alignItems: 'center',
    27 |   justifyContent: 'space-between',
  > 28 |   width: '100%',
       |   ^^^^^
    29 |   position: 'relative',
    30 |   py: '100',
    31 |   px: '125',


ERROR in src/components/nav/NavMenuButton/NavMenuToggleButton.tsx:37:76

TS2769: No overload matches this call.
  The last overload gave the following error.
    Type '"none"' is not assignable to type 'ConditionalValue<WithEscapeHatch<`var(--${string})` | ShadowToken>> | undefined'.
    35 |           css({
    36 |             lineHeight: '125',
  > 37 |             '& _active, &.active': { background: 'transparent !important', boxShadow: 'none' },
       |                                                                            ^^^^^^^^^
    38 |           }),
    39 |           className
    40 |         )}


ERROR in src/components/nav/NavMenuButton/NavMenuToggleButton.tsx:68:46

TS2322: Type '"inherit"' is not assignable to type 'ConditionalValue<WithEscapeHatch<"screen" | "auto" | `var(--${string})` | SizeToken | "1/2" | "1/3" | "2/3" | "1/4" | "2/4" | "3/4" | "1/5" | "2/5" | "3/5" | "4/5" | "1/6" | "2/6" | "3/6" | "4/6" | "5/6" | ... 10 more ... | "11/12">> | undefined'.
    66 |
    67 |   return (
  > 68 |     <HStack justifyContent={'space-between'} w="inherit" className={css(truncatedFlexTextCss)}>
       |                                              ^
    69 |       <NavMenuButtonInner icon={icon}>{label}</NavMenuButtonInner>
    70 |       {isOpen && isActive ? <IconKeyboardArrowUp /> : <IconKeyboardArrowDown />}
    71 |     </HStack>


ERROR in src/components/nav/NavMenuFooter.tsx:17:11

TS2769: No overload matches this call.
  The last overload gave the following error.
    Type '"100%"' is not assignable to type 'ConditionalValue<WithEscapeHatch<"screen" | "auto" | `var(--${string})` | SizeToken | "1/2" | "1/3" | "2/3" | "1/4" | "2/4" | "3/4" | "1/5" | "2/5" | "3/5" | "4/5" | "1/6" | "2/6" | "3/6" | "4/6" | "5/6" | ... 10 more ... | "11/12">> | undefined'. Did you mean '"100"'?
    15 |           color: 'typography.text.secondary',
    16 |           marginTop: 'auto',
  > 17 |           width: '100%',
       |           ^^^^^
    18 |         }),
    19 |         className
    20 |       )}


ERROR in src/components/nav/NavMenuSection.tsx:15:31

TS2769: No overload matches this call.
  The last overload gave the following error.
    Type '"100%"' is not assignable to type 'ConditionalValue<WithEscapeHatch<"screen" | "auto" | `var(--${string})` | SizeToken | "1/2" | "1/3" | "2/3" | "1/4" | "2/4" | "3/4" | "1/5" | "2/5" | "3/5" | "4/5" | "1/6" | "2/6" | "3/6" | "4/6" | "5/6" | ... 10 more ... | "11/12">> | undefined'. Did you mean '"100"'?
    13 | export const NavMenuSection: FC<React.PropsWithChildren<INavMenuSectionProps>> = ({ title, children }) => {
    14 |   return (
  > 15 |     <section className={css({ w: '100%' })}>
       |                               ^
    16 |       {title && (
    17 |         <Title py="75" pl="125" variant="strong" color="typography.text.tertiary" textTransform="capitalize">
    18 |           {title}


ERROR in src/components/nav/NavSelect.styles.ts:9:31

TS2769: No overload matches this call.
  The last overload gave the following error.
    Type '"inherit !important"' is not assignable to type 'ConditionalValue<WithEscapeHatch<"screen" | "auto" | `var(--${string})` | SizeToken | "1/2" | "1/3" | "2/3" | "1/4" | "2/4" | "3/4" | "1/5" | "2/5" | "3/5" | "4/5" | "1/6" | "2/6" | "3/6" | "4/6" | "5/6" | ... 10 more ... | "11/12">> | undefined'.
      Type '"50px !important"' is not assignable to type 'ConditionalValue<WithEscapeHatch<`var(--${string})` | SpacingToken>> | undefined'.
     7 |
     8 |   '& input': { bg: 'transparent', border: 'none !important', pl: '250 !important' },
  >  9 |   '& .mantine-Select-icon': { width: 'inherit !important' },
       |                               ^^^^^
    10 |   '& .mantine-Select-dropdown': { top: '50px !important' },
    11 | });
    12 |


ERROR in src/components/nav/NavSelect.styles.ts:10:35

TS2769: No overload matches this call.
  The last overload gave the following error.
    Type '"inherit !important"' is not assignable to type 'ConditionalValue<WithEscapeHatch<"screen" | "auto" | `var(--${string})` | SizeToken | "1/2" | "1/3" | "2/3" | "1/4" | "2/4" | "3/4" | "1/5" | "2/5" | "3/5" | "4/5" | "1/6" | "2/6" | "3/6" | "4/6" | "5/6" | ... 10 more ... | "11/12">> | undefined'.
      Type '"50px !important"' is not assignable to type 'ConditionalValue<WithEscapeHatch<`var(--${string})` | SpacingToken>> | undefined'.
     8 |   '& input': { bg: 'transparent', border: 'none !important', pl: '250 !important' },
     9 |   '& .mantine-Select-icon': { width: 'inherit !important' },
  > 10 |   '& .mantine-Select-dropdown': { top: '50px !important' },
       |                                   ^^^
    11 | });
    12 |
    13 | export const tooltipStyles = css({


ERROR in src/components/nav/NavSelect.styles.ts:24:3

TS2769: No overload matches this call.
  The last overload gave the following error.
    Type '"18px !important"' is not assignable to type 'ConditionalValue<WithEscapeHatch<`var(--${string})` | SpacingToken>> | undefined'.
    22 |   h: '100 !important',
    23 |   left: '-50 !important',
  > 24 |   top: '18px !important',
       |   ^^^
    25 |   bg: 'surface.popover !important',
    26 | });
    27 |


ERROR in src/components/nav/OrganizationSelect/OrganizationSelect.tsx:128:17

TS2769: No overload matches this call.
  The last overload gave the following error.
    Type '"8px"' is not assignable to type 'ConditionalValue<WithEscapeHatch<`var(--${string})` | RadiusToken>> | undefined'.
    126 |                 h: '200',
    127 |                 // TODO: use design system values when available
  > 128 |                 borderRadius: '8px',
        |                 ^^^^^^^^^^^^
    129 |               })}
    130 |             />
    131 |           </When>


ERROR in src/components/nav/VisibilityButton.tsx:6:3

TS2769: No overload matches this call.
  The last overload gave the following error.
    Type '"background 0.2s ease"' is not assignable to type 'ConditionalValue<WithEscapeHatch<"common" | "opacity" | "transform" | "all" | "background" | `var(--${string})` | "colors" | "shadow">> | undefined'.
      Type '"0.5rem"' is not assignable to type 'ConditionalValue<WithEscapeHatch<`var(--${string})` | RadiusToken>> | undefined'.
        Type '"200"' is not assignable to type 'ConditionalValue<WithEscapeHatch<`var(--${string})` | ZIndexToken>> | undefined'.
    4 | const buttonStyles = css({
    5 |   bg: 'transparent',
  > 6 |   transition: 'background 0.2s ease',
      |   ^^^^^^^^^^
    7 |   _hover: {
    8 |     '& svg': {
    9 |       fill: 'typography.text.secondary',


ERROR in src/components/nav/VisibilityButton.tsx:12:3

TS2769: No overload matches this call.
  The last overload gave the following error.
    Type '"background 0.2s ease"' is not assignable to type 'ConditionalValue<WithEscapeHatch<"common" | "opacity" | "transform" | "all" | "background" | `var(--${string})` | "colors" | "shadow">> | undefined'.
      Type '"0.5rem"' is not assignable to type 'ConditionalValue<WithEscapeHatch<`var(--${string})` | RadiusToken>> | undefined'.
        Type '"200"' is not assignable to type 'ConditionalValue<WithEscapeHatch<`var(--${string})` | ZIndexToken>> | undefined'.
    10 |     },
    11 |   },
  > 12 |   borderRadius: '0.5rem',
       |   ^^^^^^^^^^^^
    13 |   display: 'flex',
    14 |   alignItems: 'center',
    15 |   justifyContent: 'center',


ERROR in src/components/nav/VisibilityButton.tsx:17:3

TS2769: No overload matches this call.
  The last overload gave the following error.
    Type '"background 0.2s ease"' is not assignable to type 'ConditionalValue<WithEscapeHatch<"common" | "opacity" | "transform" | "all" | "background" | `var(--${string})` | "colors" | "shadow">> | undefined'.
      Type '"0.5rem"' is not assignable to type 'ConditionalValue<WithEscapeHatch<`var(--${string})` | RadiusToken>> | undefined'.
        Type '"200"' is not assignable to type 'ConditionalValue<WithEscapeHatch<`var(--${string})` | ZIndexToken>> | undefined'.
    15 |   justifyContent: 'center',
    16 |   cursor: 'pointer',
  > 17 |   zIndex: '200',
       |   ^^^^^^
    18 | });
    19 |
    20 | export interface IVisibilityButtonProps {


ERROR in src/components/shared/ProfileImage.styles.ts:9:3

TS2769: No overload matches this call.
  The last overload gave the following error.
    Type '"0.75rem"' is not assignable to type 'ConditionalValue<WithEscapeHatch<`var(--${string})` | RadiusToken>> | undefined'.
      Type '"4.5rem"' is not assignable to type 'ConditionalValue<WithEscapeHatch<"screen" | "auto" | `var(--${string})` | SizeToken | "1/2" | "1/3" | "2/3" | "1/4" | "2/4" | "3/4" | "1/5" | "2/5" | "3/5" | "4/5" | "1/6" | "2/6" | "3/6" | "4/6" | "5/6" | ... 10 more ... | "11/12">> | undefined'.
        Type '"4.5rem"' is not assignable to type 'ConditionalValue<WithEscapeHatch<"screen" | "auto" | `var(--${string})` | SizeToken | "1/2" | "1/3" | "2/3" | "1/4" | "2/4" | "3/4" | "1/5" | "2/5" | "3/5" | "4/5" | "1/6" | "2/6" | "3/6" | "4/6" | "5/6" | ... 10 more ... | "11/12">> | undefined'.
          Type '"4.5rem"' is not assignable to type 'ConditionalValue<WithEscapeHatch<"screen" | "auto" | `var(--${string})` | SizeToken | "1/2" | "1/3" | "2/3" | "1/4" | "2/4" | "3/4" | "1/5" | "2/5" | "3/5" | "4/5" | "1/6" | "2/6" | "3/6" | "4/6" | "5/6" | "svh" | "lvh" | "dvh">> | undefined'.
            Type '"3rem"' is not assignable to type 'ConditionalValue<WithEscapeHatch<"screen" | "auto" | `var(--${string})` | SizeToken | "1/2" | "1/3" | "2/3" | "1/4" | "2/4" | "3/4" | "1/5" | "2/5" | "3/5" | "4/5" | "1/6" | "2/6" | "3/6" | "4/6" | "5/6" | ... 10 more ... | "11/12">> | undefined'.
              Type '"3rem"' is not assignable to type 'ConditionalValue<WithEscapeHatch<"screen" | "auto" | `var(--${string})` | SizeToken | "1/2" | "1/3" | "2/3" | "1/4" | "2/4" | "3/4" | "1/5" | "2/5" | "3/5" | "4/5" | "1/6" | "2/6" | "3/6" | "4/6" | "5/6" | "svh" | "lvh" | "dvh">> | undefined'.
     7 |     _light: 'legacy.BGLight',
     8 |   },
  >  9 |   borderRadius: '0.75rem',
       |   ^^^^^^^^^^^^
    10 |   position: 'relative',
    11 |   overflow: 'hidden',
    12 |   minWidth: '4.5rem',


ERROR in src/components/shared/ProfileImage.styles.ts:12:3

TS2769: No overload matches this call.
  The last overload gave the following error.
    Type '"0.75rem"' is not assignable to type 'ConditionalValue<WithEscapeHatch<`var(--${string})` | RadiusToken>> | undefined'.
      Type '"4.5rem"' is not assignable to type 'ConditionalValue<WithEscapeHatch<"screen" | "auto" | `var(--${string})` | SizeToken | "1/2" | "1/3" | "2/3" | "1/4" | "2/4" | "3/4" | "1/5" | "2/5" | "3/5" | "4/5" | "1/6" | "2/6" | "3/6" | "4/6" | "5/6" | ... 10 more ... | "11/12">> | undefined'.
        Type '"4.5rem"' is not assignable to type 'ConditionalValue<WithEscapeHatch<"screen" | "auto" | `var(--${string})` | SizeToken | "1/2" | "1/3" | "2/3" | "1/4" | "2/4" | "3/4" | "1/5" | "2/5" | "3/5" | "4/5" | "1/6" | "2/6" | "3/6" | "4/6" | "5/6" | ... 10 more ... | "11/12">> | undefined'.
          Type '"4.5rem"' is not assignable to type 'ConditionalValue<WithEscapeHatch<"screen" | "auto" | `var(--${string})` | SizeToken | "1/2" | "1/3" | "2/3" | "1/4" | "2/4" | "3/4" | "1/5" | "2/5" | "3/5" | "4/5" | "1/6" | "2/6" | "3/6" | "4/6" | "5/6" | "svh" | "lvh" | "dvh">> | undefined'.
            Type '"3rem"' is not assignable to type 'ConditionalValue<WithEscapeHatch<"screen" | "auto" | `var(--${string})` | SizeToken | "1/2" | "1/3" | "2/3" | "1/4" | "2/4" | "3/4" | "1/5" | "2/5" | "3/5" | "4/5" | "1/6" | "2/6" | "3/6" | "4/6" | "5/6" | ... 10 more ... | "11/12">> | undefined'.
              Type '"3rem"' is not assignable to type 'ConditionalValue<WithEscapeHatch<"screen" | "auto" | `var(--${string})` | SizeToken | "1/2" | "1/3" | "2/3" | "1/4" | "2/4" | "3/4" | "1/5" | "2/5" | "3/5" | "4/5" | "1/6" | "2/6" | "3/6" | "4/6" | "5/6" | "svh" | "lvh" | "dvh">> | undefined'.
    10 |   position: 'relative',
    11 |   overflow: 'hidden',
  > 12 |   minWidth: '4.5rem',
       |   ^^^^^^^^
    13 |   width: '4.5rem',
    14 |   height: '4.5rem',
    15 |   display: 'flex',


ERROR in src/components/shared/ProfileImage.styles.ts:13:3

TS2769: No overload matches this call.
  The last overload gave the following error.
    Type '"0.75rem"' is not assignable to type 'ConditionalValue<WithEscapeHatch<`var(--${string})` | RadiusToken>> | undefined'.
      Type '"4.5rem"' is not assignable to type 'ConditionalValue<WithEscapeHatch<"screen" | "auto" | `var(--${string})` | SizeToken | "1/2" | "1/3" | "2/3" | "1/4" | "2/4" | "3/4" | "1/5" | "2/5" | "3/5" | "4/5" | "1/6" | "2/6" | "3/6" | "4/6" | "5/6" | ... 10 more ... | "11/12">> | undefined'.
        Type '"4.5rem"' is not assignable to type 'ConditionalValue<WithEscapeHatch<"screen" | "auto" | `var(--${string})` | SizeToken | "1/2" | "1/3" | "2/3" | "1/4" | "2/4" | "3/4" | "1/5" | "2/5" | "3/5" | "4/5" | "1/6" | "2/6" | "3/6" | "4/6" | "5/6" | ... 10 more ... | "11/12">> | undefined'.
          Type '"4.5rem"' is not assignable to type 'ConditionalValue<WithEscapeHatch<"screen" | "auto" | `var(--${string})` | SizeToken | "1/2" | "1/3" | "2/3" | "1/4" | "2/4" | "3/4" | "1/5" | "2/5" | "3/5" | "4/5" | "1/6" | "2/6" | "3/6" | "4/6" | "5/6" | "svh" | "lvh" | "dvh">> | undefined'.
            Type '"3rem"' is not assignable to type 'ConditionalValue<WithEscapeHatch<"screen" | "auto" | `var(--${string})` | SizeToken | "1/2" | "1/3" | "2/3" | "1/4" | "2/4" | "3/4" | "1/5" | "2/5" | "3/5" | "4/5" | "1/6" | "2/6" | "3/6" | "4/6" | "5/6" | ... 10 more ... | "11/12">> | undefined'.
              Type '"3rem"' is not assignable to type 'ConditionalValue<WithEscapeHatch<"screen" | "auto" | `var(--${string})` | SizeToken | "1/2" | "1/3" | "2/3" | "1/4" | "2/4" | "3/4" | "1/5" | "2/5" | "3/5" | "4/5" | "1/6" | "2/6" | "3/6" | "4/6" | "5/6" | "svh" | "lvh" | "dvh">> | undefined'.
    11 |   overflow: 'hidden',
    12 |   minWidth: '4.5rem',
  > 13 |   width: '4.5rem',
       |   ^^^^^
    14 |   height: '4.5rem',
    15 |   display: 'flex',
    16 |   alignItems: 'center',


ERROR in src/components/shared/ProfileImage.styles.ts:14:3

TS2769: No overload matches this call.
  The last overload gave the following error.
    Type '"0.75rem"' is not assignable to type 'ConditionalValue<WithEscapeHatch<`var(--${string})` | RadiusToken>> | undefined'.
      Type '"4.5rem"' is not assignable to type 'ConditionalValue<WithEscapeHatch<"screen" | "auto" | `var(--${string})` | SizeToken | "1/2" | "1/3" | "2/3" | "1/4" | "2/4" | "3/4" | "1/5" | "2/5" | "3/5" | "4/5" | "1/6" | "2/6" | "3/6" | "4/6" | "5/6" | ... 10 more ... | "11/12">> | undefined'.
        Type '"4.5rem"' is not assignable to type 'ConditionalValue<WithEscapeHatch<"screen" | "auto" | `var(--${string})` | SizeToken | "1/2" | "1/3" | "2/3" | "1/4" | "2/4" | "3/4" | "1/5" | "2/5" | "3/5" | "4/5" | "1/6" | "2/6" | "3/6" | "4/6" | "5/6" | ... 10 more ... | "11/12">> | undefined'.
          Type '"4.5rem"' is not assignable to type 'ConditionalValue<WithEscapeHatch<"screen" | "auto" | `var(--${string})` | SizeToken | "1/2" | "1/3" | "2/3" | "1/4" | "2/4" | "3/4" | "1/5" | "2/5" | "3/5" | "4/5" | "1/6" | "2/6" | "3/6" | "4/6" | "5/6" | "svh" | "lvh" | "dvh">> | undefined'.
            Type '"3rem"' is not assignable to type 'ConditionalValue<WithEscapeHatch<"screen" | "auto" | `var(--${string})` | SizeToken | "1/2" | "1/3" | "2/3" | "1/4" | "2/4" | "3/4" | "1/5" | "2/5" | "3/5" | "4/5" | "1/6" | "2/6" | "3/6" | "4/6" | "5/6" | ... 10 more ... | "11/12">> | undefined'.
              Type '"3rem"' is not assignable to type 'ConditionalValue<WithEscapeHatch<"screen" | "auto" | `var(--${string})` | SizeToken | "1/2" | "1/3" | "2/3" | "1/4" | "2/4" | "3/4" | "1/5" | "2/5" | "3/5" | "4/5" | "1/6" | "2/6" | "3/6" | "4/6" | "5/6" | "svh" | "lvh" | "dvh">> | undefined'.
    12 |   minWidth: '4.5rem',
    13 |   width: '4.5rem',
  > 14 |   height: '4.5rem',
       |   ^^^^^^
    15 |   display: 'flex',
    16 |   alignItems: 'center',
    17 |   justifyContent: 'center',


ERROR in src/components/shared/ProfileImage.styles.ts:21:5

TS2769: No overload matches this call.
  The last overload gave the following error.
    Type '"0.75rem"' is not assignable to type 'ConditionalValue<WithEscapeHatch<`var(--${string})` | RadiusToken>> | undefined'.
      Type '"4.5rem"' is not assignable to type 'ConditionalValue<WithEscapeHatch<"screen" | "auto" | `var(--${string})` | SizeToken | "1/2" | "1/3" | "2/3" | "1/4" | "2/4" | "3/4" | "1/5" | "2/5" | "3/5" | "4/5" | "1/6" | "2/6" | "3/6" | "4/6" | "5/6" | ... 10 more ... | "11/12">> | undefined'.
        Type '"4.5rem"' is not assignable to type 'ConditionalValue<WithEscapeHatch<"screen" | "auto" | `var(--${string})` | SizeToken | "1/2" | "1/3" | "2/3" | "1/4" | "2/4" | "3/4" | "1/5" | "2/5" | "3/5" | "4/5" | "1/6" | "2/6" | "3/6" | "4/6" | "5/6" | ... 10 more ... | "11/12">> | undefined'.
          Type '"4.5rem"' is not assignable to type 'ConditionalValue<WithEscapeHatch<"screen" | "auto" | `var(--${string})` | SizeToken | "1/2" | "1/3" | "2/3" | "1/4" | "2/4" | "3/4" | "1/5" | "2/5" | "3/5" | "4/5" | "1/6" | "2/6" | "3/6" | "4/6" | "5/6" | "svh" | "lvh" | "dvh">> | undefined'.
            Type '"3rem"' is not assignable to type 'ConditionalValue<WithEscapeHatch<"screen" | "auto" | `var(--${string})` | SizeToken | "1/2" | "1/3" | "2/3" | "1/4" | "2/4" | "3/4" | "1/5" | "2/5" | "3/5" | "4/5" | "1/6" | "2/6" | "3/6" | "4/6" | "5/6" | ... 10 more ... | "11/12">> | undefined'.
              Type '"3rem"' is not assignable to type 'ConditionalValue<WithEscapeHatch<"screen" | "auto" | `var(--${string})` | SizeToken | "1/2" | "1/3" | "2/3" | "1/4" | "2/4" | "3/4" | "1/5" | "2/5" | "3/5" | "4/5" | "1/6" | "2/6" | "3/6" | "4/6" | "5/6" | "svh" | "lvh" | "dvh">> | undefined'.
    19 |   '& > img': {
    20 |     // TODO: use token values when available
  > 21 |     width: '3rem',
       |     ^^^^^
    22 |     height: '3rem',
    23 |     objectFit: 'contain',
    24 |   },


ERROR in src/components/shared/ProfileImage.styles.ts:22:5

TS2769: No overload matches this call.
  The last overload gave the following error.
    Type '"0.75rem"' is not assignable to type 'ConditionalValue<WithEscapeHatch<`var(--${string})` | RadiusToken>> | undefined'.
      Type '"4.5rem"' is not assignable to type 'ConditionalValue<WithEscapeHatch<"screen" | "auto" | `var(--${string})` | SizeToken | "1/2" | "1/3" | "2/3" | "1/4" | "2/4" | "3/4" | "1/5" | "2/5" | "3/5" | "4/5" | "1/6" | "2/6" | "3/6" | "4/6" | "5/6" | ... 10 more ... | "11/12">> | undefined'.
        Type '"4.5rem"' is not assignable to type 'ConditionalValue<WithEscapeHatch<"screen" | "auto" | `var(--${string})` | SizeToken | "1/2" | "1/3" | "2/3" | "1/4" | "2/4" | "3/4" | "1/5" | "2/5" | "3/5" | "4/5" | "1/6" | "2/6" | "3/6" | "4/6" | "5/6" | ... 10 more ... | "11/12">> | undefined'.
          Type '"4.5rem"' is not assignable to type 'ConditionalValue<WithEscapeHatch<"screen" | "auto" | `var(--${string})` | SizeToken | "1/2" | "1/3" | "2/3" | "1/4" | "2/4" | "3/4" | "1/5" | "2/5" | "3/5" | "4/5" | "1/6" | "2/6" | "3/6" | "4/6" | "5/6" | "svh" | "lvh" | "dvh">> | undefined'.
            Type '"3rem"' is not assignable to type 'ConditionalValue<WithEscapeHatch<"screen" | "auto" | `var(--${string})` | SizeToken | "1/2" | "1/3" | "2/3" | "1/4" | "2/4" | "3/4" | "1/5" | "2/5" | "3/5" | "4/5" | "1/6" | "2/6" | "3/6" | "4/6" | "5/6" | ... 10 more ... | "11/12">> | undefined'.
              Type '"3rem"' is not assignable to type 'ConditionalValue<WithEscapeHatch<"screen" | "auto" | `var(--${string})` | SizeToken | "1/2" | "1/3" | "2/3" | "1/4" | "2/4" | "3/4" | "1/5" | "2/5" | "3/5" | "4/5" | "1/6" | "2/6" | "3/6" | "4/6" | "5/6" | "svh" | "lvh" | "dvh">> | undefined'.
    20 |     // TODO: use token values when available
    21 |     width: '3rem',
  > 22 |     height: '3rem',
       |     ^^^^^^
    23 |     objectFit: 'contain',
    24 |   },
    25 |


ERROR in src/components/shared/ProfileImage.styles.ts:38:3

TS2769: No overload matches this call.
  The last overload gave the following error.
    Type '"rgba(255, 255, 255, 0.02)"' is not assignable to type 'ConditionalValue<WithEscapeHatch<`var(--${string})` | ColorToken>> | undefined'.
      Type '"blur(2px)"' is not assignable to type 'ConditionalValue<WithEscapeHatch<"auto" | `var(--${string})`>> | undefined'.
        Type '"0.25rem"' is not assignable to type 'ConditionalValue<WithEscapeHatch<`var(--${string})` | SpacingToken>> | undefined'.
          Type '"100%"' is not assignable to type 'ConditionalValue<WithEscapeHatch<"screen" | "auto" | `var(--${string})` | SizeToken | "1/2" | "1/3" | "2/3" | "1/4" | "2/4" | "3/4" | "1/5" | "2/5" | "3/5" | "4/5" | "1/6" | "2/6" | "3/6" | "4/6" | "5/6" | "svh" | "lvh" | "dvh">> | undefined'. Did you mean '"100"'?
            Type '"100%"' is not assignable to type 'ConditionalValue<WithEscapeHatch<"screen" | "auto" | `var(--${string})` | SizeToken | "1/2" | "1/3" | "2/3" | "1/4" | "2/4" | "3/4" | "1/5" | "2/5" | "3/5" | "4/5" | "1/6" | "2/6" | "3/6" | "4/6" | "5/6" | ... 10 more ... | "11/12">> | undefined'. Did you mean '"100"'?
    36 |
    37 | export const imageUploadStyles = css({
  > 38 |   background: 'rgba(255, 255, 255, 0.02)',
       |   ^^^^^^^^^^
    39 |   backdropFilter: 'blur(2px)',
    40 |   position: 'absolute',
    41 |   top: '0',


ERROR in src/components/shared/ProfileImage.styles.ts:39:3

TS2769: No overload matches this call.
  The last overload gave the following error.
    Type '"rgba(255, 255, 255, 0.02)"' is not assignable to type 'ConditionalValue<WithEscapeHatch<`var(--${string})` | ColorToken>> | undefined'.
      Type '"blur(2px)"' is not assignable to type 'ConditionalValue<WithEscapeHatch<"auto" | `var(--${string})`>> | undefined'.
        Type '"0.25rem"' is not assignable to type 'ConditionalValue<WithEscapeHatch<`var(--${string})` | SpacingToken>> | undefined'.
          Type '"100%"' is not assignable to type 'ConditionalValue<WithEscapeHatch<"screen" | "auto" | `var(--${string})` | SizeToken | "1/2" | "1/3" | "2/3" | "1/4" | "2/4" | "3/4" | "1/5" | "2/5" | "3/5" | "4/5" | "1/6" | "2/6" | "3/6" | "4/6" | "5/6" | "svh" | "lvh" | "dvh">> | undefined'. Did you mean '"100"'?
            Type '"100%"' is not assignable to type 'ConditionalValue<WithEscapeHatch<"screen" | "auto" | `var(--${string})` | SizeToken | "1/2" | "1/3" | "2/3" | "1/4" | "2/4" | "3/4" | "1/5" | "2/5" | "3/5" | "4/5" | "1/6" | "2/6" | "3/6" | "4/6" | "5/6" | ... 10 more ... | "11/12">> | undefined'. Did you mean '"100"'?
    37 | export const imageUploadStyles = css({
    38 |   background: 'rgba(255, 255, 255, 0.02)',
  > 39 |   backdropFilter: 'blur(2px)',
       |   ^^^^^^^^^^^^^^
    40 |   position: 'absolute',
    41 |   top: '0',
    42 |   left: '0',


ERROR in src/components/shared/ProfileImage.styles.ts:47:3

TS2769: No overload matches this call.
  The last overload gave the following error.
    Type '"rgba(255, 255, 255, 0.02)"' is not assignable to type 'ConditionalValue<WithEscapeHatch<`var(--${string})` | ColorToken>> | undefined'.
      Type '"blur(2px)"' is not assignable to type 'ConditionalValue<WithEscapeHatch<"auto" | `var(--${string})`>> | undefined'.
        Type '"0.25rem"' is not assignable to type 'ConditionalValue<WithEscapeHatch<`var(--${string})` | SpacingToken>> | undefined'.
          Type '"100%"' is not assignable to type 'ConditionalValue<WithEscapeHatch<"screen" | "auto" | `var(--${string})` | SizeToken | "1/2" | "1/3" | "2/3" | "1/4" | "2/4" | "3/4" | "1/5" | "2/5" | "3/5" | "4/5" | "1/6" | "2/6" | "3/6" | "4/6" | "5/6" | "svh" | "lvh" | "dvh">> | undefined'. Did you mean '"100"'?
            Type '"100%"' is not assignable to type 'ConditionalValue<WithEscapeHatch<"screen" | "auto" | `var(--${string})` | SizeToken | "1/2" | "1/3" | "2/3" | "1/4" | "2/4" | "3/4" | "1/5" | "2/5" | "3/5" | "4/5" | "1/6" | "2/6" | "3/6" | "4/6" | "5/6" | ... 10 more ... | "11/12">> | undefined'. Did you mean '"100"'?
    45 |   alignItems: 'center',
    46 |   justifyContent: 'center',
  > 47 |   gap: '0.25rem',
       |   ^^^
    48 |   height: '100%',
    49 |   width: '100%',
    50 |   cursor: 'pointer',


ERROR in src/components/shared/ProfileImage.styles.ts:48:3

TS2769: No overload matches this call.
  The last overload gave the following error.
    Type '"rgba(255, 255, 255, 0.02)"' is not assignable to type 'ConditionalValue<WithEscapeHatch<`var(--${string})` | ColorToken>> | undefined'.
      Type '"blur(2px)"' is not assignable to type 'ConditionalValue<WithEscapeHatch<"auto" | `var(--${string})`>> | undefined'.
        Type '"0.25rem"' is not assignable to type 'ConditionalValue<WithEscapeHatch<`var(--${string})` | SpacingToken>> | undefined'.
          Type '"100%"' is not assignable to type 'ConditionalValue<WithEscapeHatch<"screen" | "auto" | `var(--${string})` | SizeToken | "1/2" | "1/3" | "2/3" | "1/4" | "2/4" | "3/4" | "1/5" | "2/5" | "3/5" | "4/5" | "1/6" | "2/6" | "3/6" | "4/6" | "5/6" | "svh" | "lvh" | "dvh">> | undefined'. Did you mean '"100"'?
            Type '"100%"' is not assignable to type 'ConditionalValue<WithEscapeHatch<"screen" | "auto" | `var(--${string})` | SizeToken | "1/2" | "1/3" | "2/3" | "1/4" | "2/4" | "3/4" | "1/5" | "2/5" | "3/5" | "4/5" | "1/6" | "2/6" | "3/6" | "4/6" | "5/6" | ... 10 more ... | "11/12">> | undefined'. Did you mean '"100"'?
    46 |   justifyContent: 'center',
    47 |   gap: '0.25rem',
  > 48 |   height: '100%',
       |   ^^^^^^
    49 |   width: '100%',
    50 |   cursor: 'pointer',
    51 |   color: 'typography.text.main',


ERROR in src/components/shared/ProfileImage.styles.ts:49:3

TS2769: No overload matches this call.
  The last overload gave the following error.
    Type '"rgba(255, 255, 255, 0.02)"' is not assignable to type 'ConditionalValue<WithEscapeHatch<`var(--${string})` | ColorToken>> | undefined'.
      Type '"blur(2px)"' is not assignable to type 'ConditionalValue<WithEscapeHatch<"auto" | `var(--${string})`>> | undefined'.
        Type '"0.25rem"' is not assignable to type 'ConditionalValue<WithEscapeHatch<`var(--${string})` | SpacingToken>> | undefined'.
          Type '"100%"' is not assignable to type 'ConditionalValue<WithEscapeHatch<"screen" | "auto" | `var(--${string})` | SizeToken | "1/2" | "1/3" | "2/3" | "1/4" | "2/4" | "3/4" | "1/5" | "2/5" | "3/5" | "4/5" | "1/6" | "2/6" | "3/6" | "4/6" | "5/6" | "svh" | "lvh" | "dvh">> | undefined'. Did you mean '"100"'?
            Type '"100%"' is not assignable to type 'ConditionalValue<WithEscapeHatch<"screen" | "auto" | `var(--${string})` | SizeToken | "1/2" | "1/3" | "2/3" | "1/4" | "2/4" | "3/4" | "1/5" | "2/5" | "3/5" | "4/5" | "1/6" | "2/6" | "3/6" | "4/6" | "5/6" | ... 10 more ... | "11/12">> | undefined'. Did you mean '"100"'?
    47 |   gap: '0.25rem',
    48 |   height: '100%',
  > 49 |   width: '100%',
       |   ^^^^^
    50 |   cursor: 'pointer',
    51 |   color: 'typography.text.main',
    52 |


ERROR in src/components/Timeline/Timeline.styles.ts:21:5

TS2769: No overload matches this call.
  The last overload gave the following error.
    Type '"1.5rem !important"' is not assignable to type 'ConditionalValue<WithEscapeHatch<`var(--${string})` | LineHeightToken>> | undefined'.
    19 |     fontWeight: 'strong !important',
    20 |     color: 'typography.text.main !important',
  > 21 |     lineHeight: '1.5rem !important',
       |     ^^^^^^^^^^
    22 |   }),
    23 |   itemBullet: cx(
    24 |     css({


ERROR in src/components/Timeline/Timeline.styles.ts:45:5

TS2769: No overload matches this call.
  The last overload gave the following error.
    Type '"1.25rem"' is not assignable to type 'ConditionalValue<WithEscapeHatch<`var(--${string})` | LineHeightToken>> | undefined'.
    43 |   ),
    44 |   itemBody: css({
  > 45 |     lineHeight: '1.25rem',
       |     ^^^^^^^^^^
    46 |     color: 'typography.text.secondary',
    47 |   }),
    48 |


ERROR in src/components/Timeline/Timeline.styles.ts:51:5

TS2769: No overload matches this call.
  The last overload gave the following error.
    Type 'number' is not assignable to type 'ConditionalValue<WithEscapeHatch<`var(--${string})` | OpacityToken>> | undefined'.
      Type '"400px"' is not assignable to type 'ConditionalValue<WithEscapeHatch<"screen" | "auto" | `var(--${string})` | SizeToken | "1/2" | "1/3" | "2/3" | "1/4" | "2/4" | "3/4" | "1/5" | "2/5" | "3/5" | "4/5" | "1/6" | "2/6" | "3/6" | "4/6" | "5/6" | "svh" | "lvh" | "dvh">> | undefined'.
    49 |   itemContent: css({
    50 |     display: 'block',
  > 51 |     opacity: 1,
       |     ^^^^^^^
    52 |     maxHeight: '400px',
    53 |   }),
    54 | };


ERROR in src/components/Timeline/Timeline.styles.ts:52:5

TS2769: No overload matches this call.
  The last overload gave the following error.
    Type 'number' is not assignable to type 'ConditionalValue<WithEscapeHatch<`var(--${string})` | OpacityToken>> | undefined'.
      Type '"400px"' is not assignable to type 'ConditionalValue<WithEscapeHatch<"screen" | "auto" | `var(--${string})` | SizeToken | "1/2" | "1/3" | "2/3" | "1/4" | "2/4" | "3/4" | "1/5" | "2/5" | "3/5" | "4/5" | "1/6" | "2/6" | "3/6" | "4/6" | "5/6" | "svh" | "lvh" | "dvh">> | undefined'.
    50 |     display: 'block',
    51 |     opacity: 1,
  > 52 |     maxHeight: '400px',
       |     ^^^^^^^^^
    53 |   }),
    54 | };
    55 |


ERROR in src/components/workflow_v2/StepEditorComponent.tsx:47:28

TS2769: No overload matches this call.
  The last overload gave the following error.
    Type '"0" | "-40px"' is not assignable to type 'ConditionalValue<WithEscapeHatch<"auto" | SpacingToken | `var(--${string})`>> | undefined'.
      Type '"-40px"' is not assignable to type 'ConditionalValue<WithEscapeHatch<"auto" | SpacingToken | `var(--${string})`>> | undefined'.
    45 |           onChange={onControlsChange}
    46 |           defaultControls={defaultControls}
  > 47 |           className={css({ marginTop: source === 'playground' ? '-40px' : '0' })}
       |                            ^^^^^^^^^
    48 |           onSave={onControlsSave}
    49 |           isLoadingSave={isSavingControls}
    50 |         />


ERROR in src/components/workflow/preview/ErrorPrettyRender.tsx:29:9

TS2769: No overload matches this call.
  The last overload gave the following error.
    Type '"100%"' is not assignable to type 'ConditionalValue<WithEscapeHatch<"screen" | "auto" | `var(--${string})` | SizeToken | "1/2" | "1/3" | "2/3" | "1/4" | "2/4" | "3/4" | "1/5" | "2/5" | "3/5" | "4/5" | "1/6" | "2/6" | "3/6" | "4/6" | "5/6" | ... 10 more ... | "11/12">> | undefined'. Did you mean '"100"'?
    27 |         border: 'solid',
    28 |         borderColor: 'input.border.error',
  > 29 |         width: '100%',
       |         ^^^^^
    30 |         borderRadius: 'input',
    31 |         my: 'margins.layout.tabs.bottom',
    32 |         p: '125',


ERROR in src/components/workflow/preview/ErrorPrettyRender.tsx:39:34

TS2322: Type '"inherit"' is not assignable to type 'ConditionalValue<WithEscapeHatch<`var(--${string})` | ColorToken>> | undefined'.
    37 |       </Center>
    38 |
  > 39 |       <Text textAlign={'center'} color={'inherit'}>
       |                                  ^^^^^
    40 |         {error.message || 'Error while rendering'}
    41 |       </Text>
    42 |


ERROR in src/components/workflow/preview/ErrorPrettyRender.tsx:54:21

TS2322: Type '"inherit"' is not assignable to type 'ConditionalValue<WithEscapeHatch<`var(--${string})` | ColorToken>> | undefined'.
    52 |               })}
    53 |             >
  > 54 |               <Text color="inherit">See more</Text>
       |                     ^^^^^
    55 |               <>
    56 |                 {isExpanded ? (
    57 |                   <IconExpandLess title="expand-less-section-icon" color="inherit" />


ERROR in src/components/workflow/preview/in-app/v2/InboxAvatar.tsx:21:11

TS2769: No overload matches this call.
  The last overload gave the following error.
    Type '"2rem"' is not assignable to type 'ConditionalValue<WithEscapeHatch<"screen" | "auto" | `var(--${string})` | SizeToken | "1/2" | "1/3" | "2/3" | "1/4" | "2/4" | "3/4" | "1/5" | "2/5" | "3/5" | "4/5" | "1/6" | "2/6" | "3/6" | "4/6" | "5/6" | ... 10 more ... | "11/12">> | undefined'.
      Type '"2rem"' is not assignable to type 'ConditionalValue<WithEscapeHatch<"screen" | "auto" | `var(--${string})` | SizeToken | "1/2" | "1/3" | "2/3" | "1/4" | "2/4" | "3/4" | "1/5" | "2/5" | "3/5" | "4/5" | "1/6" | "2/6" | "3/6" | "4/6" | "5/6" | "svh" | "lvh" | "dvh">> | undefined'.
    19 |           backgroundSize: 'contain',
    20 |           backgroundRepeat: 'no-repeat',
  > 21 |           width: '2rem',
       |           ^^^^^
    22 |           height: '2rem',
    23 |         })}
    24 |         onError={handleError}


ERROR in src/components/workflow/preview/in-app/v2/InboxAvatar.tsx:22:11

TS2769: No overload matches this call.
  The last overload gave the following error.
    Type '"2rem"' is not assignable to type 'ConditionalValue<WithEscapeHatch<"screen" | "auto" | `var(--${string})` | SizeToken | "1/2" | "1/3" | "2/3" | "1/4" | "2/4" | "3/4" | "1/5" | "2/5" | "3/5" | "4/5" | "1/6" | "2/6" | "3/6" | "4/6" | "5/6" | ... 10 more ... | "11/12">> | undefined'.
      Type '"2rem"' is not assignable to type 'ConditionalValue<WithEscapeHatch<"screen" | "auto" | `var(--${string})` | SizeToken | "1/2" | "1/3" | "2/3" | "1/4" | "2/4" | "3/4" | "1/5" | "2/5" | "3/5" | "4/5" | "1/6" | "2/6" | "3/6" | "4/6" | "5/6" | "svh" | "lvh" | "dvh">> | undefined'.
    20 |           backgroundRepeat: 'no-repeat',
    21 |           width: '2rem',
  > 22 |           height: '2rem',
       |           ^^^^^^
    23 |         })}
    24 |         onError={handleError}
    25 |         alt="avatar"


ERROR in src/components/workflow/preview/in-app/v2/InboxAvatar.tsx:37:9

TS2769: No overload matches this call.
  The last overload gave the following error.
    Type '"#292933"' is not assignable to type 'ConditionalValue<WithEscapeHatch<`var(--${string})` | ColorToken>> | undefined'.
      Type '"2rem"' is not assignable to type 'ConditionalValue<WithEscapeHatch<"screen" | "auto" | `var(--${string})` | SizeToken | "1/2" | "1/3" | "2/3" | "1/4" | "2/4" | "3/4" | "1/5" | "2/5" | "3/5" | "4/5" | "1/6" | "2/6" | "3/6" | "4/6" | "5/6" | ... 10 more ... | "11/12">> | undefined'.
        Type '"2rem"' is not assignable to type 'ConditionalValue<WithEscapeHatch<"screen" | "auto" | `var(--${string})` | SizeToken | "1/2" | "1/3" | "2/3" | "1/4" | "2/4" | "3/4" | "1/5" | "2/5" | "3/5" | "4/5" | "1/6" | "2/6" | "3/6" | "4/6" | "5/6" | "svh" | "lvh" | "dvh">> | undefined'.
    35 |         alignItems: 'center',
    36 |         borderRadius: 'm',
  > 37 |         bgColor: INBOX_TOKENS['semantic/color/neutral/90'],
       |         ^^^^^^^
    38 |         width: '2rem',
    39 |         height: '2rem',
    40 |       })}


ERROR in src/components/workflow/preview/in-app/v2/InboxAvatar.tsx:38:9

TS2769: No overload matches this call.
  The last overload gave the following error.
    Type '"#292933"' is not assignable to type 'ConditionalValue<WithEscapeHatch<`var(--${string})` | ColorToken>> | undefined'.
      Type '"2rem"' is not assignable to type 'ConditionalValue<WithEscapeHatch<"screen" | "auto" | `var(--${string})` | SizeToken | "1/2" | "1/3" | "2/3" | "1/4" | "2/4" | "3/4" | "1/5" | "2/5" | "3/5" | "4/5" | "1/6" | "2/6" | "3/6" | "4/6" | "5/6" | ... 10 more ... | "11/12">> | undefined'.
        Type '"2rem"' is not assignable to type 'ConditionalValue<WithEscapeHatch<"screen" | "auto" | `var(--${string})` | SizeToken | "1/2" | "1/3" | "2/3" | "1/4" | "2/4" | "3/4" | "1/5" | "2/5" | "3/5" | "4/5" | "1/6" | "2/6" | "3/6" | "4/6" | "5/6" | "svh" | "lvh" | "dvh">> | undefined'.
    36 |         borderRadius: 'm',
    37 |         bgColor: INBOX_TOKENS['semantic/color/neutral/90'],
  > 38 |         width: '2rem',
       |         ^^^^^
    39 |         height: '2rem',
    40 |       })}
    41 |     >


ERROR in src/components/workflow/preview/in-app/v2/InboxAvatar.tsx:39:9

TS2769: No overload matches this call.
  The last overload gave the following error.
    Type '"#292933"' is not assignable to type 'ConditionalValue<WithEscapeHatch<`var(--${string})` | ColorToken>> | undefined'.
      Type '"2rem"' is not assignable to type 'ConditionalValue<WithEscapeHatch<"screen" | "auto" | `var(--${string})` | SizeToken | "1/2" | "1/3" | "2/3" | "1/4" | "2/4" | "3/4" | "1/5" | "2/5" | "3/5" | "4/5" | "1/6" | "2/6" | "3/6" | "4/6" | "5/6" | ... 10 more ... | "11/12">> | undefined'.
        Type '"2rem"' is not assignable to type 'ConditionalValue<WithEscapeHatch<"screen" | "auto" | `var(--${string})` | SizeToken | "1/2" | "1/3" | "2/3" | "1/4" | "2/4" | "3/4" | "1/5" | "2/5" | "3/5" | "4/5" | "1/6" | "2/6" | "3/6" | "4/6" | "5/6" | "svh" | "lvh" | "dvh">> | undefined'.
    37 |         bgColor: INBOX_TOKENS['semantic/color/neutral/90'],
    38 |         width: '2rem',
  > 39 |         height: '2rem',
       |         ^^^^^^
    40 |       })}
    41 |     >
    42 |       <IconPerson />


ERROR in src/components/workflow/preview/in-app/v2/InboxPreviewContent.tsx:39:11

TS2820: Type '"typography.text.primary"' is not assignable to type 'ConditionalValue<WithEscapeHatch<`var(--${string})` | ColorToken>> | undefined'. Did you mean '"typography.text.tertiary"'?
    37 |           variant="main"
    38 |           fontWeight="strong"
  > 39 |           color="typography.text.primary"
       |           ^^^^^
    40 |           children={token.content}
    41 |           as="strong"
    42 |           key={index}


ERROR in src/components/workflow/preview/in-app/v2/InboxPreviewContent.tsx:66:9

TS2769: No overload matches this call.
  The last overload gave the following error.
    Type '"1.25rem"' is not assignable to type 'ConditionalValue<WithEscapeHatch<`var(--${string})` | SpacingToken>> | undefined'.
      Type '"1.5rem"' is not assignable to type 'ConditionalValue<WithEscapeHatch<`var(--${string})` | SpacingToken>> | undefined'.
        Type '"32.5rem"' is not assignable to type 'ConditionalValue<WithEscapeHatch<"screen" | "auto" | `var(--${string})` | SizeToken | "1/2" | "1/3" | "2/3" | "1/4" | "2/4" | "3/4" | "1/5" | "2/5" | "3/5" | "4/5" | "1/6" | "2/6" | "3/6" | "4/6" | "5/6" | "svh" | "lvh" | "dvh">> | undefined'.
    64 |         borderRadius: '150',
    65 |         bgColor: 'surface.popover',
  > 66 |         py: INBOX_TOKENS['Inbox/paddings/header/vertical'],
       |         ^^
    67 |         px: INBOX_TOKENS['Inbox/paddings/header/horizontal'],
    68 |         h: '32.5rem',
    69 |       })}


ERROR in src/components/workflow/preview/in-app/v2/InboxPreviewContent.tsx:67:9

TS2769: No overload matches this call.
  The last overload gave the following error.
    Type '"1.25rem"' is not assignable to type 'ConditionalValue<WithEscapeHatch<`var(--${string})` | SpacingToken>> | undefined'.
      Type '"1.5rem"' is not assignable to type 'ConditionalValue<WithEscapeHatch<`var(--${string})` | SpacingToken>> | undefined'.
        Type '"32.5rem"' is not assignable to type 'ConditionalValue<WithEscapeHatch<"screen" | "auto" | `var(--${string})` | SizeToken | "1/2" | "1/3" | "2/3" | "1/4" | "2/4" | "3/4" | "1/5" | "2/5" | "3/5" | "4/5" | "1/6" | "2/6" | "3/6" | "4/6" | "5/6" | "svh" | "lvh" | "dvh">> | undefined'.
    65 |         bgColor: 'surface.popover',
    66 |         py: INBOX_TOKENS['Inbox/paddings/header/vertical'],
  > 67 |         px: INBOX_TOKENS['Inbox/paddings/header/horizontal'],
       |         ^^
    68 |         h: '32.5rem',
    69 |       })}
    70 |     >


ERROR in src/components/workflow/preview/in-app/v2/InboxPreviewContent.tsx:68:9

TS2769: No overload matches this call.
  The last overload gave the following error.
    Type '"1.25rem"' is not assignable to type 'ConditionalValue<WithEscapeHatch<`var(--${string})` | SpacingToken>> | undefined'.
      Type '"1.5rem"' is not assignable to type 'ConditionalValue<WithEscapeHatch<`var(--${string})` | SpacingToken>> | undefined'.
        Type '"32.5rem"' is not assignable to type 'ConditionalValue<WithEscapeHatch<"screen" | "auto" | `var(--${string})` | SizeToken | "1/2" | "1/3" | "2/3" | "1/4" | "2/4" | "3/4" | "1/5" | "2/5" | "3/5" | "4/5" | "1/6" | "2/6" | "3/6" | "4/6" | "5/6" | "svh" | "lvh" | "dvh">> | undefined'.
    66 |         py: INBOX_TOKENS['Inbox/paddings/header/vertical'],
    67 |         px: INBOX_TOKENS['Inbox/paddings/header/horizontal'],
  > 68 |         h: '32.5rem',
       |         ^
    69 |       })}
    70 |     >
    71 |       {/* Header -  Inbox dropdown and settings icon section */}


ERROR in src/components/workflow/preview/in-app/v2/InboxPreviewContent.tsx:77:11

TS2769: No overload matches this call.
  The last overload gave the following error.
    Type '"1.25rem"' is not assignable to type 'ConditionalValue<WithEscapeHatch<`var(--${string})` | SpacingToken>> | undefined'.
    75 |           alignItems: 'center',
    76 |           alignSelf: 'stretch',
  > 77 |           paddingBottom: INBOX_TOKENS['Inbox/paddings/header/vertical'],
       |           ^^^^^^^^^^^^^
    78 |         })}
    79 |       >
    80 |         <HStack gap={8}>


ERROR in src/components/workflow/preview/in-app/v2/InboxPreviewContent.tsx:80:17

TS2322: Type 'number' is not assignable to type 'ConditionalValue<WithEscapeHatch<`var(--${string})` | SpacingToken>> | undefined'.
    78 |         })}
    79 |       >
  > 80 |         <HStack gap={8}>
       |                 ^^^
    81 |           <Title variant="section">Inbox</Title>
    82 |           <IconArrowDropDown />
    83 |         </HStack>


ERROR in src/components/workflow/preview/in-app/v2/InboxPreviewContent.tsx:84:17

TS2322: Type 'number' is not assignable to type 'ConditionalValue<WithEscapeHatch<`var(--${string})` | SpacingToken>> | undefined'.
    82 |           <IconArrowDropDown />
    83 |         </HStack>
  > 84 |         <HStack gap={8}>
       |                 ^^^
    85 |           <IconMoreHoriz />
    86 |           <IconSettings />
    87 |         </HStack>


ERROR in src/components/workflow/preview/in-app/v2/InboxPreviewContent.tsx:92:9

TS2322: Type 'number' is not assignable to type 'ConditionalValue<WithEscapeHatch<`var(--${string})` | SpacingToken>> | undefined'.
    90 |       {/* Feed tabs section */}
    91 |       <HStack
  > 92 |         gap={28}
       |         ^^^
    93 |         className={css({
    94 |           borderColor: INBOX_TOKENS['Inbox/whiteLabel/divider'],
    95 |           borderBottom: 'solid',


ERROR in src/components/workflow/preview/in-app/v2/InboxPreviewContent.tsx:94:11

TS2769: No overload matches this call.
  The last overload gave the following error.
    Type '"#2E2E32"' is not assignable to type 'ConditionalValue<WithEscapeHatch<`var(--${string})` | ColorToken>> | undefined'.
      Type '"1"' is not assignable to type 'ConditionalValue<WithEscapeHatch<`var(--${string})` | BorderWidthToken>> | undefined'.
        Type '"2rem"' is not assignable to type 'ConditionalValue<WithEscapeHatch<"screen" | "auto" | `var(--${string})` | SizeToken | "1/2" | "1/3" | "2/3" | "1/4" | "2/4" | "3/4" | "1/5" | "2/5" | "3/5" | "4/5" | "1/6" | "2/6" | "3/6" | "4/6" | "5/6" | "svh" | "lvh" | "dvh">> | undefined'.
    92 |         gap={28}
    93 |         className={css({
  > 94 |           borderColor: INBOX_TOKENS['Inbox/whiteLabel/divider'],
       |           ^^^^^^^^^^^
    95 |           borderBottom: 'solid',
    96 |           borderBottomWidth: '1',
    97 |           alignSelf: 'stretch',


ERROR in src/components/workflow/preview/in-app/v2/InboxPreviewContent.tsx:96:11

TS2769: No overload matches this call.
  The last overload gave the following error.
    Type '"#2E2E32"' is not assignable to type 'ConditionalValue<WithEscapeHatch<`var(--${string})` | ColorToken>> | undefined'.
      Type '"1"' is not assignable to type 'ConditionalValue<WithEscapeHatch<`var(--${string})` | BorderWidthToken>> | undefined'.
        Type '"2rem"' is not assignable to type 'ConditionalValue<WithEscapeHatch<"screen" | "auto" | `var(--${string})` | SizeToken | "1/2" | "1/3" | "2/3" | "1/4" | "2/4" | "3/4" | "1/5" | "2/5" | "3/5" | "4/5" | "1/6" | "2/6" | "3/6" | "4/6" | "5/6" | "svh" | "lvh" | "dvh">> | undefined'.
    94 |           borderColor: INBOX_TOKENS['Inbox/whiteLabel/divider'],
    95 |           borderBottom: 'solid',
  > 96 |           borderBottomWidth: '1',
       |           ^^^^^^^^^^^^^^^^^
    97 |           alignSelf: 'stretch',
    98 |           height: '2rem',
    99 |         })}


ERROR in src/components/workflow/preview/in-app/v2/InboxPreviewContent.tsx:98:11

TS2769: No overload matches this call.
  The last overload gave the following error.
    Type '"#2E2E32"' is not assignable to type 'ConditionalValue<WithEscapeHatch<`var(--${string})` | ColorToken>> | undefined'.
      Type '"1"' is not assignable to type 'ConditionalValue<WithEscapeHatch<`var(--${string})` | BorderWidthToken>> | undefined'.
        Type '"2rem"' is not assignable to type 'ConditionalValue<WithEscapeHatch<"screen" | "auto" | `var(--${string})` | SizeToken | "1/2" | "1/3" | "2/3" | "1/4" | "2/4" | "3/4" | "1/5" | "2/5" | "3/5" | "4/5" | "1/6" | "2/6" | "3/6" | "4/6" | "5/6" | "svh" | "lvh" | "dvh">> | undefined'.
     96 |           borderBottomWidth: '1',
     97 |           alignSelf: 'stretch',
  >  98 |           height: '2rem',
        |           ^^^^^^
     99 |         })}
    100 |         alignItems="flex-start"
    101 |       >


ERROR in src/components/workflow/preview/in-app/v2/InboxPreviewContent.tsx:103:11

TS2322: Type 'number' is not assignable to type 'ConditionalValue<WithEscapeHatch<`var(--${string})` | SpacingToken>> | undefined'.
    101 |       >
    102 |         <Flex
  > 103 |           gap={8}
        |           ^^^
    104 |           className={css({
    105 |             position: 'relative',
    106 |             alignSelf: 'stretch',


ERROR in src/components/workflow/preview/in-app/v2/InboxPreviewContent.tsx:113:15

TS2769: No overload matches this call.
  The last overload gave the following error.
    Type 'number' is not assignable to type 'ConditionalValue<WithEscapeHatch<`var(--${string})` | SpacingToken>> | undefined'.
      Type '"100%"' is not assignable to type 'ConditionalValue<WithEscapeHatch<"screen" | "auto" | `var(--${string})` | SizeToken | "1/2" | "1/3" | "2/3" | "1/4" | "2/4" | "3/4" | "1/5" | "2/5" | "3/5" | "4/5" | "1/6" | "2/6" | "3/6" | "4/6" | "5/6" | ... 10 more ... | "11/12">> | undefined'. Did you mean '"100"'?
        Type '"0.125rem"' is not assignable to type 'ConditionalValue<WithEscapeHatch<"screen" | "auto" | `var(--${string})` | SizeToken | "1/2" | "1/3" | "2/3" | "1/4" | "2/4" | "3/4" | "1/5" | "2/5" | "3/5" | "4/5" | "1/6" | "2/6" | "3/6" | "4/6" | "5/6" | "svh" | "lvh" | "dvh">> | undefined'.
          Type 'number' is not assignable to type 'ConditionalValue<WithEscapeHatch<`var(--${string})` | ZIndexToken>> | undefined'.
    111 |               content: '""',
    112 |               position: 'absolute',
  > 113 |               bottom: 0,
        |               ^^^^^^
    114 |               w: '100%',
    115 |               h: '0.125rem',
    116 |               zIndex: 1,


ERROR in src/components/workflow/preview/in-app/v2/InboxPreviewContent.tsx:114:15

TS2769: No overload matches this call.
  The last overload gave the following error.
    Type 'number' is not assignable to type 'ConditionalValue<WithEscapeHatch<`var(--${string})` | SpacingToken>> | undefined'.
      Type '"100%"' is not assignable to type 'ConditionalValue<WithEscapeHatch<"screen" | "auto" | `var(--${string})` | SizeToken | "1/2" | "1/3" | "2/3" | "1/4" | "2/4" | "3/4" | "1/5" | "2/5" | "3/5" | "4/5" | "1/6" | "2/6" | "3/6" | "4/6" | "5/6" | ... 10 more ... | "11/12">> | undefined'. Did you mean '"100"'?
        Type '"0.125rem"' is not assignable to type 'ConditionalValue<WithEscapeHatch<"screen" | "auto" | `var(--${string})` | SizeToken | "1/2" | "1/3" | "2/3" | "1/4" | "2/4" | "3/4" | "1/5" | "2/5" | "3/5" | "4/5" | "1/6" | "2/6" | "3/6" | "4/6" | "5/6" | "svh" | "lvh" | "dvh">> | undefined'.
          Type 'number' is not assignable to type 'ConditionalValue<WithEscapeHatch<`var(--${string})` | ZIndexToken>> | undefined'.
    112 |               position: 'absolute',
    113 |               bottom: 0,
  > 114 |               w: '100%',
        |               ^
    115 |               h: '0.125rem',
    116 |               zIndex: 1,
    117 |             },


ERROR in src/components/workflow/preview/in-app/v2/InboxPreviewContent.tsx:115:15

TS2769: No overload matches this call.
  The last overload gave the following error.
    Type 'number' is not assignable to type 'ConditionalValue<WithEscapeHatch<`var(--${string})` | SpacingToken>> | undefined'.
      Type '"100%"' is not assignable to type 'ConditionalValue<WithEscapeHatch<"screen" | "auto" | `var(--${string})` | SizeToken | "1/2" | "1/3" | "2/3" | "1/4" | "2/4" | "3/4" | "1/5" | "2/5" | "3/5" | "4/5" | "1/6" | "2/6" | "3/6" | "4/6" | "5/6" | ... 10 more ... | "11/12">> | undefined'. Did you mean '"100"'?
        Type '"0.125rem"' is not assignable to type 'ConditionalValue<WithEscapeHatch<"screen" | "auto" | `var(--${string})` | SizeToken | "1/2" | "1/3" | "2/3" | "1/4" | "2/4" | "3/4" | "1/5" | "2/5" | "3/5" | "4/5" | "1/6" | "2/6" | "3/6" | "4/6" | "5/6" | "svh" | "lvh" | "dvh">> | undefined'.
          Type 'number' is not assignable to type 'ConditionalValue<WithEscapeHatch<`var(--${string})` | ZIndexToken>> | undefined'.
    113 |               bottom: 0,
    114 |               w: '100%',
  > 115 |               h: '0.125rem',
        |               ^
    116 |               zIndex: 1,
    117 |             },
    118 |           })}


ERROR in src/components/workflow/preview/in-app/v2/InboxPreviewContent.tsx:116:15

TS2769: No overload matches this call.
  The last overload gave the following error.
    Type 'number' is not assignable to type 'ConditionalValue<WithEscapeHatch<`var(--${string})` | SpacingToken>> | undefined'.
      Type '"100%"' is not assignable to type 'ConditionalValue<WithEscapeHatch<"screen" | "auto" | `var(--${string})` | SizeToken | "1/2" | "1/3" | "2/3" | "1/4" | "2/4" | "3/4" | "1/5" | "2/5" | "3/5" | "4/5" | "1/6" | "2/6" | "3/6" | "4/6" | "5/6" | ... 10 more ... | "11/12">> | undefined'. Did you mean '"100"'?
        Type '"0.125rem"' is not assignable to type 'ConditionalValue<WithEscapeHatch<"screen" | "auto" | `var(--${string})` | SizeToken | "1/2" | "1/3" | "2/3" | "1/4" | "2/4" | "3/4" | "1/5" | "2/5" | "3/5" | "4/5" | "1/6" | "2/6" | "3/6" | "4/6" | "5/6" | "svh" | "lvh" | "dvh">> | undefined'.
          Type 'number' is not assignable to type 'ConditionalValue<WithEscapeHatch<`var(--${string})` | ZIndexToken>> | undefined'.
    114 |               w: '100%',
    115 |               h: '0.125rem',
  > 116 |               zIndex: 1,
        |               ^^^^^^
    117 |             },
    118 |           })}
    119 |         >


ERROR in src/components/workflow/preview/in-app/v2/InboxPreviewContent.tsx:129:17

TS2769: No overload matches this call.
  The last overload gave the following error.
    Type '"0 0.375rem"' is not assignable to type 'ConditionalValue<WithEscapeHatch<`var(--${string})` | SpacingToken>> | undefined'.
    127 |                 justifyContent: 'center',
    128 |                 alignItems: 'center',
  > 129 |                 padding: '0 0.375rem',
        |                 ^^^^^^^
    130 |                 borderRadius: 'circle',
    131 |                 bgGradient: 'to-r',
    132 |                 gradientFrom: 'colorPalette.start',


ERROR in src/components/workflow/preview/in-app/v2/InboxPreviewContent.tsx:155:11

TS2322: Type '"1rem"' is not assignable to type 'ConditionalValue<WithEscapeHatch<`var(--${string})` | SpacingToken>> | undefined'.
    153 |       {isPreviewLoading ? (
    154 |         <Flex
  > 155 |           paddingBlock={INBOX_TOKENS['Inbox/paddings/message/vertical']}
        |           ^^^^^^^^^^^^
    156 |           gap={INBOX_TOKENS['Inbox/margin/message/avatar/txt']}
    157 |           alignSelf="stretch"
    158 |           flexGrow={1}


ERROR in src/components/workflow/preview/in-app/v2/InboxPreviewContent.tsx:156:11

TS2322: Type '"0.5rem"' is not assignable to type 'ConditionalValue<WithEscapeHatch<`var(--${string})` | SpacingToken>> | undefined'.
    154 |         <Flex
    155 |           paddingBlock={INBOX_TOKENS['Inbox/paddings/message/vertical']}
  > 156 |           gap={INBOX_TOKENS['Inbox/margin/message/avatar/txt']}
        |           ^^^
    157 |           alignSelf="stretch"
    158 |           flexGrow={1}
    159 |         >


ERROR in src/components/workflow/preview/in-app/v2/InboxPreviewContent.tsx:165:11

TS2322: Type '"1rem"' is not assignable to type 'ConditionalValue<WithEscapeHatch<`var(--${string})` | SpacingToken>> | undefined'.
    163 |       ) : (
    164 |         <Flex
  > 165 |           paddingBlock={INBOX_TOKENS['Inbox/paddings/message/vertical']}
        |           ^^^^^^^^^^^^
    166 |           gap={INBOX_TOKENS['Inbox/margin/message/avatar/txt']}
    167 |           alignSelf="stretch"
    168 |           flexGrow={1}


ERROR in src/components/workflow/preview/in-app/v2/InboxPreviewContent.tsx:166:11

TS2322: Type '"0.5rem"' is not assignable to type 'ConditionalValue<WithEscapeHatch<`var(--${string})` | SpacingToken>> | undefined'.
    164 |         <Flex
    165 |           paddingBlock={INBOX_TOKENS['Inbox/paddings/message/vertical']}
  > 166 |           gap={INBOX_TOKENS['Inbox/margin/message/avatar/txt']}
        |           ^^^
    167 |           alignSelf="stretch"
    168 |           flexGrow={1}
    169 |         >


ERROR in src/components/workflow/preview/in-app/v2/InboxPreviewContent.tsx:173:15

TS2769: No overload matches this call.
  The last overload gave the following error.
    Type '"0.5rem"' is not assignable to type 'ConditionalValue<WithEscapeHatch<"screen" | "auto" | `var(--${string})` | SizeToken | "1/2" | "1/3" | "2/3" | "1/4" | "2/4" | "3/4" | "1/5" | "2/5" | "3/5" | "4/5" | "1/6" | "2/6" | "3/6" | "4/6" | "5/6" | ... 10 more ... | "11/12">> | undefined'.
      Type '"0.5rem"' is not assignable to type 'ConditionalValue<WithEscapeHatch<"screen" | "auto" | `var(--${string})` | SizeToken | "1/2" | "1/3" | "2/3" | "1/4" | "2/4" | "3/4" | "1/5" | "2/5" | "3/5" | "4/5" | "1/6" | "2/6" | "3/6" | "4/6" | "5/6" | "svh" | "lvh" | "dvh">> | undefined'.
        Type '"#369EFF"' is not assignable to type 'ConditionalValue<WithEscapeHatch<`var(--${string})` | ColorToken>> | undefined'.
          Type '"0.125rem"' is not assignable to type 'ConditionalValue<WithEscapeHatch<"auto" | `var(--${string})` | SpacingToken>> | undefined'.
    171 |           <span
    172 |             className={css({
  > 173 |               w: '0.5rem',
        |               ^
    174 |               h: '0.5rem',
    175 |               bgColor: '#369EFF',
    176 |               borderRadius: 'circle',


ERROR in src/components/workflow/preview/in-app/v2/InboxPreviewContent.tsx:174:15

TS2769: No overload matches this call.
  The last overload gave the following error.
    Type '"0.5rem"' is not assignable to type 'ConditionalValue<WithEscapeHatch<"screen" | "auto" | `var(--${string})` | SizeToken | "1/2" | "1/3" | "2/3" | "1/4" | "2/4" | "3/4" | "1/5" | "2/5" | "3/5" | "4/5" | "1/6" | "2/6" | "3/6" | "4/6" | "5/6" | ... 10 more ... | "11/12">> | undefined'.
      Type '"0.5rem"' is not assignable to type 'ConditionalValue<WithEscapeHatch<"screen" | "auto" | `var(--${string})` | SizeToken | "1/2" | "1/3" | "2/3" | "1/4" | "2/4" | "3/4" | "1/5" | "2/5" | "3/5" | "4/5" | "1/6" | "2/6" | "3/6" | "4/6" | "5/6" | "svh" | "lvh" | "dvh">> | undefined'.
        Type '"#369EFF"' is not assignable to type 'ConditionalValue<WithEscapeHatch<`var(--${string})` | ColorToken>> | undefined'.
          Type '"0.125rem"' is not assignable to type 'ConditionalValue<WithEscapeHatch<"auto" | `var(--${string})` | SpacingToken>> | undefined'.
    172 |             className={css({
    173 |               w: '0.5rem',
  > 174 |               h: '0.5rem',
        |               ^
    175 |               bgColor: '#369EFF',
    176 |               borderRadius: 'circle',
    177 |               mt: '0.125rem',


ERROR in src/components/workflow/preview/in-app/v2/InboxPreviewContent.tsx:175:15

TS2769: No overload matches this call.
  The last overload gave the following error.
    Type '"0.5rem"' is not assignable to type 'ConditionalValue<WithEscapeHatch<"screen" | "auto" | `var(--${string})` | SizeToken | "1/2" | "1/3" | "2/3" | "1/4" | "2/4" | "3/4" | "1/5" | "2/5" | "3/5" | "4/5" | "1/6" | "2/6" | "3/6" | "4/6" | "5/6" | ... 10 more ... | "11/12">> | undefined'.
      Type '"0.5rem"' is not assignable to type 'ConditionalValue<WithEscapeHatch<"screen" | "auto" | `var(--${string})` | SizeToken | "1/2" | "1/3" | "2/3" | "1/4" | "2/4" | "3/4" | "1/5" | "2/5" | "3/5" | "4/5" | "1/6" | "2/6" | "3/6" | "4/6" | "5/6" | "svh" | "lvh" | "dvh">> | undefined'.
        Type '"#369EFF"' is not assignable to type 'ConditionalValue<WithEscapeHatch<`var(--${string})` | ColorToken>> | undefined'.
          Type '"0.125rem"' is not assignable to type 'ConditionalValue<WithEscapeHatch<"auto" | `var(--${string})` | SpacingToken>> | undefined'.
    173 |               w: '0.5rem',
    174 |               h: '0.5rem',
  > 175 |               bgColor: '#369EFF',
        |               ^^^^^^^
    176 |               borderRadius: 'circle',
    177 |               mt: '0.125rem',
    178 |             })}


ERROR in src/components/workflow/preview/in-app/v2/InboxPreviewContent.tsx:177:15

TS2769: No overload matches this call.
  The last overload gave the following error.
    Type '"0.5rem"' is not assignable to type 'ConditionalValue<WithEscapeHatch<"screen" | "auto" | `var(--${string})` | SizeToken | "1/2" | "1/3" | "2/3" | "1/4" | "2/4" | "3/4" | "1/5" | "2/5" | "3/5" | "4/5" | "1/6" | "2/6" | "3/6" | "4/6" | "5/6" | ... 10 more ... | "11/12">> | undefined'.
      Type '"0.5rem"' is not assignable to type 'ConditionalValue<WithEscapeHatch<"screen" | "auto" | `var(--${string})` | SizeToken | "1/2" | "1/3" | "2/3" | "1/4" | "2/4" | "3/4" | "1/5" | "2/5" | "3/5" | "4/5" | "1/6" | "2/6" | "3/6" | "4/6" | "5/6" | "svh" | "lvh" | "dvh">> | undefined'.
        Type '"#369EFF"' is not assignable to type 'ConditionalValue<WithEscapeHatch<`var(--${string})` | ColorToken>> | undefined'.
          Type '"0.125rem"' is not assignable to type 'ConditionalValue<WithEscapeHatch<"auto" | `var(--${string})` | SpacingToken>> | undefined'.
    175 |               bgColor: '#369EFF',
    176 |               borderRadius: 'circle',
  > 177 |               mt: '0.125rem',
        |               ^^
    178 |             })}
    179 |           />
    180 |


ERROR in src/components/workflow/preview/in-app/v2/InboxPreviewContent.tsx:184:18

TS2322: Type '"1rem"' is not assignable to type 'ConditionalValue<WithEscapeHatch<`var(--${string})` | SpacingToken>> | undefined'.
    182 |           {parsedPreviewState.avatar ? <InboxAvatar src={parsedPreviewState.avatar} /> : null}
    183 |           {/* Message Section */}
  > 184 |           <Stack gap={INBOX_TOKENS['Inbox/margin/message/txt/buttons']} flexGrow={1}>
        |                  ^^^
    185 |             <Stack gap="0.25rem">
    186 |               <HStack justifyContent="space-between">
    187 |                 <Text variant="main">{renderText(parsedPreviewState.subject)}</Text>


ERROR in src/components/workflow/preview/in-app/v2/InboxPreviewContent.tsx:185:20

TS2322: Type '"0.25rem"' is not assignable to type 'ConditionalValue<WithEscapeHatch<`var(--${string})` | SpacingToken>> | undefined'.
    183 |           {/* Message Section */}
    184 |           <Stack gap={INBOX_TOKENS['Inbox/margin/message/txt/buttons']} flexGrow={1}>
  > 185 |             <Stack gap="0.25rem">
        |                    ^^^
    186 |               <HStack justifyContent="space-between">
    187 |                 <Text variant="main">{renderText(parsedPreviewState.subject)}</Text>
    188 |


ERROR in src/components/workflow/preview/in-app/v2/InboxPreviewContent.tsx:198:21

TS2322: Type '"1rem"' is not assignable to type 'ConditionalValue<WithEscapeHatch<`var(--${string})` | SpacingToken>> | undefined'.
    196 |             {/* Actions Section */}
    197 |             {parsedPreviewState.ctaButtons && parsedPreviewState.ctaButtons.length > 0 ? (
  > 198 |               <Flex gap={INBOX_TOKENS['semantic/margins/buttons/S/S']}>
        |                     ^^^
    199 |                 {parsedPreviewState.ctaButtons.map((button, index) => (
    200 |                   <button key={index} className={actionButtonRecipe({ type: button.type })}>
    201 |                     {button.content}


ERROR in src/components/workflow/preview/in-app/v2/InboxPreviewContent.tsx:211:15

TS2322: Type '"0.25rem"' is not assignable to type 'ConditionalValue<WithEscapeHatch<`var(--${string})` | SpacingToken>> | undefined'.
    209 |
    210 |       {/* Footer */}
  > 211 |       <Center gap="0.25rem" alignSelf="stretch" mt="auto">
        |               ^^^
    212 |         <img
    213 |           src={`/static/images/novu-gray.svg`}
    214 |           className={css({


ERROR in src/components/workflow/preview/in-app/v2/InboxPreviewContent.tsx:215:13

TS2769: No overload matches this call.
  The last overload gave the following error.
    Type '"0.75rem"' is not assignable to type 'ConditionalValue<WithEscapeHatch<"screen" | "auto" | `var(--${string})` | SizeToken | "1/2" | "1/3" | "2/3" | "1/4" | "2/4" | "3/4" | "1/5" | "2/5" | "3/5" | "4/5" | "1/6" | "2/6" | "3/6" | "4/6" | "5/6" | "svh" | "lvh" | "dvh">> | undefined'.
      Type '"0.75rem"' is not assignable to type 'ConditionalValue<WithEscapeHatch<"screen" | "auto" | `var(--${string})` | SizeToken | "1/2" | "1/3" | "2/3" | "1/4" | "2/4" | "3/4" | "1/5" | "2/5" | "3/5" | "4/5" | "1/6" | "2/6" | "3/6" | "4/6" | "5/6" | ... 10 more ... | "11/12">> | undefined'.
    213 |           src={`/static/images/novu-gray.svg`}
    214 |           className={css({
  > 215 |             h: '0.75rem',
        |             ^
    216 |             w: '0.75rem',
    217 |             borderRadius: 'circle',
    218 |           })}


ERROR in src/components/workflow/preview/in-app/v2/InboxPreviewContent.tsx:216:13

TS2769: No overload matches this call.
  The last overload gave the following error.
    Type '"0.75rem"' is not assignable to type 'ConditionalValue<WithEscapeHatch<"screen" | "auto" | `var(--${string})` | SizeToken | "1/2" | "1/3" | "2/3" | "1/4" | "2/4" | "3/4" | "1/5" | "2/5" | "3/5" | "4/5" | "1/6" | "2/6" | "3/6" | "4/6" | "5/6" | "svh" | "lvh" | "dvh">> | undefined'.
      Type '"0.75rem"' is not assignable to type 'ConditionalValue<WithEscapeHatch<"screen" | "auto" | `var(--${string})` | SizeToken | "1/2" | "1/3" | "2/3" | "1/4" | "2/4" | "3/4" | "1/5" | "2/5" | "3/5" | "4/5" | "1/6" | "2/6" | "3/6" | "4/6" | "5/6" | ... 10 more ... | "11/12">> | undefined'.
    214 |           className={css({
    215 |             h: '0.75rem',
  > 216 |             w: '0.75rem',
        |             ^
    217 |             borderRadius: 'circle',
    218 |           })}
    219 |         />


ERROR in src/components/workflow/preview/in-app/v2/InboxPreviewContent.tsx:228:12

TS2322: Type '"0.75rem"' is not assignable to type 'ConditionalValue<WithEscapeHatch<`var(--${string})` | SpacingToken>> | undefined'.
    226 | const Skeletons = () => {
    227 |   return (
  > 228 |     <Stack gap="0.75rem" w="100%">
        |            ^^^
    229 |       <Stack gap={5}>
    230 |         <SkeletonStyled height={14} width="35%" radius={4} />
    231 |         <SkeletonStyled height={14} width="70%" radius={4} />


ERROR in src/components/workflow/preview/in-app/v2/InboxPreviewContent.tsx:228:26

TS2820: Type '"100%"' is not assignable to type 'ConditionalValue<WithEscapeHatch<"screen" | "auto" | `var(--${string})` | SizeToken | "1/2" | "1/3" | "2/3" | "1/4" | "2/4" | "3/4" | "1/5" | "2/5" | "3/5" | "4/5" | "1/6" | "2/6" | "3/6" | "4/6" | "5/6" | ... 10 more ... | "11/12">> | undefined'. Did you mean '"100"'?
    226 | const Skeletons = () => {
    227 |   return (
  > 228 |     <Stack gap="0.75rem" w="100%">
        |                          ^
    229 |       <Stack gap={5}>
    230 |         <SkeletonStyled height={14} width="35%" radius={4} />
    231 |         <SkeletonStyled height={14} width="70%" radius={4} />


ERROR in src/components/workflow/preview/in-app/v2/InboxPreviewContent.tsx:229:14

TS2322: Type 'number' is not assignable to type 'ConditionalValue<WithEscapeHatch<`var(--${string})` | SpacingToken>> | undefined'.
    227 |   return (
    228 |     <Stack gap="0.75rem" w="100%">
  > 229 |       <Stack gap={5}>
        |              ^^^
    230 |         <SkeletonStyled height={14} width="35%" radius={4} />
    231 |         <SkeletonStyled height={14} width="70%" radius={4} />
    232 |       </Stack>


ERROR in src/components/workflow/preview/in-app/v2/InboxPreviewContent.tsx:243:5

TS2322: Type '"0 0.75rem"' is not assignable to type 'ConditionalValue<WithEscapeHatch<`var(--${string})` | SpacingToken>> | undefined'.
    241 |     justifyContent: 'center',
    242 |     alignItems: 'center',
  > 243 |     padding: '0 0.75rem',
        |     ^^^^^^^
    244 |     borderRadius: 'm',
    245 |     color: 'white',
    246 |     cursor: 'pointer',


ERROR in src/components/workflow/preview/in-app/v2/InboxPreviewContent.tsx:245:5

TS2322: Type '"white"' is not assignable to type 'ConditionalValue<WithEscapeHatch<`var(--${string})` | ColorToken>> | undefined'.
    243 |     padding: '0 0.75rem',
    244 |     borderRadius: 'm',
  > 245 |     color: 'white',
        |     ^^^^^
    246 |     cursor: 'pointer',
    247 |     height: '2rem',
    248 |   },


ERROR in src/components/workflow/preview/in-app/v2/InboxPreviewContent.tsx:247:5

TS2322: Type '"2rem"' is not assignable to type 'ConditionalValue<WithEscapeHatch<"screen" | "auto" | `var(--${string})` | SizeToken | "1/2" | "1/3" | "2/3" | "1/4" | "2/4" | "3/4" | "1/5" | "2/5" | "3/5" | "4/5" | "1/6" | "2/6" | "3/6" | "4/6" | "5/6" | "svh" | "lvh" | "dvh">> | undefined'.
    245 |     color: 'white',
    246 |     cursor: 'pointer',
  > 247 |     height: '2rem',
        |     ^^^^^^
    248 |   },
    249 |   variants: {
    250 |     type: {


ERROR in src/components/workflow/preview/in-app/v2/InboxPreviewContent.tsx:249:3

TS2322: Type '{ type: { primary: { bgColor: "#369EFF"; }; secondary: { bgColor: "#2E2E32"; }; }; }' is not assignable to type 'RecipeVariantRecord'.
  Property 'type' is incompatible with index signature.
    Type '{ primary: { bgColor: "#369EFF"; }; secondary: { bgColor: "#2E2E32"; }; }' is not assignable to type 'Record<any, SystemStyleObject>'.
      Property 'primary' is incompatible with index signature.
        Type '{ bgColor: "#369EFF"; }' is not assignable to type 'SystemStyleObject'.
          Types of property 'bgColor' are incompatible.
            Type '"#369EFF"' is not assignable to type 'ConditionalValue<WithEscapeHatch<`var(--${string})` | ColorToken>> | undefined'.
    247 |     height: '2rem',
    248 |   },
  > 249 |   variants: {
        |   ^^^^^^^^
    250 |     type: {
    251 |       primary: {
    252 |         bgColor: INBOX_TOKENS['Inbox/whiteLabel/buttons/accent/normal'],


ERROR in src/ee/billing/components/ActivePlanBanner.tsx:69:29

TS2820: Type '"typography.text.primary"' is not assignable to type 'ConditionalValue<WithEscapeHatch<`var(--${string})` | ColorToken>> | undefined'. Did you mean '"typography.text.tertiary"'?
    67 |         <div className={styles.eventsCount}>
    68 |           <Text className={styles.eventsLabel}>
  > 69 |             <Text as="span" color="typography.text.primary" className={styles.eventsNumber} style={{ color }}>
       |                             ^^^^^
    70 |               {currentEvents?.toLocaleString()}
    71 |             </Text>{' '}
    72 |             events used between {formatDate(currentPeriodStart || '2024')} and {formatDate(currentPeriodEnd || '2024')}.


ERROR in src/ee/billing/components/ActivePlanBanner.tsx:77:33

TS2322: Type '"12px"' is not assignable to type 'ConditionalValue<WithEscapeHatch<`var(--${string})` | FontSizeToken>> | undefined'.
    75 |       </div>
    76 |       <UsageProgress apiServiceLevel={apiServiceLevel} currentEvents={currentEvents} maxEvents={maxEvents} />
  > 77 |       <Text variant="secondary" fontSize="12px" color="typography.text.secondary">
       |                                 ^^^^^^^^
    78 |         Updates every hour
    79 |       </Text>
    80 |     </div>


ERROR in src/ee/billing/components/ActivePlanBanner.tsx:93:35

TS2322: Type '"12px"' is not assignable to type 'ConditionalValue<WithEscapeHatch<`var(--${string})` | FontSizeToken>> | undefined'.
    91 |       <PlanActionButton selectedBillingInterval={selectedBillingInterval} />
    92 |       {status === 'trialing' && trial.end && (
  > 93 |         <Text variant="secondary" fontSize="12px" color="typography.text.secondary">
       |                                   ^^^^^^^^
    94 |           Trial ends on {formatDate(trial.end)}
    95 |         </Text>
    96 |       )}


ERROR in src/ee/billing/components/ActivePlanBanner.tsx:131:5

TS2769: No overload matches this call.
  The last overload gave the following error.
    Type '"16px"' is not assignable to type 'ConditionalValue<WithEscapeHatch<`var(--${string})` | SpacingToken>> | undefined'.
    129 |     flexDirection: 'column',
    130 |     alignItems: 'flex-start',
  > 131 |     gap: '16px',
        |     ^^^
    132 |     alignSelf: 'stretch',
    133 |   }),
    134 |   banner: css({


ERROR in src/ee/billing/components/ActivePlanBanner.tsx:136:5

TS2769: No overload matches this call.
  The last overload gave the following error.
    Type '"100%"' is not assignable to type 'ConditionalValue<WithEscapeHatch<"screen" | "auto" | `var(--${string})` | SizeToken | "1/2" | "1/3" | "2/3" | "1/4" | "2/4" | "3/4" | "1/5" | "2/5" | "3/5" | "4/5" | "1/6" | "2/6" | "3/6" | "4/6" | "5/6" | ... 10 more ... | "11/12">> | undefined'. Did you mean '"100"'?
      Type '"24px"' is not assignable to type 'ConditionalValue<WithEscapeHatch<`var(--${string})` | SpacingToken>> | undefined'.
        Type '"16px"' is not assignable to type 'ConditionalValue<WithEscapeHatch<`var(--${string})` | RadiusToken>> | undefined'.
          Type '"0px 5px 20px 0px rgba(0, 0, 0, 0.2)"' is not assignable to type 'ConditionalValue<WithEscapeHatch<`var(--${string})` | ShadowToken>> | undefined'.
            Type '"24px"' is not assignable to type 'ConditionalValue<WithEscapeHatch<"auto" | `var(--${string})` | SpacingToken>> | undefined'.
    134 |   banner: css({
    135 |     display: 'flex',
  > 136 |     width: '100%',
        |     ^^^^^
    137 |     padding: '24px',
    138 |     alignItems: 'flex-start',
    139 |     borderRadius: '16px',


ERROR in src/ee/billing/components/ActivePlanBanner.tsx:137:5

TS2769: No overload matches this call.
  The last overload gave the following error.
    Type '"100%"' is not assignable to type 'ConditionalValue<WithEscapeHatch<"screen" | "auto" | `var(--${string})` | SizeToken | "1/2" | "1/3" | "2/3" | "1/4" | "2/4" | "3/4" | "1/5" | "2/5" | "3/5" | "4/5" | "1/6" | "2/6" | "3/6" | "4/6" | "5/6" | ... 10 more ... | "11/12">> | undefined'. Did you mean '"100"'?
      Type '"24px"' is not assignable to type 'ConditionalValue<WithEscapeHatch<`var(--${string})` | SpacingToken>> | undefined'.
        Type '"16px"' is not assignable to type 'ConditionalValue<WithEscapeHatch<`var(--${string})` | RadiusToken>> | undefined'.
          Type '"0px 5px 20px 0px rgba(0, 0, 0, 0.2)"' is not assignable to type 'ConditionalValue<WithEscapeHatch<`var(--${string})` | ShadowToken>> | undefined'.
            Type '"24px"' is not assignable to type 'ConditionalValue<WithEscapeHatch<"auto" | `var(--${string})` | SpacingToken>> | undefined'.
    135 |     display: 'flex',
    136 |     width: '100%',
  > 137 |     padding: '24px',
        |     ^^^^^^^
    138 |     alignItems: 'flex-start',
    139 |     borderRadius: '16px',
    140 |     background: 'surface.panel',


ERROR in src/ee/billing/components/ActivePlanBanner.tsx:139:5

TS2769: No overload matches this call.
  The last overload gave the following error.
    Type '"100%"' is not assignable to type 'ConditionalValue<WithEscapeHatch<"screen" | "auto" | `var(--${string})` | SizeToken | "1/2" | "1/3" | "2/3" | "1/4" | "2/4" | "3/4" | "1/5" | "2/5" | "3/5" | "4/5" | "1/6" | "2/6" | "3/6" | "4/6" | "5/6" | ... 10 more ... | "11/12">> | undefined'. Did you mean '"100"'?
      Type '"24px"' is not assignable to type 'ConditionalValue<WithEscapeHatch<`var(--${string})` | SpacingToken>> | undefined'.
        Type '"16px"' is not assignable to type 'ConditionalValue<WithEscapeHatch<`var(--${string})` | RadiusToken>> | undefined'.
          Type '"0px 5px 20px 0px rgba(0, 0, 0, 0.2)"' is not assignable to type 'ConditionalValue<WithEscapeHatch<`var(--${string})` | ShadowToken>> | undefined'.
            Type '"24px"' is not assignable to type 'ConditionalValue<WithEscapeHatch<"auto" | `var(--${string})` | SpacingToken>> | undefined'.
    137 |     padding: '24px',
    138 |     alignItems: 'flex-start',
  > 139 |     borderRadius: '16px',
        |     ^^^^^^^^^^^^
    140 |     background: 'surface.panel',
    141 |     boxShadow: '0px 5px 20px 0px rgba(0, 0, 0, 0.2)',
    142 |     marginBottom: '24px',


ERROR in src/ee/billing/components/ActivePlanBanner.tsx:141:5

TS2769: No overload matches this call.
  The last overload gave the following error.
    Type '"100%"' is not assignable to type 'ConditionalValue<WithEscapeHatch<"screen" | "auto" | `var(--${string})` | SizeToken | "1/2" | "1/3" | "2/3" | "1/4" | "2/4" | "3/4" | "1/5" | "2/5" | "3/5" | "4/5" | "1/6" | "2/6" | "3/6" | "4/6" | "5/6" | ... 10 more ... | "11/12">> | undefined'. Did you mean '"100"'?
      Type '"24px"' is not assignable to type 'ConditionalValue<WithEscapeHatch<`var(--${string})` | SpacingToken>> | undefined'.
        Type '"16px"' is not assignable to type 'ConditionalValue<WithEscapeHatch<`var(--${string})` | RadiusToken>> | undefined'.
          Type '"0px 5px 20px 0px rgba(0, 0, 0, 0.2)"' is not assignable to type 'ConditionalValue<WithEscapeHatch<`var(--${string})` | ShadowToken>> | undefined'.
            Type '"24px"' is not assignable to type 'ConditionalValue<WithEscapeHatch<"auto" | `var(--${string})` | SpacingToken>> | undefined'.
    139 |     borderRadius: '16px',
    140 |     background: 'surface.panel',
  > 141 |     boxShadow: '0px 5px 20px 0px rgba(0, 0, 0, 0.2)',
        |     ^^^^^^^^^
    142 |     marginBottom: '24px',
    143 |   }),
    144 |   content: css({


ERROR in src/ee/billing/components/ActivePlanBanner.tsx:142:5

TS2769: No overload matches this call.
  The last overload gave the following error.
    Type '"100%"' is not assignable to type 'ConditionalValue<WithEscapeHatch<"screen" | "auto" | `var(--${string})` | SizeToken | "1/2" | "1/3" | "2/3" | "1/4" | "2/4" | "3/4" | "1/5" | "2/5" | "3/5" | "4/5" | "1/6" | "2/6" | "3/6" | "4/6" | "5/6" | ... 10 more ... | "11/12">> | undefined'. Did you mean '"100"'?
      Type '"24px"' is not assignable to type 'ConditionalValue<WithEscapeHatch<`var(--${string})` | SpacingToken>> | undefined'.
        Type '"16px"' is not assignable to type 'ConditionalValue<WithEscapeHatch<`var(--${string})` | RadiusToken>> | undefined'.
          Type '"0px 5px 20px 0px rgba(0, 0, 0, 0.2)"' is not assignable to type 'ConditionalValue<WithEscapeHatch<`var(--${string})` | ShadowToken>> | undefined'.
            Type '"24px"' is not assignable to type 'ConditionalValue<WithEscapeHatch<"auto" | `var(--${string})` | SpacingToken>> | undefined'.
    140 |     background: 'surface.panel',
    141 |     boxShadow: '0px 5px 20px 0px rgba(0, 0, 0, 0.2)',
  > 142 |     marginBottom: '24px',
        |     ^^^^^^^^^^^^
    143 |   }),
    144 |   content: css({
    145 |     display: 'flex',


ERROR in src/ee/billing/components/ActivePlanBanner.tsx:148:5

TS2769: No overload matches this call.
  The last overload gave the following error.
    Type '"24px"' is not assignable to type 'ConditionalValue<WithEscapeHatch<`var(--${string})` | SpacingToken>> | undefined'.
      Type '"1 0 0"' is not assignable to type 'ConditionalValue<WithEscapeHatch<"1" | "initial" | "none" | "auto" | `var(--${string})`>> | undefined'.
    146 |     flexDirection: 'column',
    147 |     alignItems: 'flex-start',
  > 148 |     gap: '24px',
        |     ^^^
    149 |     flex: '1 0 0',
    150 |   }),
    151 |   header: css({


ERROR in src/ee/billing/components/ActivePlanBanner.tsx:149:5

TS2769: No overload matches this call.
  The last overload gave the following error.
    Type '"24px"' is not assignable to type 'ConditionalValue<WithEscapeHatch<`var(--${string})` | SpacingToken>> | undefined'.
      Type '"1 0 0"' is not assignable to type 'ConditionalValue<WithEscapeHatch<"1" | "initial" | "none" | "auto" | `var(--${string})`>> | undefined'.
    147 |     alignItems: 'flex-start',
    148 |     gap: '24px',
  > 149 |     flex: '1 0 0',
        |     ^^^^
    150 |   }),
    151 |   header: css({
    152 |     display: 'flex',


ERROR in src/ee/billing/components/ActivePlanBanner.tsx:154:5

TS2769: No overload matches this call.
  The last overload gave the following error.
    Type '"8px"' is not assignable to type 'ConditionalValue<WithEscapeHatch<`var(--${string})` | SpacingToken>> | undefined'.
    152 |     display: 'flex',
    153 |     alignItems: 'center',
  > 154 |     gap: '8px',
        |     ^^^
    155 |   }),
    156 |   trialBadge: (theme: MantineTheme) =>
    157 |     css({


ERROR in src/ee/billing/components/ActivePlanBanner.tsx:159:7

TS2769: No overload matches this call.
  The last overload gave the following error.
    Type '"#2E2E32 !important" | "#e9e8eaff !important"' is not assignable to type 'ConditionalValue<WithEscapeHatch<`var(--${string})` | ColorToken>> | undefined'.
      Type '"#2E2E32 !important"' is not assignable to type 'ConditionalValue<WithEscapeHatch<`var(--${string})` | ColorToken>> | undefined'.
        Type '"2px 8px !important"' is not assignable to type 'ConditionalValue<WithEscapeHatch<`var(--${string})` | SpacingToken>> | undefined'.
          Type '"#7E7D86" | "#86848dff"' is not assignable to type 'ConditionalValue<WithEscapeHatch<`var(--${string})` | ColorToken>> | undefined'.
            Type '"#7E7D86"' is not assignable to type 'ConditionalValue<WithEscapeHatch<`var(--${string})` | ColorToken>> | undefined'.
              Type '"12px !important"' is not assignable to type 'ConditionalValue<WithEscapeHatch<`var(--${string})` | FontSizeToken>> | undefined'.
    157 |     css({
    158 |       // TODO: replace with 'mauve.80' color token when legacy tokens are removed
  > 159 |       background: theme.colorScheme === 'dark' ? '#2E2E32 !important' : '#e9e8eaff !important',
        |       ^^^^^^^^^^
    160 |       padding: '2px 8px !important',
    161 |       color: theme.colorScheme === 'dark' ? '#7E7D86' : '#86848dff',
    162 |       fontSize: '12px !important',


ERROR in src/ee/billing/components/ActivePlanBanner.tsx:160:7

TS2769: No overload matches this call.
  The last overload gave the following error.
    Type '"#2E2E32 !important" | "#e9e8eaff !important"' is not assignable to type 'ConditionalValue<WithEscapeHatch<`var(--${string})` | ColorToken>> | undefined'.
      Type '"#2E2E32 !important"' is not assignable to type 'ConditionalValue<WithEscapeHatch<`var(--${string})` | ColorToken>> | undefined'.
        Type '"2px 8px !important"' is not assignable to type 'ConditionalValue<WithEscapeHatch<`var(--${string})` | SpacingToken>> | undefined'.
          Type '"#7E7D86" | "#86848dff"' is not assignable to type 'ConditionalValue<WithEscapeHatch<`var(--${string})` | ColorToken>> | undefined'.
            Type '"#7E7D86"' is not assignable to type 'ConditionalValue<WithEscapeHatch<`var(--${string})` | ColorToken>> | undefined'.
              Type '"12px !important"' is not assignable to type 'ConditionalValue<WithEscapeHatch<`var(--${string})` | FontSizeToken>> | undefined'.
    158 |       // TODO: replace with 'mauve.80' color token when legacy tokens are removed
    159 |       background: theme.colorScheme === 'dark' ? '#2E2E32 !important' : '#e9e8eaff !important',
  > 160 |       padding: '2px 8px !important',
        |       ^^^^^^^
    161 |       color: theme.colorScheme === 'dark' ? '#7E7D86' : '#86848dff',
    162 |       fontSize: '12px !important',
    163 |     }),


ERROR in src/ee/billing/components/ActivePlanBanner.tsx:161:7

TS2769: No overload matches this call.
  The last overload gave the following error.
    Type '"#2E2E32 !important" | "#e9e8eaff !important"' is not assignable to type 'ConditionalValue<WithEscapeHatch<`var(--${string})` | ColorToken>> | undefined'.
      Type '"#2E2E32 !important"' is not assignable to type 'ConditionalValue<WithEscapeHatch<`var(--${string})` | ColorToken>> | undefined'.
        Type '"2px 8px !important"' is not assignable to type 'ConditionalValue<WithEscapeHatch<`var(--${string})` | SpacingToken>> | undefined'.
          Type '"#7E7D86" | "#86848dff"' is not assignable to type 'ConditionalValue<WithEscapeHatch<`var(--${string})` | ColorToken>> | undefined'.
            Type '"#7E7D86"' is not assignable to type 'ConditionalValue<WithEscapeHatch<`var(--${string})` | ColorToken>> | undefined'.
              Type '"12px !important"' is not assignable to type 'ConditionalValue<WithEscapeHatch<`var(--${string})` | FontSizeToken>> | undefined'.
    159 |       background: theme.colorScheme === 'dark' ? '#2E2E32 !important' : '#e9e8eaff !important',
    160 |       padding: '2px 8px !important',
  > 161 |       color: theme.colorScheme === 'dark' ? '#7E7D86' : '#86848dff',
        |       ^^^^^
    162 |       fontSize: '12px !important',
    163 |     }),
    164 |   daysLeft: css({


ERROR in src/ee/billing/components/ActivePlanBanner.tsx:162:7

TS2769: No overload matches this call.
  The last overload gave the following error.
    Type '"#2E2E32 !important" | "#e9e8eaff !important"' is not assignable to type 'ConditionalValue<WithEscapeHatch<`var(--${string})` | ColorToken>> | undefined'.
      Type '"#2E2E32 !important"' is not assignable to type 'ConditionalValue<WithEscapeHatch<`var(--${string})` | ColorToken>> | undefined'.
        Type '"2px 8px !important"' is not assignable to type 'ConditionalValue<WithEscapeHatch<`var(--${string})` | SpacingToken>> | undefined'.
          Type '"#7E7D86" | "#86848dff"' is not assignable to type 'ConditionalValue<WithEscapeHatch<`var(--${string})` | ColorToken>> | undefined'.
            Type '"#7E7D86"' is not assignable to type 'ConditionalValue<WithEscapeHatch<`var(--${string})` | ColorToken>> | undefined'.
              Type '"12px !important"' is not assignable to type 'ConditionalValue<WithEscapeHatch<`var(--${string})` | FontSizeToken>> | undefined'.
    160 |       padding: '2px 8px !important',
    161 |       color: theme.colorScheme === 'dark' ? '#7E7D86' : '#86848dff',
  > 162 |       fontSize: '12px !important',
        |       ^^^^^^^^
    163 |     }),
    164 |   daysLeft: css({
    165 |     display: 'flex',


ERROR in src/ee/billing/components/ActivePlanBanner.tsx:166:5

TS2769: No overload matches this call.
  The last overload gave the following error.
    Type '"6px"' is not assignable to type 'ConditionalValue<WithEscapeHatch<`var(--${string})` | SpacingToken>> | undefined'.
    164 |   daysLeft: css({
    165 |     display: 'flex',
  > 166 |     gap: '6px',
        |     ^^^
    167 |     alignItems: 'baseline',
    168 |   }),
    169 |   daysNumber: css({


ERROR in src/ee/billing/components/ActivePlanBanner.tsx:171:5

TS2769: No overload matches this call.
  The last overload gave the following error.
    Type '"20px"' is not assignable to type 'ConditionalValue<WithEscapeHatch<`var(--${string})` | FontSizeToken>> | undefined'.
      Type '"600"' is not assignable to type 'ConditionalValue<WithEscapeHatch<FontWeightToken | `var(--${string})`>> | undefined'.
    169 |   daysNumber: css({
    170 |     color: 'typography.text.secondary',
  > 171 |     fontSize: '20px',
        |     ^^^^^^^^
    172 |     fontWeight: '600',
    173 |   }),
    174 |   daysText: css({


ERROR in src/ee/billing/components/ActivePlanBanner.tsx:172:5

TS2769: No overload matches this call.
  The last overload gave the following error.
    Type '"20px"' is not assignable to type 'ConditionalValue<WithEscapeHatch<`var(--${string})` | FontSizeToken>> | undefined'.
      Type '"600"' is not assignable to type 'ConditionalValue<WithEscapeHatch<FontWeightToken | `var(--${string})`>> | undefined'.
    170 |     color: 'typography.text.secondary',
    171 |     fontSize: '20px',
  > 172 |     fontWeight: '600',
        |     ^^^^^^^^^^
    173 |   }),
    174 |   daysText: css({
    175 |     color: 'typography.text.secondary',


ERROR in src/ee/billing/components/ActivePlanBanner.tsx:176:5

TS2769: No overload matches this call.
  The last overload gave the following error.
    Type '"14px"' is not assignable to type 'ConditionalValue<WithEscapeHatch<`var(--${string})` | FontSizeToken>> | undefined'.
      Type '"400"' is not assignable to type 'ConditionalValue<WithEscapeHatch<FontWeightToken | `var(--${string})`>> | undefined'.
        Type '"1"' is not assignable to type 'ConditionalValue<WithEscapeHatch<`var(--${string})` | LineHeightToken>> | undefined'.
    174 |   daysText: css({
    175 |     color: 'typography.text.secondary',
  > 176 |     fontSize: '14px',
        |     ^^^^^^^^
    177 |     fontWeight: '400',
    178 |     lineHeight: '1',
    179 |   }),


ERROR in src/ee/billing/components/ActivePlanBanner.tsx:177:5

TS2769: No overload matches this call.
  The last overload gave the following error.
    Type '"14px"' is not assignable to type 'ConditionalValue<WithEscapeHatch<`var(--${string})` | FontSizeToken>> | undefined'.
      Type '"400"' is not assignable to type 'ConditionalValue<WithEscapeHatch<FontWeightToken | `var(--${string})`>> | undefined'.
        Type '"1"' is not assignable to type 'ConditionalValue<WithEscapeHatch<`var(--${string})` | LineHeightToken>> | undefined'.
    175 |     color: 'typography.text.secondary',
    176 |     fontSize: '14px',
  > 177 |     fontWeight: '400',
        |     ^^^^^^^^^^
    178 |     lineHeight: '1',
    179 |   }),
    180 |   info: css({


ERROR in src/ee/billing/components/ActivePlanBanner.tsx:178:5

TS2769: No overload matches this call.
  The last overload gave the following error.
    Type '"14px"' is not assignable to type 'ConditionalValue<WithEscapeHatch<`var(--${string})` | FontSizeToken>> | undefined'.
      Type '"400"' is not assignable to type 'ConditionalValue<WithEscapeHatch<FontWeightToken | `var(--${string})`>> | undefined'.
        Type '"1"' is not assignable to type 'ConditionalValue<WithEscapeHatch<`var(--${string})` | LineHeightToken>> | undefined'.
    176 |     fontSize: '14px',
    177 |     fontWeight: '400',
  > 178 |     lineHeight: '1',
        |     ^^^^^^^^^^
    179 |   }),
    180 |   info: css({
    181 |     display: 'flex',


ERROR in src/ee/billing/components/ActivePlanBanner.tsx:182:5

TS2769: No overload matches this call.
  The last overload gave the following error.
    Type '"340px"' is not assignable to type 'ConditionalValue<WithEscapeHatch<"screen" | "auto" | `var(--${string})` | SizeToken | "1/2" | "1/3" | "2/3" | "1/4" | "2/4" | "3/4" | "1/5" | "2/5" | "3/5" | "4/5" | "1/6" | "2/6" | "3/6" | "4/6" | "5/6" | ... 10 more ... | "11/12">> | undefined'.
      Type '"8px"' is not assignable to type 'ConditionalValue<WithEscapeHatch<`var(--${string})` | SpacingToken>> | undefined'.
    180 |   info: css({
    181 |     display: 'flex',
  > 182 |     width: '340px',
        |     ^^^^^
    183 |     flexDirection: 'column',
    184 |     alignItems: 'flex-start',
    185 |     gap: '8px',


ERROR in src/ee/billing/components/ActivePlanBanner.tsx:185:5

TS2769: No overload matches this call.
  The last overload gave the following error.
    Type '"340px"' is not assignable to type 'ConditionalValue<WithEscapeHatch<"screen" | "auto" | `var(--${string})` | SizeToken | "1/2" | "1/3" | "2/3" | "1/4" | "2/4" | "3/4" | "1/5" | "2/5" | "3/5" | "4/5" | "1/6" | "2/6" | "3/6" | "4/6" | "5/6" | ... 10 more ... | "11/12">> | undefined'.
      Type '"8px"' is not assignable to type 'ConditionalValue<WithEscapeHatch<`var(--${string})` | SpacingToken>> | undefined'.
    183 |     flexDirection: 'column',
    184 |     alignItems: 'flex-start',
  > 185 |     gap: '8px',
        |     ^^^
    186 |   }),
    187 |   eventsUsage: css({
    188 |     display: 'flex',


ERROR in src/ee/billing/components/ActivePlanBanner.tsx:191:5

TS2769: No overload matches this call.
  The last overload gave the following error.
    Type '"24px"' is not assignable to type 'ConditionalValue<WithEscapeHatch<`var(--${string})` | LineHeightToken>> | undefined'.
    189 |     flexDirection: 'column',
    190 |     alignItems: 'flex-start',
  > 191 |     lineHeight: '24px',
        |     ^^^^^^^^^^
    192 |   }),
    193 |   eventsCount: css({
    194 |     display: 'flex',


ERROR in src/ee/billing/components/ActivePlanBanner.tsx:196:5

TS2769: No overload matches this call.
  The last overload gave the following error.
    Type '"4px"' is not assignable to type 'ConditionalValue<WithEscapeHatch<`var(--${string})` | SpacingToken>> | undefined'.
    194 |     display: 'flex',
    195 |     alignItems: 'flex-end',
  > 196 |     gap: '4px',
        |     ^^^
    197 |   }),
    198 |   eventsNumber: css({
    199 |     fontSize: '16px',


ERROR in src/ee/billing/components/ActivePlanBanner.tsx:199:5

TS2769: No overload matches this call.
  The last overload gave the following error.
    Type '"16px"' is not assignable to type 'ConditionalValue<WithEscapeHatch<`var(--${string})` | FontSizeToken>> | undefined'.
      Type '"600"' is not assignable to type 'ConditionalValue<WithEscapeHatch<FontWeightToken | `var(--${string})`>> | undefined'.
    197 |   }),
    198 |   eventsNumber: css({
  > 199 |     fontSize: '16px',
        |     ^^^^^^^^
    200 |     fontWeight: '600',
    201 |   }),
    202 |   eventsLabel: css({


ERROR in src/ee/billing/components/ActivePlanBanner.tsx:200:5

TS2769: No overload matches this call.
  The last overload gave the following error.
    Type '"16px"' is not assignable to type 'ConditionalValue<WithEscapeHatch<`var(--${string})` | FontSizeToken>> | undefined'.
      Type '"600"' is not assignable to type 'ConditionalValue<WithEscapeHatch<FontWeightToken | `var(--${string})`>> | undefined'.
    198 |   eventsNumber: css({
    199 |     fontSize: '16px',
  > 200 |     fontWeight: '600',
        |     ^^^^^^^^^^
    201 |   }),
    202 |   eventsLabel: css({
    203 |     color: 'typography.text.secondary',


ERROR in src/ee/billing/components/ActivePlanBanner.tsx:204:5

TS2769: No overload matches this call.
  The last overload gave the following error.
    Type '"14px"' is not assignable to type 'ConditionalValue<WithEscapeHatch<`var(--${string})` | FontSizeToken>> | undefined'.
      Type '"400"' is not assignable to type 'ConditionalValue<WithEscapeHatch<FontWeightToken | `var(--${string})`>> | undefined'.
    202 |   eventsLabel: css({
    203 |     color: 'typography.text.secondary',
  > 204 |     fontSize: '14px',
        |     ^^^^^^^^
    205 |     fontWeight: '400',
    206 |   }),
    207 |   usageFootnote: css({


ERROR in src/ee/billing/components/ActivePlanBanner.tsx:205:5

TS2769: No overload matches this call.
  The last overload gave the following error.
    Type '"14px"' is not assignable to type 'ConditionalValue<WithEscapeHatch<`var(--${string})` | FontSizeToken>> | undefined'.
      Type '"400"' is not assignable to type 'ConditionalValue<WithEscapeHatch<FontWeightToken | `var(--${string})`>> | undefined'.
    203 |     color: 'typography.text.secondary',
    204 |     fontSize: '14px',
  > 205 |     fontWeight: '400',
        |     ^^^^^^^^^^
    206 |   }),
    207 |   usageFootnote: css({
    208 |     color: 'typography.text.secondary',


ERROR in src/ee/billing/components/ActivePlanBanner.tsx:209:5

TS2769: No overload matches this call.
  The last overload gave the following error.
    Type '"12px"' is not assignable to type 'ConditionalValue<WithEscapeHatch<`var(--${string})` | FontSizeToken>> | undefined'.
      Type '"400"' is not assignable to type 'ConditionalValue<WithEscapeHatch<FontWeightToken | `var(--${string})`>> | undefined'.
        Type '"12px"' is not assignable to type 'ConditionalValue<WithEscapeHatch<`var(--${string})` | LineHeightToken>> | undefined'.
    207 |   usageFootnote: css({
    208 |     color: 'typography.text.secondary',
  > 209 |     fontSize: '12px',
        |     ^^^^^^^^
    210 |     fontWeight: '400',
    211 |     lineHeight: '12px',
    212 |   }),


ERROR in src/ee/billing/components/ActivePlanBanner.tsx:210:5

TS2769: No overload matches this call.
  The last overload gave the following error.
    Type '"12px"' is not assignable to type 'ConditionalValue<WithEscapeHatch<`var(--${string})` | FontSizeToken>> | undefined'.
      Type '"400"' is not assignable to type 'ConditionalValue<WithEscapeHatch<FontWeightToken | `var(--${string})`>> | undefined'.
        Type '"12px"' is not assignable to type 'ConditionalValue<WithEscapeHatch<`var(--${string})` | LineHeightToken>> | undefined'.
    208 |     color: 'typography.text.secondary',
    209 |     fontSize: '12px',
  > 210 |     fontWeight: '400',
        |     ^^^^^^^^^^
    211 |     lineHeight: '12px',
    212 |   }),
    213 |   actions: css({


ERROR in src/ee/billing/components/ActivePlanBanner.tsx:211:5

TS2769: No overload matches this call.
  The last overload gave the following error.
    Type '"12px"' is not assignable to type 'ConditionalValue<WithEscapeHatch<`var(--${string})` | FontSizeToken>> | undefined'.
      Type '"400"' is not assignable to type 'ConditionalValue<WithEscapeHatch<FontWeightToken | `var(--${string})`>> | undefined'.
        Type '"12px"' is not assignable to type 'ConditionalValue<WithEscapeHatch<`var(--${string})` | LineHeightToken>> | undefined'.
    209 |     fontSize: '12px',
    210 |     fontWeight: '400',
  > 211 |     lineHeight: '12px',
        |     ^^^^^^^^^^
    212 |   }),
    213 |   actions: css({
    214 |     display: 'flex',


ERROR in src/ee/billing/components/ActivePlanBanner.tsx:222:7

TS2769: No overload matches this call.
  The last overload gave the following error.
    Type '"32px !important"' is not assignable to type 'ConditionalValue<WithEscapeHatch<"screen" | "auto" | `var(--${string})` | SizeToken | "1/2" | "1/3" | "2/3" | "1/4" | "2/4" | "3/4" | "1/5" | "2/5" | "3/5" | "4/5" | "1/6" | "2/6" | "3/6" | "4/6" | "5/6" | "svh" | "lvh" | "dvh">> | undefined'.
      Type '"0px 12px !important"' is not assignable to type 'ConditionalValue<WithEscapeHatch<`var(--${string})` | SpacingToken>> | undefined'.
        Type '"8px !important"' is not assignable to type 'ConditionalValue<WithEscapeHatch<`var(--${string})` | RadiusToken>> | undefined'.
          Type '"1px solid #2A92E7 !important"' is not assignable to type 'ConditionalValue<WithEscapeHatch<`var(--${string})` | BorderToken>> | undefined'.
            Type '"#2A92E7 !important"' is not assignable to type 'ConditionalValue<WithEscapeHatch<`var(--${string})` | ColorToken>> | undefined'.
    220 |   manageSubscriptionButton: {
    221 |     root: css({
  > 222 |       height: '32px !important',
        |       ^^^^^^
    223 |       padding: '0px 12px !important',
    224 |       borderRadius: '8px !important',
    225 |       background: 'transparent !important',


ERROR in src/ee/billing/components/ActivePlanBanner.tsx:223:7

TS2769: No overload matches this call.
  The last overload gave the following error.
    Type '"32px !important"' is not assignable to type 'ConditionalValue<WithEscapeHatch<"screen" | "auto" | `var(--${string})` | SizeToken | "1/2" | "1/3" | "2/3" | "1/4" | "2/4" | "3/4" | "1/5" | "2/5" | "3/5" | "4/5" | "1/6" | "2/6" | "3/6" | "4/6" | "5/6" | "svh" | "lvh" | "dvh">> | undefined'.
      Type '"0px 12px !important"' is not assignable to type 'ConditionalValue<WithEscapeHatch<`var(--${string})` | SpacingToken>> | undefined'.
        Type '"8px !important"' is not assignable to type 'ConditionalValue<WithEscapeHatch<`var(--${string})` | RadiusToken>> | undefined'.
          Type '"1px solid #2A92E7 !important"' is not assignable to type 'ConditionalValue<WithEscapeHatch<`var(--${string})` | BorderToken>> | undefined'.
            Type '"#2A92E7 !important"' is not assignable to type 'ConditionalValue<WithEscapeHatch<`var(--${string})` | ColorToken>> | undefined'.
    221 |     root: css({
    222 |       height: '32px !important',
  > 223 |       padding: '0px 12px !important',
        |       ^^^^^^^
    224 |       borderRadius: '8px !important',
    225 |       background: 'transparent !important',
    226 |       border: '1px solid #2A92E7 !important',


ERROR in src/ee/billing/components/ActivePlanBanner.tsx:224:7

TS2769: No overload matches this call.
  The last overload gave the following error.
    Type '"32px !important"' is not assignable to type 'ConditionalValue<WithEscapeHatch<"screen" | "auto" | `var(--${string})` | SizeToken | "1/2" | "1/3" | "2/3" | "1/4" | "2/4" | "3/4" | "1/5" | "2/5" | "3/5" | "4/5" | "1/6" | "2/6" | "3/6" | "4/6" | "5/6" | "svh" | "lvh" | "dvh">> | undefined'.
      Type '"0px 12px !important"' is not assignable to type 'ConditionalValue<WithEscapeHatch<`var(--${string})` | SpacingToken>> | undefined'.
        Type '"8px !important"' is not assignable to type 'ConditionalValue<WithEscapeHatch<`var(--${string})` | RadiusToken>> | undefined'.
          Type '"1px solid #2A92E7 !important"' is not assignable to type 'ConditionalValue<WithEscapeHatch<`var(--${string})` | BorderToken>> | undefined'.
            Type '"#2A92E7 !important"' is not assignable to type 'ConditionalValue<WithEscapeHatch<`var(--${string})` | ColorToken>> | undefined'.
    222 |       height: '32px !important',
    223 |       padding: '0px 12px !important',
  > 224 |       borderRadius: '8px !important',
        |       ^^^^^^^^^^^^
    225 |       background: 'transparent !important',
    226 |       border: '1px solid #2A92E7 !important',
    227 |       color: '#2A92E7 !important',


ERROR in src/ee/billing/components/ActivePlanBanner.tsx:226:7

TS2769: No overload matches this call.
  The last overload gave the following error.
    Type '"32px !important"' is not assignable to type 'ConditionalValue<WithEscapeHatch<"screen" | "auto" | `var(--${string})` | SizeToken | "1/2" | "1/3" | "2/3" | "1/4" | "2/4" | "3/4" | "1/5" | "2/5" | "3/5" | "4/5" | "1/6" | "2/6" | "3/6" | "4/6" | "5/6" | "svh" | "lvh" | "dvh">> | undefined'.
      Type '"0px 12px !important"' is not assignable to type 'ConditionalValue<WithEscapeHatch<`var(--${string})` | SpacingToken>> | undefined'.
        Type '"8px !important"' is not assignable to type 'ConditionalValue<WithEscapeHatch<`var(--${string})` | RadiusToken>> | undefined'.
          Type '"1px solid #2A92E7 !important"' is not assignable to type 'ConditionalValue<WithEscapeHatch<`var(--${string})` | BorderToken>> | undefined'.
            Type '"#2A92E7 !important"' is not assignable to type 'ConditionalValue<WithEscapeHatch<`var(--${string})` | ColorToken>> | undefined'.
    224 |       borderRadius: '8px !important',
    225 |       background: 'transparent !important',
  > 226 |       border: '1px solid #2A92E7 !important',
        |       ^^^^^^
    227 |       color: '#2A92E7 !important',
    228 |     }),
    229 |     label: css({


ERROR in src/ee/billing/components/ActivePlanBanner.tsx:227:7

TS2769: No overload matches this call.
  The last overload gave the following error.
    Type '"32px !important"' is not assignable to type 'ConditionalValue<WithEscapeHatch<"screen" | "auto" | `var(--${string})` | SizeToken | "1/2" | "1/3" | "2/3" | "1/4" | "2/4" | "3/4" | "1/5" | "2/5" | "3/5" | "4/5" | "1/6" | "2/6" | "3/6" | "4/6" | "5/6" | "svh" | "lvh" | "dvh">> | undefined'.
      Type '"0px 12px !important"' is not assignable to type 'ConditionalValue<WithEscapeHatch<`var(--${string})` | SpacingToken>> | undefined'.
        Type '"8px !important"' is not assignable to type 'ConditionalValue<WithEscapeHatch<`var(--${string})` | RadiusToken>> | undefined'.
          Type '"1px solid #2A92E7 !important"' is not assignable to type 'ConditionalValue<WithEscapeHatch<`var(--${string})` | BorderToken>> | undefined'.
            Type '"#2A92E7 !important"' is not assignable to type 'ConditionalValue<WithEscapeHatch<`var(--${string})` | ColorToken>> | undefined'.
    225 |       background: 'transparent !important',
    226 |       border: '1px solid #2A92E7 !important',
  > 227 |       color: '#2A92E7 !important',
        |       ^^^^^
    228 |     }),
    229 |     label: css({
    230 |       fontSize: '14px !important',


ERROR in src/ee/billing/components/ActivePlanBanner.tsx:230:7

TS2769: No overload matches this call.
  The last overload gave the following error.
    Type '"14px !important"' is not assignable to type 'ConditionalValue<WithEscapeHatch<`var(--${string})` | FontSizeToken>> | undefined'.
      Type '"400 !important"' is not assignable to type 'ConditionalValue<WithEscapeHatch<FontWeightToken | `var(--${string})`>> | undefined'.
        Type '"20px !important"' is not assignable to type 'ConditionalValue<WithEscapeHatch<`var(--${string})` | LineHeightToken>> | undefined'.
    228 |     }),
    229 |     label: css({
  > 230 |       fontSize: '14px !important',
        |       ^^^^^^^^
    231 |       fontWeight: '400 !important',
    232 |       lineHeight: '20px !important',
    233 |     }),


ERROR in src/ee/billing/components/ActivePlanBanner.tsx:231:7

TS2769: No overload matches this call.
  The last overload gave the following error.
    Type '"14px !important"' is not assignable to type 'ConditionalValue<WithEscapeHatch<`var(--${string})` | FontSizeToken>> | undefined'.
      Type '"400 !important"' is not assignable to type 'ConditionalValue<WithEscapeHatch<FontWeightToken | `var(--${string})`>> | undefined'.
        Type '"20px !important"' is not assignable to type 'ConditionalValue<WithEscapeHatch<`var(--${string})` | LineHeightToken>> | undefined'.
    229 |     label: css({
    230 |       fontSize: '14px !important',
  > 231 |       fontWeight: '400 !important',
        |       ^^^^^^^^^^
    232 |       lineHeight: '20px !important',
    233 |     }),
    234 |   },


ERROR in src/ee/billing/components/ActivePlanBanner.tsx:232:7

TS2769: No overload matches this call.
  The last overload gave the following error.
    Type '"14px !important"' is not assignable to type 'ConditionalValue<WithEscapeHatch<`var(--${string})` | FontSizeToken>> | undefined'.
      Type '"400 !important"' is not assignable to type 'ConditionalValue<WithEscapeHatch<FontWeightToken | `var(--${string})`>> | undefined'.
        Type '"20px !important"' is not assignable to type 'ConditionalValue<WithEscapeHatch<`var(--${string})` | LineHeightToken>> | undefined'.
    230 |       fontSize: '14px !important',
    231 |       fontWeight: '400 !important',
  > 232 |       lineHeight: '20px !important',
        |       ^^^^^^^^^^
    233 |     }),
    234 |   },
    235 | };


ERROR in src/ee/billing/components/Badge.tsx:18:7

TS2769: No overload matches this call.
  The last overload gave the following error.
    Type '"#2E2E32 !important" | "#e4e2e4ff !important"' is not assignable to type 'ConditionalValue<WithEscapeHatch<`var(--${string})` | ColorToken>> | undefined'.
      Type '"#2E2E32 !important"' is not assignable to type 'ConditionalValue<WithEscapeHatch<`var(--${string})` | ColorToken>> | undefined'.
        Type '"2px 8px !important"' is not assignable to type 'ConditionalValue<WithEscapeHatch<`var(--${string})` | SpacingToken>> | undefined'.
          Type '"#7E7D86" | "#86848dff"' is not assignable to type 'ConditionalValue<WithEscapeHatch<`var(--${string})` | ColorToken>> | undefined'.
            Type '"#7E7D86"' is not assignable to type 'ConditionalValue<WithEscapeHatch<`var(--${string})` | ColorToken>> | undefined'.
              Type '"24px !important"' is not assignable to type 'ConditionalValue<WithEscapeHatch<`var(--${string})` | RadiusToken>> | undefined'.
    16 |     css({
    17 |       // TODO: replace with 'mauve.80' color token when legacy tokens are removed
  > 18 |       background: theme.colorScheme === 'dark' ? '#2E2E32 !important' : '#e4e2e4ff !important',
       |       ^^^^^^^^^^
    19 |       padding: '2px 8px !important',
    20 |       color: theme.colorScheme === 'dark' ? '#7E7D86' : '#86848dff',
    21 |       borderRadius: '24px !important',


ERROR in src/ee/billing/components/Badge.tsx:19:7

TS2769: No overload matches this call.
  The last overload gave the following error.
    Type '"#2E2E32 !important" | "#e4e2e4ff !important"' is not assignable to type 'ConditionalValue<WithEscapeHatch<`var(--${string})` | ColorToken>> | undefined'.
      Type '"#2E2E32 !important"' is not assignable to type 'ConditionalValue<WithEscapeHatch<`var(--${string})` | ColorToken>> | undefined'.
        Type '"2px 8px !important"' is not assignable to type 'ConditionalValue<WithEscapeHatch<`var(--${string})` | SpacingToken>> | undefined'.
          Type '"#7E7D86" | "#86848dff"' is not assignable to type 'ConditionalValue<WithEscapeHatch<`var(--${string})` | ColorToken>> | undefined'.
            Type '"#7E7D86"' is not assignable to type 'ConditionalValue<WithEscapeHatch<`var(--${string})` | ColorToken>> | undefined'.
              Type '"24px !important"' is not assignable to type 'ConditionalValue<WithEscapeHatch<`var(--${string})` | RadiusToken>> | undefined'.
    17 |       // TODO: replace with 'mauve.80' color token when legacy tokens are removed
    18 |       background: theme.colorScheme === 'dark' ? '#2E2E32 !important' : '#e4e2e4ff !important',
  > 19 |       padding: '2px 8px !important',
       |       ^^^^^^^
    20 |       color: theme.colorScheme === 'dark' ? '#7E7D86' : '#86848dff',
    21 |       borderRadius: '24px !important',
    22 |     }),


ERROR in src/ee/billing/components/Badge.tsx:20:7

TS2769: No overload matches this call.
  The last overload gave the following error.
    Type '"#2E2E32 !important" | "#e4e2e4ff !important"' is not assignable to type 'ConditionalValue<WithEscapeHatch<`var(--${string})` | ColorToken>> | undefined'.
      Type '"#2E2E32 !important"' is not assignable to type 'ConditionalValue<WithEscapeHatch<`var(--${string})` | ColorToken>> | undefined'.
        Type '"2px 8px !important"' is not assignable to type 'ConditionalValue<WithEscapeHatch<`var(--${string})` | SpacingToken>> | undefined'.
          Type '"#7E7D86" | "#86848dff"' is not assignable to type 'ConditionalValue<WithEscapeHatch<`var(--${string})` | ColorToken>> | undefined'.
            Type '"#7E7D86"' is not assignable to type 'ConditionalValue<WithEscapeHatch<`var(--${string})` | ColorToken>> | undefined'.
              Type '"24px !important"' is not assignable to type 'ConditionalValue<WithEscapeHatch<`var(--${string})` | RadiusToken>> | undefined'.
    18 |       background: theme.colorScheme === 'dark' ? '#2E2E32 !important' : '#e4e2e4ff !important',
    19 |       padding: '2px 8px !important',
  > 20 |       color: theme.colorScheme === 'dark' ? '#7E7D86' : '#86848dff',
       |       ^^^^^
    21 |       borderRadius: '24px !important',
    22 |     }),
    23 | };


ERROR in src/ee/billing/components/Badge.tsx:21:7

TS2769: No overload matches this call.
  The last overload gave the following error.
    Type '"#2E2E32 !important" | "#e4e2e4ff !important"' is not assignable to type 'ConditionalValue<WithEscapeHatch<`var(--${string})` | ColorToken>> | undefined'.
      Type '"#2E2E32 !important"' is not assignable to type 'ConditionalValue<WithEscapeHatch<`var(--${string})` | ColorToken>> | undefined'.
        Type '"2px 8px !important"' is not assignable to type 'ConditionalValue<WithEscapeHatch<`var(--${string})` | SpacingToken>> | undefined'.
          Type '"#7E7D86" | "#86848dff"' is not assignable to type 'ConditionalValue<WithEscapeHatch<`var(--${string})` | ColorToken>> | undefined'.
            Type '"#7E7D86"' is not assignable to type 'ConditionalValue<WithEscapeHatch<`var(--${string})` | ColorToken>> | undefined'.
              Type '"24px !important"' is not assignable to type 'ConditionalValue<WithEscapeHatch<`var(--${string})` | RadiusToken>> | undefined'.
    19 |       padding: '2px 8px !important',
    20 |       color: theme.colorScheme === 'dark' ? '#7E7D86' : '#86848dff',
  > 21 |       borderRadius: '24px !important',
       |       ^^^^^^^^^^^^
    22 |     }),
    23 | };
    24 |


ERROR in src/ee/billing/components/ContactUsButton.tsx:28:5

TS2769: No overload matches this call.
  The last overload gave the following error.
    Type '"#34343A !important"' is not assignable to type 'ConditionalValue<WithEscapeHatch<`var(--${string})` | ColorToken>> | undefined'.
      Type '"400 !important"' is not assignable to type 'ConditionalValue<WithEscapeHatch<FontWeightToken | `var(--${string})`>> | undefined'.
    26 | const styles = {
    27 |   contactButton: css({
  > 28 |     background: '#34343A !important',
       |     ^^^^^^^^^^
    29 |     fontWeight: '400 !important',
    30 |   }),
    31 | };


ERROR in src/ee/billing/components/ContactUsButton.tsx:29:5

TS2769: No overload matches this call.
  The last overload gave the following error.
    Type '"#34343A !important"' is not assignable to type 'ConditionalValue<WithEscapeHatch<`var(--${string})` | ColorToken>> | undefined'.
      Type '"400 !important"' is not assignable to type 'ConditionalValue<WithEscapeHatch<FontWeightToken | `var(--${string})`>> | undefined'.
    27 |   contactButton: css({
    28 |     background: '#34343A !important',
  > 29 |     fontWeight: '400 !important',
       |     ^^^^^^^^^^
    30 |   }),
    31 | };
    32 |


ERROR in src/ee/billing/components/Features.tsx:32:7

TS2769: No overload matches this call.
  The last overload gave the following error.
    Type '{ base: "typography.text.primary !important"; _dark: "typography.text.main !important"; }' is not assignable to type 'ConditionalValue<WithEscapeHatch<`var(--${string})` | ColorToken>> | undefined'.
      Types of property 'base' are incompatible.
        Type '"typography.text.primary !important"' is not assignable to type 'ConditionalValue<WithEscapeHatch<`var(--${string})` | ColorToken>> | undefined'.
    30 |   <_IconCheck
    31 |     className={css({
  > 32 |       color: {
       |       ^^^^^
    33 |         base: 'typography.text.primary !important',
    34 |         _dark: 'typography.text.main !important',
    35 |       },


ERROR in src/ee/billing/components/Features.tsx:427:9

TS2322: Type '"typography.text.secondary" | "typography.text.primary"' is not assignable to type 'ConditionalValue<WithEscapeHatch<`var(--${string})` | ColorToken>> | undefined'.
  Type '"typography.text.primary"' is not assignable to type 'ConditionalValue<WithEscapeHatch<`var(--${string})` | ColorToken>> | undefined'. Did you mean '"typography.text.tertiary"'?
    425 |       <Text
    426 |         variant={feature.isTitle ? 'strong' : undefined}
  > 427 |         color={feature.isTitle ? 'typography.text.primary' : 'typography.text.secondary'}
        |         ^^^^^
    428 |       >
    429 |         {feature.label}
    430 |       </Text>


ERROR in src/ee/billing/components/Features.tsx:452:7

TS2769: No overload matches this call.
  The last overload gave the following error.
    Type '"1px solid #34343A !important" | undefined' is not assignable to type 'ConditionalValue<WithEscapeHatch<`var(--${string})` | BorderToken>> | undefined'.
      Type '"1px solid #34343A !important"' is not assignable to type 'ConditionalValue<WithEscapeHatch<`var(--${string})` | BorderToken>> | undefined'.
        Type '"1px solid #34343A !important" | undefined' is not assignable to type 'ConditionalValue<WithEscapeHatch<`var(--${string})` | BorderToken>> | undefined'.
          Type '"1px solid #34343A !important"' is not assignable to type 'ConditionalValue<WithEscapeHatch<`var(--${string})` | BorderToken>> | undefined'.
    450 |       alignSelf: 'stretch',
    451 |       background: isContrast ? 'surface.panel' : undefined,
  > 452 |       borderTop: isHeader ? '1px solid #34343A !important' : undefined,
        |       ^^^^^^^^^
    453 |       borderBottom: isHeader ? '1px solid #34343A !important' : undefined,
    454 |     }),
    455 | };


ERROR in src/ee/billing/components/Features.tsx:453:7

TS2769: No overload matches this call.
  The last overload gave the following error.
    Type '"1px solid #34343A !important" | undefined' is not assignable to type 'ConditionalValue<WithEscapeHatch<`var(--${string})` | BorderToken>> | undefined'.
      Type '"1px solid #34343A !important"' is not assignable to type 'ConditionalValue<WithEscapeHatch<`var(--${string})` | BorderToken>> | undefined'.
        Type '"1px solid #34343A !important" | undefined' is not assignable to type 'ConditionalValue<WithEscapeHatch<`var(--${string})` | BorderToken>> | undefined'.
          Type '"1px solid #34343A !important"' is not assignable to type 'ConditionalValue<WithEscapeHatch<`var(--${string})` | BorderToken>> | undefined'.
    451 |       background: isContrast ? 'surface.panel' : undefined,
    452 |       borderTop: isHeader ? '1px solid #34343A !important' : undefined,
  > 453 |       borderBottom: isHeader ? '1px solid #34343A !important' : undefined,
        |       ^^^^^^^^^^^^
    454 |     }),
    455 | };
    456 |


ERROR in src/ee/billing/components/HighlightsRow.tsx:54:7

TS2769: No overload matches this call.
  The last overload gave the following error.
    Type '"24px !important"' is not assignable to type 'ConditionalValue<WithEscapeHatch<`var(--${string})` | LineHeightToken>> | undefined'.
    52 |   list: {
    53 |     item: css({
  > 54 |       lineHeight: '24px !important',
       |       ^^^^^^^^^^
    55 |     }),
    56 |   },
    57 |   listBadgeItem: css({


ERROR in src/ee/billing/components/HighlightsRow.tsx:60:5

TS2769: No overload matches this call.
  The last overload gave the following error.
    Type '"8px"' is not assignable to type 'ConditionalValue<WithEscapeHatch<`var(--${string})` | SpacingToken>> | undefined'.
    58 |     display: 'flex',
    59 |     alignItems: 'center',
  > 60 |     gap: '8px',
       |     ^^^
    61 |   }),
    62 | };
    63 |


ERROR in src/ee/billing/components/PlanActionButton.tsx:87:5

TS2769: No overload matches this call.
  The last overload gave the following error.
    Type '"#2A92E7 !important"' is not assignable to type 'ConditionalValue<WithEscapeHatch<`var(--${string})` | ColorToken>> | undefined'.
      Type '"400 !important"' is not assignable to type 'ConditionalValue<WithEscapeHatch<FontWeightToken | `var(--${string})`>> | undefined'.
    85 | const styles = {
    86 |   planActionButton: css({
  > 87 |     background: '#2A92E7 !important',
       |     ^^^^^^^^^^
    88 |     fontWeight: '400 !important',
    89 |   }),
    90 | };


ERROR in src/ee/billing/components/PlanActionButton.tsx:88:5

TS2769: No overload matches this call.
  The last overload gave the following error.
    Type '"#2A92E7 !important"' is not assignable to type 'ConditionalValue<WithEscapeHatch<`var(--${string})` | ColorToken>> | undefined'.
      Type '"400 !important"' is not assignable to type 'ConditionalValue<WithEscapeHatch<FontWeightToken | `var(--${string})`>> | undefined'.
    86 |   planActionButton: css({
    87 |     background: '#2A92E7 !important',
  > 88 |     fontWeight: '400 !important',
       |     ^^^^^^^^^^
    89 |   }),
    90 | };
    91 |


ERROR in src/ee/billing/components/PlansRow.tsx:48:37

TS2820: Type '"typography.text.primary"' is not assignable to type 'ConditionalValue<WithEscapeHatch<`var(--${string})` | ColorToken>> | undefined'. Did you mean '"typography.text.tertiary"'?
    46 |       </Cell>
    47 |       <Cell>
  > 48 |         <Title variant="subsection" color="typography.text.primary">
       |                                     ^^^^^
    49 |           Free
    50 |         </Title>
    51 |         <PriceDisplay price="$0" subtitle="free forever" events="10,000 events per month" />


ERROR in src/ee/billing/components/PlansRow.tsx:56:11

TS2820: Type '"typography.text.primary"' is not assignable to type 'ConditionalValue<WithEscapeHatch<`var(--${string})` | ColorToken>> | undefined'. Did you mean '"typography.text.tertiary"'?
    54 |         <Title
    55 |           variant="subsection"
  > 56 |           color="typography.text.primary"
       |           ^^^^^
    57 |           style={{ display: 'flex', alignItems: 'center', gap: '8px' }}
    58 |         >
    59 |           Pro <Badge label="Popular" />


ERROR in src/ee/billing/components/PlansRow.tsx:74:11

TS2820: Type '"typography.text.primary"' is not assignable to type 'ConditionalValue<WithEscapeHatch<`var(--${string})` | ColorToken>> | undefined'. Did you mean '"typography.text.tertiary"'?
    72 |         <Title
    73 |           variant="subsection"
  > 74 |           color="typography.text.primary"
       |           ^^^^^
    75 |           style={{ display: 'flex', alignItems: 'center', gap: '8px' }}
    76 |         >
    77 |           Team


ERROR in src/ee/billing/components/PlansRow.tsx:90:37

TS2820: Type '"typography.text.primary"' is not assignable to type 'ConditionalValue<WithEscapeHatch<`var(--${string})` | ColorToken>> | undefined'. Did you mean '"typography.text.tertiary"'?
    88 |       </Cell>
    89 |       <Cell style={{ justifyContent: 'space-between' }}>
  > 90 |         <Title variant="subsection" color="typography.text.primary">
       |                                     ^^^^^
    91 |           Enterprise
    92 |         </Title>
    93 |         <Text color="typography.text.secondary">Custom pricing, billing, and extended services.</Text>


ERROR in src/ee/billing/components/PlansRow.tsx:106:7

TS2769: No overload matches this call.
  The last overload gave the following error.
    Type '"1px solid #34343A" | "1px solid #e4e2e4ff"' is not assignable to type 'ConditionalValue<WithEscapeHatch<`var(--${string})` | BorderToken>> | undefined'.
      Type '"1px solid #34343A"' is not assignable to type 'ConditionalValue<WithEscapeHatch<`var(--${string})` | BorderToken>> | undefined'.
    104 |       alignItems: 'flex-start',
    105 |       alignSelf: 'stretch',
  > 106 |       borderBottom: theme.colorScheme === 'dark' ? '1px solid #34343A' : '1px solid #e4e2e4ff',
        |       ^^^^^^^^^^^^
    107 |     }),
    108 |
    109 |   priceDisplay: css({


ERROR in src/ee/billing/components/PlansRow.tsx:112:5

TS2769: No overload matches this call.
  The last overload gave the following error.
    Type '"4px"' is not assignable to type 'ConditionalValue<WithEscapeHatch<`var(--${string})` | SpacingToken>> | undefined'.
    110 |     display: 'flex',
    111 |     alignItems: 'flex-end',
  > 112 |     gap: '4px',
        |     ^^^
    113 |   }),
    114 | };
    115 |


ERROR in src/ee/billing/components/PlanSwitcher.tsx:38:7

TS2769: No overload matches this call.
  The last overload gave the following error.
    Type '"40px"' is not assignable to type 'ConditionalValue<WithEscapeHatch<"screen" | "auto" | `var(--${string})` | SizeToken | "1/2" | "1/3" | "2/3" | "1/4" | "2/4" | "3/4" | "1/5" | "2/5" | "3/5" | "4/5" | "1/6" | "2/6" | "3/6" | "4/6" | "5/6" | "svh" | "lvh" | "dvh">> | undefined'.
      Type '"1px solid #34343A" | "1px solid #e4e2e4ff"' is not assignable to type 'ConditionalValue<WithEscapeHatch<`var(--${string})` | BorderToken>> | undefined'.
        Type '"1px solid #34343A"' is not assignable to type 'ConditionalValue<WithEscapeHatch<`var(--${string})` | BorderToken>> | undefined'.
    36 |       position: 'relative',
    37 |       display: 'flex',
  > 38 |       height: '40px',
       |       ^^^^^^
    39 |       justifyContent: 'space-between',
    40 |       alignItems: 'flex-end',
    41 |       alignSelf: 'stretch',


ERROR in src/ee/billing/components/PlanSwitcher.tsx:42:7

TS2769: No overload matches this call.
  The last overload gave the following error.
    Type '"40px"' is not assignable to type 'ConditionalValue<WithEscapeHatch<"screen" | "auto" | `var(--${string})` | SizeToken | "1/2" | "1/3" | "2/3" | "1/4" | "2/4" | "3/4" | "1/5" | "2/5" | "3/5" | "4/5" | "1/6" | "2/6" | "3/6" | "4/6" | "5/6" | "svh" | "lvh" | "dvh">> | undefined'.
      Type '"1px solid #34343A" | "1px solid #e4e2e4ff"' is not assignable to type 'ConditionalValue<WithEscapeHatch<`var(--${string})` | BorderToken>> | undefined'.
        Type '"1px solid #34343A"' is not assignable to type 'ConditionalValue<WithEscapeHatch<`var(--${string})` | BorderToken>> | undefined'.
    40 |       alignItems: 'flex-end',
    41 |       alignSelf: 'stretch',
  > 42 |       borderBottom: theme.colorScheme === 'dark' ? '1px solid #34343A' : '1px solid #e4e2e4ff',
       |       ^^^^^^^^^^^^
    43 |     }),
    44 |   planHeaderTitle: css({
    45 |     position: 'absolute',


ERROR in src/ee/billing/components/PlanSwitcher.tsx:50:5

TS2769: No overload matches this call.
  The last overload gave the following error.
    Type 'number' is not assignable to type 'ConditionalValue<WithEscapeHatch<"1" | "initial" | "none" | "auto" | `var(--${string})`>> | undefined'.
    48 |   }),
    49 |   tabsWrapper: css({
  > 50 |     flex: 1,
       |     ^^^^
    51 |     display: 'flex',
    52 |     justifyContent: 'center',
    53 |   }),


ERROR in src/ee/billing/components/PlanSwitcher.tsx:59:7

TS2769: No overload matches this call.
  The last overload gave the following error.
    Type '"1 0 0"' is not assignable to type 'ConditionalValue<WithEscapeHatch<"1" | "initial" | "none" | "auto" | `var(--${string})`>> | undefined'.
    57 |       justifyContent: 'center',
    58 |       alignItems: 'flex-end',
  > 59 |       flex: '1 0 0',
       |       ^^^^
    60 |       borderBottom: 'none !important',
    61 |     }),
    62 |   },


ERROR in src/ee/billing/components/PlanSwitcher.tsx:65:7

TS2769: No overload matches this call.
  The last overload gave the following error.
    Type '"12px !important"' is not assignable to type 'ConditionalValue<WithEscapeHatch<`var(--${string})` | SpacingToken>> | undefined'.
      Type '"8px !important"' is not assignable to type 'ConditionalValue<WithEscapeHatch<`var(--${string})` | SpacingToken>> | undefined'.
        Type '"14px !important"' is not assignable to type 'ConditionalValue<WithEscapeHatch<`var(--${string})` | FontSizeToken>> | undefined'.
          Type '"16px !important"' is not assignable to type 'ConditionalValue<WithEscapeHatch<`var(--${string})` | LineHeightToken>> | undefined'.
            Type '"1px solid #FFF !important" | "1px solid #e4e2e4ff !important"' is not assignable to type 'ConditionalValue<WithEscapeHatch<`var(--${string})` | BorderToken>> | undefined'.
              Type '"1px solid #FFF !important"' is not assignable to type 'ConditionalValue<WithEscapeHatch<`var(--${string})` | BorderToken>> | undefined'.
                Type '"600 !important"' is not assignable to type 'ConditionalValue<WithEscapeHatch<FontWeightToken | `var(--${string})`>> | undefined'.
                  Type '"600"' is not assignable to type 'ConditionalValue<WithEscapeHatch<FontWeightToken | `var(--${string})`>> | undefined'.
                    Type '"600"' is not assignable to type 'ConditionalValue<WithEscapeHatch<FontWeightToken | `var(--${string})`>> | undefined'.
    63 |   tab: (theme: MantineTheme) =>
    64 |     css({
  > 65 |       padding: '12px !important',
       |       ^^^^^^^
    66 |       gap: '8px !important',
    67 |       color: 'typography.text.secondary !important',
    68 |       fontSize: '14px !important',


ERROR in src/ee/billing/components/PlanSwitcher.tsx:66:7

TS2769: No overload matches this call.
  The last overload gave the following error.
    Type '"12px !important"' is not assignable to type 'ConditionalValue<WithEscapeHatch<`var(--${string})` | SpacingToken>> | undefined'.
      Type '"8px !important"' is not assignable to type 'ConditionalValue<WithEscapeHatch<`var(--${string})` | SpacingToken>> | undefined'.
        Type '"14px !important"' is not assignable to type 'ConditionalValue<WithEscapeHatch<`var(--${string})` | FontSizeToken>> | undefined'.
          Type '"16px !important"' is not assignable to type 'ConditionalValue<WithEscapeHatch<`var(--${string})` | LineHeightToken>> | undefined'.
            Type '"1px solid #FFF !important" | "1px solid #e4e2e4ff !important"' is not assignable to type 'ConditionalValue<WithEscapeHatch<`var(--${string})` | BorderToken>> | undefined'.
              Type '"1px solid #FFF !important"' is not assignable to type 'ConditionalValue<WithEscapeHatch<`var(--${string})` | BorderToken>> | undefined'.
                Type '"600 !important"' is not assignable to type 'ConditionalValue<WithEscapeHatch<FontWeightToken | `var(--${string})`>> | undefined'.
                  Type '"600"' is not assignable to type 'ConditionalValue<WithEscapeHatch<FontWeightToken | `var(--${string})`>> | undefined'.
                    Type '"600"' is not assignable to type 'ConditionalValue<WithEscapeHatch<FontWeightToken | `var(--${string})`>> | undefined'.
    64 |     css({
    65 |       padding: '12px !important',
  > 66 |       gap: '8px !important',
       |       ^^^
    67 |       color: 'typography.text.secondary !important',
    68 |       fontSize: '14px !important',
    69 |       lineHeight: '16px !important',


ERROR in src/ee/billing/components/PlanSwitcher.tsx:68:7

TS2769: No overload matches this call.
  The last overload gave the following error.
    Type '"12px !important"' is not assignable to type 'ConditionalValue<WithEscapeHatch<`var(--${string})` | SpacingToken>> | undefined'.
      Type '"8px !important"' is not assignable to type 'ConditionalValue<WithEscapeHatch<`var(--${string})` | SpacingToken>> | undefined'.
        Type '"14px !important"' is not assignable to type 'ConditionalValue<WithEscapeHatch<`var(--${string})` | FontSizeToken>> | undefined'.
          Type '"16px !important"' is not assignable to type 'ConditionalValue<WithEscapeHatch<`var(--${string})` | LineHeightToken>> | undefined'.
            Type '"1px solid #FFF !important" | "1px solid #e4e2e4ff !important"' is not assignable to type 'ConditionalValue<WithEscapeHatch<`var(--${string})` | BorderToken>> | undefined'.
              Type '"1px solid #FFF !important"' is not assignable to type 'ConditionalValue<WithEscapeHatch<`var(--${string})` | BorderToken>> | undefined'.
                Type '"600 !important"' is not assignable to type 'ConditionalValue<WithEscapeHatch<FontWeightToken | `var(--${string})`>> | undefined'.
                  Type '"600"' is not assignable to type 'ConditionalValue<WithEscapeHatch<FontWeightToken | `var(--${string})`>> | undefined'.
                    Type '"600"' is not assignable to type 'ConditionalValue<WithEscapeHatch<FontWeightToken | `var(--${string})`>> | undefined'.
    66 |       gap: '8px !important',
    67 |       color: 'typography.text.secondary !important',
  > 68 |       fontSize: '14px !important',
       |       ^^^^^^^^
    69 |       lineHeight: '16px !important',
    70 |       '& span': {
    71 |         color: 'mode.local.middle',


ERROR in src/ee/billing/components/PlanSwitcher.tsx:69:7

TS2769: No overload matches this call.
  The last overload gave the following error.
    Type '"12px !important"' is not assignable to type 'ConditionalValue<WithEscapeHatch<`var(--${string})` | SpacingToken>> | undefined'.
      Type '"8px !important"' is not assignable to type 'ConditionalValue<WithEscapeHatch<`var(--${string})` | SpacingToken>> | undefined'.
        Type '"14px !important"' is not assignable to type 'ConditionalValue<WithEscapeHatch<`var(--${string})` | FontSizeToken>> | undefined'.
          Type '"16px !important"' is not assignable to type 'ConditionalValue<WithEscapeHatch<`var(--${string})` | LineHeightToken>> | undefined'.
            Type '"1px solid #FFF !important" | "1px solid #e4e2e4ff !important"' is not assignable to type 'ConditionalValue<WithEscapeHatch<`var(--${string})` | BorderToken>> | undefined'.
              Type '"1px solid #FFF !important"' is not assignable to type 'ConditionalValue<WithEscapeHatch<`var(--${string})` | BorderToken>> | undefined'.
                Type '"600 !important"' is not assignable to type 'ConditionalValue<WithEscapeHatch<FontWeightToken | `var(--${string})`>> | undefined'.
                  Type '"600"' is not assignable to type 'ConditionalValue<WithEscapeHatch<FontWeightToken | `var(--${string})`>> | undefined'.
                    Type '"600"' is not assignable to type 'ConditionalValue<WithEscapeHatch<FontWeightToken | `var(--${string})`>> | undefined'.
    67 |       color: 'typography.text.secondary !important',
    68 |       fontSize: '14px !important',
  > 69 |       lineHeight: '16px !important',
       |       ^^^^^^^^^^
    70 |       '& span': {
    71 |         color: 'mode.local.middle',
    72 |       },


ERROR in src/ee/billing/components/PlanSwitcher.tsx:75:9

TS2769: No overload matches this call.
  The last overload gave the following error.
    Type '"12px !important"' is not assignable to type 'ConditionalValue<WithEscapeHatch<`var(--${string})` | SpacingToken>> | undefined'.
      Type '"8px !important"' is not assignable to type 'ConditionalValue<WithEscapeHatch<`var(--${string})` | SpacingToken>> | undefined'.
        Type '"14px !important"' is not assignable to type 'ConditionalValue<WithEscapeHatch<`var(--${string})` | FontSizeToken>> | undefined'.
          Type '"16px !important"' is not assignable to type 'ConditionalValue<WithEscapeHatch<`var(--${string})` | LineHeightToken>> | undefined'.
            Type '"1px solid #FFF !important" | "1px solid #e4e2e4ff !important"' is not assignable to type 'ConditionalValue<WithEscapeHatch<`var(--${string})` | BorderToken>> | undefined'.
              Type '"1px solid #FFF !important"' is not assignable to type 'ConditionalValue<WithEscapeHatch<`var(--${string})` | BorderToken>> | undefined'.
                Type '"600 !important"' is not assignable to type 'ConditionalValue<WithEscapeHatch<FontWeightToken | `var(--${string})`>> | undefined'.
                  Type '"600"' is not assignable to type 'ConditionalValue<WithEscapeHatch<FontWeightToken | `var(--${string})`>> | undefined'.
                    Type '"600"' is not assignable to type 'ConditionalValue<WithEscapeHatch<FontWeightToken | `var(--${string})`>> | undefined'.
    73 |       '&[data-active="true"]': {
    74 |         color: 'typography.text.main !important',
  > 75 |         borderBottom: theme.colorScheme === 'dark' ? '1px solid #FFF !important' : '1px solid #e4e2e4ff !important',
       |         ^^^^^^^^^^^^
    76 |         fontWeight: '600 !important',
    77 |
    78 |         '& span': {


ERROR in src/ee/billing/components/PlanSwitcher.tsx:76:9

TS2769: No overload matches this call.
  The last overload gave the following error.
    Type '"12px !important"' is not assignable to type 'ConditionalValue<WithEscapeHatch<`var(--${string})` | SpacingToken>> | undefined'.
      Type '"8px !important"' is not assignable to type 'ConditionalValue<WithEscapeHatch<`var(--${string})` | SpacingToken>> | undefined'.
        Type '"14px !important"' is not assignable to type 'ConditionalValue<WithEscapeHatch<`var(--${string})` | FontSizeToken>> | undefined'.
          Type '"16px !important"' is not assignable to type 'ConditionalValue<WithEscapeHatch<`var(--${string})` | LineHeightToken>> | undefined'.
            Type '"1px solid #FFF !important" | "1px solid #e4e2e4ff !important"' is not assignable to type 'ConditionalValue<WithEscapeHatch<`var(--${string})` | BorderToken>> | undefined'.
              Type '"1px solid #FFF !important"' is not assignable to type 'ConditionalValue<WithEscapeHatch<`var(--${string})` | BorderToken>> | undefined'.
                Type '"600 !important"' is not assignable to type 'ConditionalValue<WithEscapeHatch<FontWeightToken | `var(--${string})`>> | undefined'.
                  Type '"600"' is not assignable to type 'ConditionalValue<WithEscapeHatch<FontWeightToken | `var(--${string})`>> | undefined'.
                    Type '"600"' is not assignable to type 'ConditionalValue<WithEscapeHatch<FontWeightToken | `var(--${string})`>> | undefined'.
    74 |         color: 'typography.text.main !important',
    75 |         borderBottom: theme.colorScheme === 'dark' ? '1px solid #FFF !important' : '1px solid #e4e2e4ff !important',
  > 76 |         fontWeight: '600 !important',
       |         ^^^^^^^^^^
    77 |
    78 |         '& span': {
    79 |           color: 'mode.local.middle',


ERROR in src/ee/billing/components/PlanSwitcher.tsx:80:11

TS2769: No overload matches this call.
  The last overload gave the following error.
    Type '"12px !important"' is not assignable to type 'ConditionalValue<WithEscapeHatch<`var(--${string})` | SpacingToken>> | undefined'.
      Type '"8px !important"' is not assignable to type 'ConditionalValue<WithEscapeHatch<`var(--${string})` | SpacingToken>> | undefined'.
        Type '"14px !important"' is not assignable to type 'ConditionalValue<WithEscapeHatch<`var(--${string})` | FontSizeToken>> | undefined'.
          Type '"16px !important"' is not assignable to type 'ConditionalValue<WithEscapeHatch<`var(--${string})` | LineHeightToken>> | undefined'.
            Type '"1px solid #FFF !important" | "1px solid #e4e2e4ff !important"' is not assignable to type 'ConditionalValue<WithEscapeHatch<`var(--${string})` | BorderToken>> | undefined'.
              Type '"1px solid #FFF !important"' is not assignable to type 'ConditionalValue<WithEscapeHatch<`var(--${string})` | BorderToken>> | undefined'.
                Type '"600 !important"' is not assignable to type 'ConditionalValue<WithEscapeHatch<FontWeightToken | `var(--${string})`>> | undefined'.
                  Type '"600"' is not assignable to type 'ConditionalValue<WithEscapeHatch<FontWeightToken | `var(--${string})`>> | undefined'.
                    Type '"600"' is not assignable to type 'ConditionalValue<WithEscapeHatch<FontWeightToken | `var(--${string})`>> | undefined'.
    78 |         '& span': {
    79 |           color: 'mode.local.middle',
  > 80 |           fontWeight: '600',
       |           ^^^^^^^^^^
    81 |         },
    82 |       },
    83 |       '&:hover': {


ERROR in src/ee/billing/components/PlanSwitcher.tsx:89:11

TS2769: No overload matches this call.
  The last overload gave the following error.
    Type '"12px !important"' is not assignable to type 'ConditionalValue<WithEscapeHatch<`var(--${string})` | SpacingToken>> | undefined'.
      Type '"8px !important"' is not assignable to type 'ConditionalValue<WithEscapeHatch<`var(--${string})` | SpacingToken>> | undefined'.
        Type '"14px !important"' is not assignable to type 'ConditionalValue<WithEscapeHatch<`var(--${string})` | FontSizeToken>> | undefined'.
          Type '"16px !important"' is not assignable to type 'ConditionalValue<WithEscapeHatch<`var(--${string})` | LineHeightToken>> | undefined'.
            Type '"1px solid #FFF !important" | "1px solid #e4e2e4ff !important"' is not assignable to type 'ConditionalValue<WithEscapeHatch<`var(--${string})` | BorderToken>> | undefined'.
              Type '"1px solid #FFF !important"' is not assignable to type 'ConditionalValue<WithEscapeHatch<`var(--${string})` | BorderToken>> | undefined'.
                Type '"600 !important"' is not assignable to type 'ConditionalValue<WithEscapeHatch<FontWeightToken | `var(--${string})`>> | undefined'.
                  Type '"600"' is not assignable to type 'ConditionalValue<WithEscapeHatch<FontWeightToken | `var(--${string})`>> | undefined'.
                    Type '"600"' is not assignable to type 'ConditionalValue<WithEscapeHatch<FontWeightToken | `var(--${string})`>> | undefined'.
    87 |         '& span': {
    88 |           color: 'mode.local.middle',
  > 89 |           fontWeight: '600',
       |           ^^^^^^^^^^
    90 |         },
    91 |       },
    92 |     }),


ERROR in src/ee/billing/components/UsageProgress.tsx:66:5

TS2769: No overload matches this call.
  The last overload gave the following error.
    Type '"44px"' is not assignable to type 'ConditionalValue<WithEscapeHatch<"screen" | "auto" | `var(--${string})` | SizeToken | "1/2" | "1/3" | "2/3" | "1/4" | "2/4" | "3/4" | "1/5" | "2/5" | "3/5" | "4/5" | "1/6" | "2/6" | "3/6" | "4/6" | "5/6" | "svh" | "lvh" | "dvh">> | undefined'.
      Type '"4px"' is not assignable to type 'ConditionalValue<WithEscapeHatch<`var(--${string})` | SpacingToken>> | undefined'.
    64 |   usageProgress: css({
    65 |     display: 'flex',
  > 66 |     height: '44px',
       |     ^^^^^^
    67 |     flexDirection: 'column',
    68 |     justifyContent: 'flex-end',
    69 |     alignItems: 'flex-start',


ERROR in src/ee/billing/components/UsageProgress.tsx:70:5

TS2769: No overload matches this call.
  The last overload gave the following error.
    Type '"44px"' is not assignable to type 'ConditionalValue<WithEscapeHatch<"screen" | "auto" | `var(--${string})` | SizeToken | "1/2" | "1/3" | "2/3" | "1/4" | "2/4" | "3/4" | "1/5" | "2/5" | "3/5" | "4/5" | "1/6" | "2/6" | "3/6" | "4/6" | "5/6" | "svh" | "lvh" | "dvh">> | undefined'.
      Type '"4px"' is not assignable to type 'ConditionalValue<WithEscapeHatch<`var(--${string})` | SpacingToken>> | undefined'.
    68 |     justifyContent: 'flex-end',
    69 |     alignItems: 'flex-start',
  > 70 |     gap: '4px',
       |     ^^^
    71 |     alignSelf: 'stretch',
    72 |   }),
    73 |   warningMessage: css({


ERROR in src/ee/billing/components/UsageProgress.tsx:76:5

TS2769: No overload matches this call.
  The last overload gave the following error.
    Type '"12px"' is not assignable to type 'ConditionalValue<WithEscapeHatch<`var(--${string})` | FontSizeToken>> | undefined'.
      Type '"400"' is not assignable to type 'ConditionalValue<WithEscapeHatch<FontWeightToken | `var(--${string})`>> | undefined'.
        Type '"16px"' is not assignable to type 'ConditionalValue<WithEscapeHatch<`var(--${string})` | LineHeightToken>> | undefined'.
          Type '"4px"' is not assignable to type 'ConditionalValue<WithEscapeHatch<`var(--${string})` | SpacingToken>> | undefined'.
    74 |     display: 'flex',
    75 |     alignItems: 'center',
  > 76 |     fontSize: '12px',
       |     ^^^^^^^^
    77 |     fontWeight: '400',
    78 |     lineHeight: '16px',
    79 |     gap: '4px',


ERROR in src/ee/billing/components/UsageProgress.tsx:77:5

TS2769: No overload matches this call.
  The last overload gave the following error.
    Type '"12px"' is not assignable to type 'ConditionalValue<WithEscapeHatch<`var(--${string})` | FontSizeToken>> | undefined'.
      Type '"400"' is not assignable to type 'ConditionalValue<WithEscapeHatch<FontWeightToken | `var(--${string})`>> | undefined'.
        Type '"16px"' is not assignable to type 'ConditionalValue<WithEscapeHatch<`var(--${string})` | LineHeightToken>> | undefined'.
          Type '"4px"' is not assignable to type 'ConditionalValue<WithEscapeHatch<`var(--${string})` | SpacingToken>> | undefined'.
    75 |     alignItems: 'center',
    76 |     fontSize: '12px',
  > 77 |     fontWeight: '400',
       |     ^^^^^^^^^^
    78 |     lineHeight: '16px',
    79 |     gap: '4px',
    80 |   }),


ERROR in src/ee/billing/components/UsageProgress.tsx:78:5

TS2769: No overload matches this call.
  The last overload gave the following error.
    Type '"12px"' is not assignable to type 'ConditionalValue<WithEscapeHatch<`var(--${string})` | FontSizeToken>> | undefined'.
      Type '"400"' is not assignable to type 'ConditionalValue<WithEscapeHatch<FontWeightToken | `var(--${string})`>> | undefined'.
        Type '"16px"' is not assignable to type 'ConditionalValue<WithEscapeHatch<`var(--${string})` | LineHeightToken>> | undefined'.
          Type '"4px"' is not assignable to type 'ConditionalValue<WithEscapeHatch<`var(--${string})` | SpacingToken>> | undefined'.
    76 |     fontSize: '12px',
    77 |     fontWeight: '400',
  > 78 |     lineHeight: '16px',
       |     ^^^^^^^^^^
    79 |     gap: '4px',
    80 |   }),
    81 |   warningIcon: css({


ERROR in src/ee/billing/components/UsageProgress.tsx:79:5

TS2769: No overload matches this call.
  The last overload gave the following error.
    Type '"12px"' is not assignable to type 'ConditionalValue<WithEscapeHatch<`var(--${string})` | FontSizeToken>> | undefined'.
      Type '"400"' is not assignable to type 'ConditionalValue<WithEscapeHatch<FontWeightToken | `var(--${string})`>> | undefined'.
        Type '"16px"' is not assignable to type 'ConditionalValue<WithEscapeHatch<`var(--${string})` | LineHeightToken>> | undefined'.
          Type '"4px"' is not assignable to type 'ConditionalValue<WithEscapeHatch<`var(--${string})` | SpacingToken>> | undefined'.
    77 |     fontWeight: '400',
    78 |     lineHeight: '16px',
  > 79 |     gap: '4px',
       |     ^^^
    80 |   }),
    81 |   warningIcon: css({
    82 |     display: 'flex',


ERROR in src/ee/billing/components/UsageProgress.tsx:87:5

TS2769: No overload matches this call.
  The last overload gave the following error.
    Type '"4px"' is not assignable to type 'ConditionalValue<WithEscapeHatch<"screen" | "auto" | `var(--${string})` | SizeToken | "1/2" | "1/3" | "2/3" | "1/4" | "2/4" | "3/4" | "1/5" | "2/5" | "3/5" | "4/5" | "1/6" | "2/6" | "3/6" | "4/6" | "5/6" | "svh" | "lvh" | "dvh">> | undefined'.
      Type '"pink"' is not assignable to type 'ConditionalValue<WithEscapeHatch<`var(--${string})` | ColorToken>> | undefined'.
    85 |   progressBar: css({
    86 |     display: 'flex',
  > 87 |     height: '4px',
       |     ^^^^^^
    88 |     flexDirection: 'column',
    89 |     alignItems: 'flex-start',
    90 |     alignSelf: 'stretch',


ERROR in src/ee/billing/components/UsageProgress.tsx:91:5

TS2769: No overload matches this call.
  The last overload gave the following error.
    Type '"4px"' is not assignable to type 'ConditionalValue<WithEscapeHatch<"screen" | "auto" | `var(--${string})` | SizeToken | "1/2" | "1/3" | "2/3" | "1/4" | "2/4" | "3/4" | "1/5" | "2/5" | "3/5" | "4/5" | "1/6" | "2/6" | "3/6" | "4/6" | "5/6" | "svh" | "lvh" | "dvh">> | undefined'.
      Type '"pink"' is not assignable to type 'ConditionalValue<WithEscapeHatch<`var(--${string})` | ColorToken>> | undefined'.
    89 |     alignItems: 'flex-start',
    90 |     alignSelf: 'stretch',
  > 91 |     color: 'pink',
       |     ^^^^^
    92 |   }),
    93 |   progressLegend: css({
    94 |     display: 'flex',


ERROR in src/ee/billing/components/UsageProgress.tsx:102:5

TS2769: No overload matches this call.
  The last overload gave the following error.
    Type '"4px"' is not assignable to type 'ConditionalValue<WithEscapeHatch<`var(--${string})` | SpacingToken>> | undefined'.
      Type '"12px"' is not assignable to type 'ConditionalValue<WithEscapeHatch<`var(--${string})` | FontSizeToken>> | undefined'.
        Type '"600"' is not assignable to type 'ConditionalValue<WithEscapeHatch<FontWeightToken | `var(--${string})`>> | undefined'.
          Type '"16px"' is not assignable to type 'ConditionalValue<WithEscapeHatch<`var(--${string})` | LineHeightToken>> | undefined'.
    100 |     display: 'flex',
    101 |     alignItems: 'flex-start',
  > 102 |     gap: '4px',
        |     ^^^
    103 |     color: 'typography.text.secondary',
    104 |     fontSize: '12px',
    105 |     fontWeight: '600',


ERROR in src/ee/billing/components/UsageProgress.tsx:104:5

TS2769: No overload matches this call.
  The last overload gave the following error.
    Type '"4px"' is not assignable to type 'ConditionalValue<WithEscapeHatch<`var(--${string})` | SpacingToken>> | undefined'.
      Type '"12px"' is not assignable to type 'ConditionalValue<WithEscapeHatch<`var(--${string})` | FontSizeToken>> | undefined'.
        Type '"600"' is not assignable to type 'ConditionalValue<WithEscapeHatch<FontWeightToken | `var(--${string})`>> | undefined'.
          Type '"16px"' is not assignable to type 'ConditionalValue<WithEscapeHatch<`var(--${string})` | LineHeightToken>> | undefined'.
    102 |     gap: '4px',
    103 |     color: 'typography.text.secondary',
  > 104 |     fontSize: '12px',
        |     ^^^^^^^^
    105 |     fontWeight: '600',
    106 |     lineHeight: '16px',
    107 |   }),


ERROR in src/ee/billing/components/UsageProgress.tsx:105:5

TS2769: No overload matches this call.
  The last overload gave the following error.
    Type '"4px"' is not assignable to type 'ConditionalValue<WithEscapeHatch<`var(--${string})` | SpacingToken>> | undefined'.
      Type '"12px"' is not assignable to type 'ConditionalValue<WithEscapeHatch<`var(--${string})` | FontSizeToken>> | undefined'.
        Type '"600"' is not assignable to type 'ConditionalValue<WithEscapeHatch<FontWeightToken | `var(--${string})`>> | undefined'.
          Type '"16px"' is not assignable to type 'ConditionalValue<WithEscapeHatch<`var(--${string})` | LineHeightToken>> | undefined'.
    103 |     color: 'typography.text.secondary',
    104 |     fontSize: '12px',
  > 105 |     fontWeight: '600',
        |     ^^^^^^^^^^
    106 |     lineHeight: '16px',
    107 |   }),
    108 | };


ERROR in src/ee/billing/components/UsageProgress.tsx:106:5

TS2769: No overload matches this call.
  The last overload gave the following error.
    Type '"4px"' is not assignable to type 'ConditionalValue<WithEscapeHatch<`var(--${string})` | SpacingToken>> | undefined'.
      Type '"12px"' is not assignable to type 'ConditionalValue<WithEscapeHatch<`var(--${string})` | FontSizeToken>> | undefined'.
        Type '"600"' is not assignable to type 'ConditionalValue<WithEscapeHatch<FontWeightToken | `var(--${string})`>> | undefined'.
          Type '"16px"' is not assignable to type 'ConditionalValue<WithEscapeHatch<`var(--${string})` | LineHeightToken>> | undefined'.
    104 |     fontSize: '12px',
    105 |     fontWeight: '600',
  > 106 |     lineHeight: '16px',
        |     ^^^^^^^^^^
    107 |   }),
    108 | };
    109 |


ERROR in src/ee/clerk/pages/ManageAccountPage.styles.ts:21:5

TS2769: No overload matches this call.
  The last overload gave the following error.
    Type '"[90%] !important"' is not assignable to type 'ConditionalValue<WithEscapeHatch<"screen" | "auto" | `var(--${string})` | SizeToken | "1/2" | "1/3" | "2/3" | "1/4" | "2/4" | "3/4" | "1/5" | "2/5" | "3/5" | "4/5" | "1/6" | "2/6" | "3/6" | "4/6" | "5/6" | ... 10 more ... | "11/12">> | undefined'.
    19 |     backgroundColor: 'surface.panel !important',
    20 |     padding: '0 !important',
  > 21 |     width: '[90%] !important',
       |     ^^^^^
    22 |     height: 'full !important',
    23 |   }),
    24 |   body: css({ height: 'full !important' }),


ERROR in src/ee/clerk/pages/ManageAccountPage.styles.ts:29:5

TS2769: No overload matches this call.
  The last overload gave the following error.
    Type '"[10px] !important"' is not assignable to type 'ConditionalValue<WithEscapeHatch<`var(--${string})` | SpacingToken>> | undefined'.
    27 |     position: 'fixed !important',
    28 |     right: '75 !important',
  > 29 |     top: '[10px] !important',
       |     ^^^
    30 |     zIndex: 'docked !important',
    31 |   }),
    32 | };


ERROR in src/ee/clerk/pages/ManageAccountPage.styles.ts:41:3

TS2769: No overload matches this call.
  The last overload gave the following error.
    Type '"0 !important"' is not assignable to type 'ConditionalValue<WithEscapeHatch<`var(--${string})` | BorderToken>> | undefined'.
      Type '"unset !important"' is not assignable to type 'ConditionalValue<WithEscapeHatch<`var(--${string})` | ColorToken>> | undefined'.
    39 |   opacity: '100 !important',
    40 |   margin: '0 !important',
  > 41 |   border: '0 !important',
       |   ^^^^^^
    42 |   padding: '150 !important',
    43 |   '&:hover': {
    44 |     color: 'typography.text.main !important',


ERROR in src/ee/clerk/pages/ManageAccountPage.styles.ts:45:5

TS2769: No overload matches this call.
  The last overload gave the following error.
    Type '"0 !important"' is not assignable to type 'ConditionalValue<WithEscapeHatch<`var(--${string})` | BorderToken>> | undefined'.
      Type '"unset !important"' is not assignable to type 'ConditionalValue<WithEscapeHatch<`var(--${string})` | ColorToken>> | undefined'.
    43 |   '&:hover': {
    44 |     color: 'typography.text.main !important',
  > 45 |     backgroundColor: 'unset !important',
       |     ^^^^^^^^^^^^^^^
    46 |     borderColor: 'surface.panel !important',
    47 |     cursor: 'unset !important',
    48 |   },


ERROR in src/ee/clerk/pages/ManageAccountPage.styles.ts:65:3

TS2769: No overload matches this call.
  The last overload gave the following error.
    Type '"unset !important"' is not assignable to type 'ConditionalValue<WithEscapeHatch<`var(--${string})` | BorderToken>> | undefined'.
      Type '"userSettings.buttonWidth"' is not assignable to type 'ConditionalValue<WithEscapeHatch<"screen" | "auto" | `var(--${string})` | SizeToken | "1/2" | "1/3" | "2/3" | "1/4" | "2/4" | "3/4" | "1/5" | "2/5" | "3/5" | "4/5" | "1/6" | "2/6" | "3/6" | "4/6" | "5/6" | ... 10 more ... | "11/12">> | undefined'.
    63 |   px: '75 !important',
    64 |   margin: '25 !important',
  > 65 |   border: 'unset !important',
       |   ^^^^^^
    66 |   borderRadius: '50 !important',
    67 |   minWidth: 'userSettings.buttonWidth',
    68 |   '&:hover': {


ERROR in src/ee/clerk/pages/ManageAccountPage.styles.ts:67:3

TS2769: No overload matches this call.
  The last overload gave the following error.
    Type '"unset !important"' is not assignable to type 'ConditionalValue<WithEscapeHatch<`var(--${string})` | BorderToken>> | undefined'.
      Type '"userSettings.buttonWidth"' is not assignable to type 'ConditionalValue<WithEscapeHatch<"screen" | "auto" | `var(--${string})` | SizeToken | "1/2" | "1/3" | "2/3" | "1/4" | "2/4" | "3/4" | "1/5" | "2/5" | "3/5" | "4/5" | "1/6" | "2/6" | "3/6" | "4/6" | "5/6" | ... 10 more ... | "11/12">> | undefined'.
    65 |   border: 'unset !important',
    66 |   borderRadius: '50 !important',
  > 67 |   minWidth: 'userSettings.buttonWidth',
       |   ^^^^^^^^
    68 |   '&:hover': {
    69 |     color: 'typography.text.main !important',
    70 |     backgroundColor: 'surface.panelSubsection !important',


ERROR in src/ee/clerk/pages/ManageAccountPage.styles.ts:87:5

TS2769: No overload matches this call.
  The last overload gave the following error.
    Type '"unset !important"' is not assignable to type 'ConditionalValue<WithEscapeHatch<`var(--${string})` | BorderToken>> | undefined'.
    85 |   }),
    86 |   tabsList: css({
  > 87 |     borderRight: 'unset !important',
       |     ^^^^^^^^^^^
    88 |   }),
    89 |   tabIcon: css({
    90 |     marginRight: '50 !important',


ERROR in src/ee/clerk/pages/ManageAccountPage.styles.ts:94:35

TS2769: No overload matches this call.
  The last overload gave the following error.
    Type '"inherit"' is not assignable to type 'ConditionalValue<WithEscapeHatch<`var(--${string})` | ColorToken>> | undefined'.
    92 | };
    93 |
  > 94 | export const tabIconStyle = css({ color: 'inherit' });
       |                                   ^^^^^
    95 |


ERROR in src/pages/brand/BrandingPage.styles.ts:8:3

TS2769: No overload matches this call.
  The last overload gave the following error.
    Type '"7px"' is not assignable to type 'ConditionalValue<WithEscapeHatch<`var(--${string})` | RadiusToken>> | undefined'.
      Type '"15rem"' is not assignable to type 'ConditionalValue<WithEscapeHatch<"screen" | "auto" | `var(--${string})` | SizeToken | "1/2" | "1/3" | "2/3" | "1/4" | "2/4" | "3/4" | "1/5" | "2/5" | "3/5" | "4/5" | "1/6" | "2/6" | "3/6" | "4/6" | "5/6" | ... 10 more ... | "11/12">> | undefined'.
        Type '"1px solid"' is not assignable to type 'ConditionalValue<WithEscapeHatch<`var(--${string})` | BorderToken>> | undefined'.
          Type '"0.8"' is not assignable to type 'ConditionalValue<WithEscapeHatch<`var(--${string})` | OpacityToken>> | undefined'.
            Type '"blur(6px)"' is not assignable to type 'ConditionalValue<WithEscapeHatch<"auto" | `var(--${string})`>> | undefined'.
     6 |   position: 'relative',
     7 |   // TODO: use border radius values from Design-System once available
  >  8 |   rounded: '7px',
       |   ^^^^^^^
     9 |   px: '150',
    10 |   py: '200',
    11 |   width: '15rem',


ERROR in src/pages/brand/BrandingPage.styles.ts:11:3

TS2769: No overload matches this call.
  The last overload gave the following error.
    Type '"7px"' is not assignable to type 'ConditionalValue<WithEscapeHatch<`var(--${string})` | RadiusToken>> | undefined'.
      Type '"15rem"' is not assignable to type 'ConditionalValue<WithEscapeHatch<"screen" | "auto" | `var(--${string})` | SizeToken | "1/2" | "1/3" | "2/3" | "1/4" | "2/4" | "3/4" | "1/5" | "2/5" | "3/5" | "4/5" | "1/6" | "2/6" | "3/6" | "4/6" | "5/6" | ... 10 more ... | "11/12">> | undefined'.
        Type '"1px solid"' is not assignable to type 'ConditionalValue<WithEscapeHatch<`var(--${string})` | BorderToken>> | undefined'.
          Type '"0.8"' is not assignable to type 'ConditionalValue<WithEscapeHatch<`var(--${string})` | OpacityToken>> | undefined'.
            Type '"blur(6px)"' is not assignable to type 'ConditionalValue<WithEscapeHatch<"auto" | `var(--${string})`>> | undefined'.
     9 |   px: '150',
    10 |   py: '200',
  > 11 |   width: '15rem',
       |   ^^^^^
    12 |   // TODO: use border values from Design-System once available
    13 |   border: '1px solid',
    14 |   // TODO: Remove legacy colors, once the design system is updated


ERROR in src/pages/brand/BrandingPage.styles.ts:13:3

TS2769: No overload matches this call.
  The last overload gave the following error.
    Type '"7px"' is not assignable to type 'ConditionalValue<WithEscapeHatch<`var(--${string})` | RadiusToken>> | undefined'.
      Type '"15rem"' is not assignable to type 'ConditionalValue<WithEscapeHatch<"screen" | "auto" | `var(--${string})` | SizeToken | "1/2" | "1/3" | "2/3" | "1/4" | "2/4" | "3/4" | "1/5" | "2/5" | "3/5" | "4/5" | "1/6" | "2/6" | "3/6" | "4/6" | "5/6" | ... 10 more ... | "11/12">> | undefined'.
        Type '"1px solid"' is not assignable to type 'ConditionalValue<WithEscapeHatch<`var(--${string})` | BorderToken>> | undefined'.
          Type '"0.8"' is not assignable to type 'ConditionalValue<WithEscapeHatch<`var(--${string})` | OpacityToken>> | undefined'.
            Type '"blur(6px)"' is not assignable to type 'ConditionalValue<WithEscapeHatch<"auto" | `var(--${string})`>> | undefined'.
    11 |   width: '15rem',
    12 |   // TODO: use border values from Design-System once available
  > 13 |   border: '1px solid',
       |   ^^^^^^
    14 |   // TODO: Remove legacy colors, once the design system is updated
    15 |   borderColor: {
    16 |     base: 'legacy.B80',


ERROR in src/pages/brand/BrandingPage.styles.ts:26:5

TS2769: No overload matches this call.
  The last overload gave the following error.
    Type '"7px"' is not assignable to type 'ConditionalValue<WithEscapeHatch<`var(--${string})` | RadiusToken>> | undefined'.
      Type '"15rem"' is not assignable to type 'ConditionalValue<WithEscapeHatch<"screen" | "auto" | `var(--${string})` | SizeToken | "1/2" | "1/3" | "2/3" | "1/4" | "2/4" | "3/4" | "1/5" | "2/5" | "3/5" | "4/5" | "1/6" | "2/6" | "3/6" | "4/6" | "5/6" | ... 10 more ... | "11/12">> | undefined'.
        Type '"1px solid"' is not assignable to type 'ConditionalValue<WithEscapeHatch<`var(--${string})` | BorderToken>> | undefined'.
          Type '"0.8"' is not assignable to type 'ConditionalValue<WithEscapeHatch<`var(--${string})` | OpacityToken>> | undefined'.
            Type '"blur(6px)"' is not assignable to type 'ConditionalValue<WithEscapeHatch<"auto" | `var(--${string})`>> | undefined'.
    24 |       _dark: 'legacy.BGDark !important',
    25 |     },
  > 26 |     opacity: '0.8',
       |     ^^^^^^^
    27 |     backdropFilter: 'blur(6px)',
    28 |   },
    29 | });


ERROR in src/pages/brand/BrandingPage.styles.ts:27:5

TS2769: No overload matches this call.
  The last overload gave the following error.
    Type '"7px"' is not assignable to type 'ConditionalValue<WithEscapeHatch<`var(--${string})` | RadiusToken>> | undefined'.
      Type '"15rem"' is not assignable to type 'ConditionalValue<WithEscapeHatch<"screen" | "auto" | `var(--${string})` | SizeToken | "1/2" | "1/3" | "2/3" | "1/4" | "2/4" | "3/4" | "1/5" | "2/5" | "3/5" | "4/5" | "1/6" | "2/6" | "3/6" | "4/6" | "5/6" | ... 10 more ... | "11/12">> | undefined'.
        Type '"1px solid"' is not assignable to type 'ConditionalValue<WithEscapeHatch<`var(--${string})` | BorderToken>> | undefined'.
          Type '"0.8"' is not assignable to type 'ConditionalValue<WithEscapeHatch<`var(--${string})` | OpacityToken>> | undefined'.
            Type '"blur(6px)"' is not assignable to type 'ConditionalValue<WithEscapeHatch<"auto" | `var(--${string})`>> | undefined'.
    25 |     },
    26 |     opacity: '0.8',
  > 27 |     backdropFilter: 'blur(6px)',
       |     ^^^^^^^^^^^^^^
    28 |   },
    29 | });
    30 |


ERROR in src/pages/brand/BrandingPage.styles.ts:37:3

TS2769: No overload matches this call.
  The last overload gave the following error.
    Type '"20"' is not assignable to type 'ConditionalValue<WithEscapeHatch<`var(--${string})` | ZIndexToken>> | undefined'.
      Type '"7px"' is not assignable to type 'ConditionalValue<WithEscapeHatch<`var(--${string})` | RadiusToken>> | undefined'.
        Type '"blur(5px)"' is not assignable to type 'ConditionalValue<WithEscapeHatch<"auto" | `var(--${string})`>> | undefined'.
          Type '"100%"' is not assignable to type 'ConditionalValue<WithEscapeHatch<"screen" | "auto" | `var(--${string})` | SizeToken | "1/2" | "1/3" | "2/3" | "1/4" | "2/4" | "3/4" | "1/5" | "2/5" | "3/5" | "4/5" | "1/6" | "2/6" | "3/6" | "4/6" | "5/6" | ... 10 more ... | "11/12">> | undefined'. Did you mean '"100"'?
            Type '"100%"' is not assignable to type 'ConditionalValue<WithEscapeHatch<"screen" | "auto" | `var(--${string})` | SizeToken | "1/2" | "1/3" | "2/3" | "1/4" | "2/4" | "3/4" | "1/5" | "2/5" | "3/5" | "4/5" | "1/6" | "2/6" | "3/6" | "4/6" | "5/6" | "svh" | "lvh" | "dvh">> | undefined'. Did you mean '"100"'?
    35 |   gap: '150',
    36 |   // TODO: use z-index value from Design-System once available
  > 37 |   zIndex: '20',
       |   ^^^^^^
    38 |   // TODO: use border radius values from Design-System once available
    39 |   rounded: '7px',
    40 |   position: 'absolute',


ERROR in src/pages/brand/BrandingPage.styles.ts:39:3

TS2769: No overload matches this call.
  The last overload gave the following error.
    Type '"20"' is not assignable to type 'ConditionalValue<WithEscapeHatch<`var(--${string})` | ZIndexToken>> | undefined'.
      Type '"7px"' is not assignable to type 'ConditionalValue<WithEscapeHatch<`var(--${string})` | RadiusToken>> | undefined'.
        Type '"blur(5px)"' is not assignable to type 'ConditionalValue<WithEscapeHatch<"auto" | `var(--${string})`>> | undefined'.
          Type '"100%"' is not assignable to type 'ConditionalValue<WithEscapeHatch<"screen" | "auto" | `var(--${string})` | SizeToken | "1/2" | "1/3" | "2/3" | "1/4" | "2/4" | "3/4" | "1/5" | "2/5" | "3/5" | "4/5" | "1/6" | "2/6" | "3/6" | "4/6" | "5/6" | ... 10 more ... | "11/12">> | undefined'. Did you mean '"100"'?
            Type '"100%"' is not assignable to type 'ConditionalValue<WithEscapeHatch<"screen" | "auto" | `var(--${string})` | SizeToken | "1/2" | "1/3" | "2/3" | "1/4" | "2/4" | "3/4" | "1/5" | "2/5" | "3/5" | "4/5" | "1/6" | "2/6" | "3/6" | "4/6" | "5/6" | "svh" | "lvh" | "dvh">> | undefined'. Did you mean '"100"'?
    37 |   zIndex: '20',
    38 |   // TODO: use border radius values from Design-System once available
  > 39 |   rounded: '7px',
       |   ^^^^^^^
    40 |   position: 'absolute',
    41 |   top: '0',
    42 |   left: '0',


ERROR in src/pages/brand/BrandingPage.styles.ts:43:3

TS2769: No overload matches this call.
  The last overload gave the following error.
    Type '"20"' is not assignable to type 'ConditionalValue<WithEscapeHatch<`var(--${string})` | ZIndexToken>> | undefined'.
      Type '"7px"' is not assignable to type 'ConditionalValue<WithEscapeHatch<`var(--${string})` | RadiusToken>> | undefined'.
        Type '"blur(5px)"' is not assignable to type 'ConditionalValue<WithEscapeHatch<"auto" | `var(--${string})`>> | undefined'.
          Type '"100%"' is not assignable to type 'ConditionalValue<WithEscapeHatch<"screen" | "auto" | `var(--${string})` | SizeToken | "1/2" | "1/3" | "2/3" | "1/4" | "2/4" | "3/4" | "1/5" | "2/5" | "3/5" | "4/5" | "1/6" | "2/6" | "3/6" | "4/6" | "5/6" | ... 10 more ... | "11/12">> | undefined'. Did you mean '"100"'?
            Type '"100%"' is not assignable to type 'ConditionalValue<WithEscapeHatch<"screen" | "auto" | `var(--${string})` | SizeToken | "1/2" | "1/3" | "2/3" | "1/4" | "2/4" | "3/4" | "1/5" | "2/5" | "3/5" | "4/5" | "1/6" | "2/6" | "3/6" | "4/6" | "5/6" | "svh" | "lvh" | "dvh">> | undefined'. Did you mean '"100"'?
    41 |   top: '0',
    42 |   left: '0',
  > 43 |   backdropFilter: 'blur(5px)',
       |   ^^^^^^^^^^^^^^
    44 |   width: '100%',
    45 |   height: '100%',
    46 |   /**


ERROR in src/pages/brand/BrandingPage.styles.ts:44:3

TS2769: No overload matches this call.
  The last overload gave the following error.
    Type '"20"' is not assignable to type 'ConditionalValue<WithEscapeHatch<`var(--${string})` | ZIndexToken>> | undefined'.
      Type '"7px"' is not assignable to type 'ConditionalValue<WithEscapeHatch<`var(--${string})` | RadiusToken>> | undefined'.
        Type '"blur(5px)"' is not assignable to type 'ConditionalValue<WithEscapeHatch<"auto" | `var(--${string})`>> | undefined'.
          Type '"100%"' is not assignable to type 'ConditionalValue<WithEscapeHatch<"screen" | "auto" | `var(--${string})` | SizeToken | "1/2" | "1/3" | "2/3" | "1/4" | "2/4" | "3/4" | "1/5" | "2/5" | "3/5" | "4/5" | "1/6" | "2/6" | "3/6" | "4/6" | "5/6" | ... 10 more ... | "11/12">> | undefined'. Did you mean '"100"'?
            Type '"100%"' is not assignable to type 'ConditionalValue<WithEscapeHatch<"screen" | "auto" | `var(--${string})` | SizeToken | "1/2" | "1/3" | "2/3" | "1/4" | "2/4" | "3/4" | "1/5" | "2/5" | "3/5" | "4/5" | "1/6" | "2/6" | "3/6" | "4/6" | "5/6" | "svh" | "lvh" | "dvh">> | undefined'. Did you mean '"100"'?
    42 |   left: '0',
    43 |   backdropFilter: 'blur(5px)',
  > 44 |   width: '100%',
       |   ^^^^^
    45 |   height: '100%',
    46 |   /**
    47 |    * _groupHover is used style the element based on its parent element's state or attribute


ERROR in src/pages/brand/BrandingPage.styles.ts:45:3

TS2769: No overload matches this call.
  The last overload gave the following error.
    Type '"20"' is not assignable to type 'ConditionalValue<WithEscapeHatch<`var(--${string})` | ZIndexToken>> | undefined'.
      Type '"7px"' is not assignable to type 'ConditionalValue<WithEscapeHatch<`var(--${string})` | RadiusToken>> | undefined'.
        Type '"blur(5px)"' is not assignable to type 'ConditionalValue<WithEscapeHatch<"auto" | `var(--${string})`>> | undefined'.
          Type '"100%"' is not assignable to type 'ConditionalValue<WithEscapeHatch<"screen" | "auto" | `var(--${string})` | SizeToken | "1/2" | "1/3" | "2/3" | "1/4" | "2/4" | "3/4" | "1/5" | "2/5" | "3/5" | "4/5" | "1/6" | "2/6" | "3/6" | "4/6" | "5/6" | ... 10 more ... | "11/12">> | undefined'. Did you mean '"100"'?
            Type '"100%"' is not assignable to type 'ConditionalValue<WithEscapeHatch<"screen" | "auto" | `var(--${string})` | SizeToken | "1/2" | "1/3" | "2/3" | "1/4" | "2/4" | "3/4" | "1/5" | "2/5" | "3/5" | "4/5" | "1/6" | "2/6" | "3/6" | "4/6" | "5/6" | "svh" | "lvh" | "dvh">> | undefined'. Did you mean '"100"'?
    43 |   backdropFilter: 'blur(5px)',
    44 |   width: '100%',
  > 45 |   height: '100%',
       |   ^^^^^^
    46 |   /**
    47 |    * _groupHover is used style the element based on its parent element's state or attribute
    48 |    * REF: https://panda-css.com/docs/concepts/conditional-styles#group-selectors


ERROR in src/pages/brand/BrandingPage.styles.ts:56:3

TS2769: No overload matches this call.
  The last overload gave the following error.
    Type '"none !important"' is not assignable to type 'ConditionalValue<WithEscapeHatch<`var(--${string})` | ColorToken>> | undefined'.
    54 |
    55 | export const dropzoneRootStyles = css({
  > 56 |   background: 'none !important',
       |   ^^^^^^^^^^
    57 |   border: 'none !important',
    58 | });
    59 |


ERROR in src/pages/brand/BrandingPage.styles.ts:68:3

TS2769: No overload matches this call.
  The last overload gave the following error.
    Type '"15rem"' is not assignable to type 'ConditionalValue<WithEscapeHatch<"screen" | "auto" | `var(--${string})` | SizeToken | "1/2" | "1/3" | "2/3" | "1/4" | "2/4" | "3/4" | "1/5" | "2/5" | "3/5" | "4/5" | "1/6" | "2/6" | "3/6" | "4/6" | "5/6" | ... 10 more ... | "11/12">> | undefined'.
    66 |
    67 | export const inputWrapperStyles = css({
  > 68 |   width: '15rem',
       |   ^^^^^
    69 | });
    70 |


ERROR in src/pages/brand/BrandLogoUpload.tsx:78:13

TS2769: No overload matches this call.
  The last overload gave the following error.
    Type '"6.25rem"' is not assignable to type 'ConditionalValue<WithEscapeHatch<"screen" | "auto" | `var(--${string})` | SizeToken | "1/2" | "1/3" | "2/3" | "1/4" | "2/4" | "3/4" | "1/5" | "2/5" | "3/5" | "4/5" | "1/6" | "2/6" | "3/6" | "4/6" | "5/6" | "svh" | "lvh" | "dvh">> | undefined'.
      Type '"6.25rem"' is not assignable to type 'ConditionalValue<WithEscapeHatch<"screen" | "auto" | `var(--${string})` | SizeToken | "1/2" | "1/3" | "2/3" | "1/4" | "2/4" | "3/4" | "1/5" | "2/5" | "3/5" | "4/5" | "1/6" | "2/6" | "3/6" | "4/6" | "5/6" | ... 10 more ... | "11/12">> | undefined'.
    76 |         <div
    77 |           className={css({
  > 78 |             minHeight: BRAND_LOGO_SIZE,
       |             ^^^^^^^^^
    79 |             minWidth: BRAND_LOGO_SIZE,
    80 |             display: 'flex',
    81 |           })}


ERROR in src/pages/brand/BrandLogoUpload.tsx:79:13

TS2769: No overload matches this call.
  The last overload gave the following error.
    Type '"6.25rem"' is not assignable to type 'ConditionalValue<WithEscapeHatch<"screen" | "auto" | `var(--${string})` | SizeToken | "1/2" | "1/3" | "2/3" | "1/4" | "2/4" | "3/4" | "1/5" | "2/5" | "3/5" | "4/5" | "1/6" | "2/6" | "3/6" | "4/6" | "5/6" | "svh" | "lvh" | "dvh">> | undefined'.
      Type '"6.25rem"' is not assignable to type 'ConditionalValue<WithEscapeHatch<"screen" | "auto" | `var(--${string})` | SizeToken | "1/2" | "1/3" | "2/3" | "1/4" | "2/4" | "3/4" | "1/5" | "2/5" | "3/5" | "4/5" | "1/6" | "2/6" | "3/6" | "4/6" | "5/6" | ... 10 more ... | "11/12">> | undefined'.
    77 |           className={css({
    78 |             minHeight: BRAND_LOGO_SIZE,
  > 79 |             minWidth: BRAND_LOGO_SIZE,
       |             ^^^^^^^^
    80 |             display: 'flex',
    81 |           })}
    82 |         >


ERROR in src/pages/brand/BrandLogoUpload.tsx:88:17

TS2769: No overload matches this call.
  The last overload gave the following error.
    Type '"6.25rem"' is not assignable to type 'ConditionalValue<WithEscapeHatch<"screen" | "auto" | `var(--${string})` | SizeToken | "1/2" | "1/3" | "2/3" | "1/4" | "2/4" | "3/4" | "1/5" | "2/5" | "3/5" | "4/5" | "1/6" | "2/6" | "3/6" | "4/6" | "5/6" | "svh" | "lvh" | "dvh">> | undefined'.
      Type '"6.25rem"' is not assignable to type 'ConditionalValue<WithEscapeHatch<"screen" | "auto" | `var(--${string})` | SizeToken | "1/2" | "1/3" | "2/3" | "1/4" | "2/4" | "3/4" | "1/5" | "2/5" | "3/5" | "4/5" | "1/6" | "2/6" | "3/6" | "4/6" | "5/6" | ... 10 more ... | "11/12">> | undefined'.
    86 |               src={field.value}
    87 |               className={css({
  > 88 |                 minHeight: BRAND_LOGO_SIZE,
       |                 ^^^^^^^^^
    89 |                 minWidth: BRAND_LOGO_SIZE,
    90 |                 objectFit: 'contain',
    91 |               })}


ERROR in src/pages/brand/BrandLogoUpload.tsx:89:17

TS2769: No overload matches this call.
  The last overload gave the following error.
    Type '"6.25rem"' is not assignable to type 'ConditionalValue<WithEscapeHatch<"screen" | "auto" | `var(--${string})` | SizeToken | "1/2" | "1/3" | "2/3" | "1/4" | "2/4" | "3/4" | "1/5" | "2/5" | "3/5" | "4/5" | "1/6" | "2/6" | "3/6" | "4/6" | "5/6" | "svh" | "lvh" | "dvh">> | undefined'.
      Type '"6.25rem"' is not assignable to type 'ConditionalValue<WithEscapeHatch<"screen" | "auto" | `var(--${string})` | SizeToken | "1/2" | "1/3" | "2/3" | "1/4" | "2/4" | "3/4" | "1/5" | "2/5" | "3/5" | "4/5" | "1/6" | "2/6" | "3/6" | "4/6" | "5/6" | ... 10 more ... | "11/12">> | undefined'.
    87 |               className={css({
    88 |                 minHeight: BRAND_LOGO_SIZE,
  > 89 |                 minWidth: BRAND_LOGO_SIZE,
       |                 ^^^^^^^^
    90 |                 objectFit: 'contain',
    91 |               })}
    92 |               alt="avatar"


ERROR in src/pages/settings/ApiKeysPage/ApiKeysPage.tsx:31:46

TS2322: Type '"37.5rem"' is not assignable to type 'ConditionalValue<WithEscapeHatch<`var(--${string})` | "auto" | SizeToken | "screen" | "1/2" | "1/3" | "2/3" | "1/4" | "2/4" | "3/4" | "1/5" | "2/5" | "3/5" | "4/5" | "1/6" | "2/6" | "3/6" | "4/6" | "5/6" | ... 10 more ... | "11/12">> | undefined'.
    29 |   return (
    30 |     <SettingsPageContainer title="API keys">
  > 31 |       <Flex direction={'column'} gap={'200'} maxW="37.5rem">
       |                                              ^^^^
    32 |         <Input
    33 |           readOnly
    34 |           type={isSecretKeyMasked ? 'password' : 'text'}


ERROR in src/pages/settings/organization/OrganizationName.tsx:60:19

TS2769: No overload matches this call.
  The last overload gave the following error.
    Type '"340px"' is not assignable to type 'ConditionalValue<WithEscapeHatch<"screen" | "auto" | `var(--${string})` | SizeToken | "1/2" | "1/3" | "2/3" | "1/4" | "2/4" | "3/4" | "1/5" | "2/5" | "3/5" | "4/5" | "1/6" | "2/6" | "3/6" | "4/6" | "5/6" | ... 10 more ... | "11/12">> | undefined'.
    58 |               classNames={{
    59 |                 wrapper: css({
  > 60 |                   w: '340px',
       |                   ^
    61 |                 }),
    62 |                 input: css({
    63 |                   m: '0px !important',


ERROR in src/pages/settings/organization/OrganizationName.tsx:63:19

TS2769: No overload matches this call.
  The last overload gave the following error.
    Type '"0px !important"' is not assignable to type 'ConditionalValue<WithEscapeHatch<"auto" | `var(--${string})` | SpacingToken>> | undefined'.
    61 |                 }),
    62 |                 input: css({
  > 63 |                   m: '0px !important',
       |                   ^
    64 |                   h: 'components.input.height',
    65 |                 }),
    66 |               }}


ERROR in src/pages/settings/organization/OrganizationPage.tsx:15:14

TS2322: Type 'number' is not assignable to type 'ConditionalValue<WithEscapeHatch<SpacingToken | `var(--${string})`>> | undefined'.
    13 |   return (
    14 |     <SettingsPageContainer title={PAGE_TITLE}>
  > 15 |       <Stack gap={150} direction="row" h={'4.5rem'} align="flex-end">
       |              ^^^
    16 |         {/* TODO: Once organization logo api is implemented update this to use the org logo */}
    17 |         <OrganizationLogo logoUrl={COMPANY_LOGO_PATH} />
    18 |         <OrganizationName name={currentOrganization?.name} />


ERROR in src/pages/settings/organization/OrganizationPage.tsx:15:40

TS2322: Type '"4.5rem"' is not assignable to type 'ConditionalValue<WithEscapeHatch<"auto" | `var(--${string})` | SizeToken | "svh" | "lvh" | "dvh" | "screen" | "1/2" | "1/3" | "2/3" | "1/4" | "2/4" | "3/4" | "1/5" | "2/5" | "3/5" | "4/5" | "1/6" | "2/6" | "3/6" | "4/6" | "5/6">> | undefined'.
    13 |   return (
    14 |     <SettingsPageContainer title={PAGE_TITLE}>
  > 15 |       <Stack gap={150} direction="row" h={'4.5rem'} align="flex-end">
       |                                        ^
    16 |         {/* TODO: Once organization logo api is implemented update this to use the org logo */}
    17 |         <OrganizationLogo logoUrl={COMPANY_LOGO_PATH} />
    18 |         <OrganizationName name={currentOrganization?.name} />


ERROR in src/pages/settings/user-profile-page/UserProfileForm.tsx:23:3

TS2769: No overload matches this call.
  The last overload gave the following error.
    Type '"10rem"' is not assignable to type 'ConditionalValue<WithEscapeHatch<"screen" | "auto" | `var(--${string})` | SizeToken | "1/2" | "1/3" | "2/3" | "1/4" | "2/4" | "3/4" | "1/5" | "2/5" | "3/5" | "4/5" | "1/6" | "2/6" | "3/6" | "4/6" | "5/6" | ... 10 more ... | "11/12">> | undefined'.
    21 |
    22 | const formInputStyles = css({
  > 23 |   minWidth: '10rem',
       |   ^^^^^^^^
    24 |   '& label': { marginTop: '0 !important' },
    25 |   /**
    26 |    * show the error message absolutely positioned below the input, otherwise it will push the input up


ERROR in src/pages/settings/user-profile-page/UserProfileForm.tsx:112:77

TS2769: No overload matches this call.
  The last overload gave the following error.
    Type '"2.5rem"' is not assignable to type 'ConditionalValue<WithEscapeHatch<"auto" | `var(--${string})` | SpacingToken>> | undefined'.
    110 |       onSubmit={handleSubmit(onUpdateUserProfileHandler)}
    111 |       // TODO: update with proper token value for marginBottom: 250
  > 112 |       className={css({ display: 'flex', alignItems: 'flex-end', gap: '150', marginBottom: '2.5rem' })}
        |                                                                             ^^^^^^^^^^^^
    113 |     >
    114 |       <ProfileImage {...profilePictureField} onChange={onUpdateUserProfileImageHandler} isDisabled={isLoading} />
    115 |       <Input


ERROR in src/pages/settings/user-profile-page/UserProfilePage.tsx:14:27

TS2769: No overload matches this call.
  The last overload gave the following error.
    Type '"18.75rem"' is not assignable to type 'ConditionalValue<WithEscapeHatch<"auto" | `var(--${string})` | SizeToken | "screen" | "1/2" | "1/3" | "2/3" | "1/4" | "2/4" | "3/4" | "1/5" | "2/5" | "3/5" | "4/5" | "1/6" | "2/6" | "3/6" | "4/6" | "5/6" | ... 10 more ... | "11/12">> | undefined'.
    12 | const Title = styled('h2', title);
    13 |
  > 14 | const inputStyles = css({ minWidth: '18.75rem' });
       |                           ^^^^^^^^
    15 |
    16 | export const UserProfilePage: FC = () => {
    17 |   const { currentUser } = useAuth();


ERROR in src/pages/settings/user-profile-page/UserProfilePage.tsx:23:29

TS2769: No overload matches this call.
  The last overload gave the following error.
    Type '"fit-content"' is not assignable to type 'ConditionalValue<WithEscapeHatch<"auto" | `var(--${string})` | SizeToken | "screen" | "1/2" | "1/3" | "2/3" | "1/4" | "2/4" | "3/4" | "1/5" | "2/5" | "3/5" | "4/5" | "1/6" | "2/6" | "3/6" | "4/6" | "5/6" | ... 10 more ... | "11/12">> | undefined'.
    21 |   return (
    22 |     <SettingsPageContainer title="User profile">
  > 23 |       <div className={css({ width: 'fit-content' })}>
       |                             ^^^^^
    24 |         <UserProfileForm currentUser={currentUser} />
    25 |         <Title mb="100" variant="section">
    26 |           Profile security


ERROR in src/pages/settings/user-profile-page/UserProfilePasswordEmailVerificationSection.tsx:32:21

TS2769: No overload matches this call.
  The last overload gave the following error.
    Type '"2ch"' is not assignable to type 'ConditionalValue<WithEscapeHatch<"screen" | "auto" | `var(--${string})` | SizeToken | "1/2" | "1/3" | "2/3" | "1/4" | "2/4" | "3/4" | "1/5" | "2/5" | "3/5" | "4/5" | "1/6" | "2/6" | "3/6" | "4/6" | "5/6" | ... 10 more ... | "11/12">> | undefined'.
    30 |               text({ variant: 'strong' }),
    31 |               // prevent layout from shifting when timer changes from 2 digits to 1 digit.
  > 32 |               css({ minWidth: '2ch', display: 'inline-block', textAlign: 'center' })
       |                     ^^^^^^^^
    33 |             )}
    34 |           >
    35 |             {countdownTimerSeconds}


ERROR in src/pages/settings/user-profile-page/UserProfilePasswordForm.tsx:112:51

TS2769: No overload matches this call.
  The last overload gave the following error.
    Type '"fit-content !important"' is not assignable to type 'ConditionalValue<WithEscapeHatch<"screen" | "auto" | `var(--${string})` | SizeToken | "1/2" | "1/3" | "2/3" | "1/4" | "2/4" | "3/4" | "1/5" | "2/5" | "3/5" | "4/5" | "1/6" | "2/6" | "3/6" | "4/6" | "5/6" | ... 10 more ... | "11/12">> | undefined'.
    110 |           disabled={isSubmitDisabled}
    111 |           data-test-id="submit-btn"
  > 112 |           className={css({ alignSelf: 'flex-end', width: 'fit-content !important' })}
        |                                                   ^^^^^
    113 |         >
    114 |           Set Password
    115 |         </Button>


ERROR in src/pages/settings/user-profile-page/UserProfileSidebarControl.tsx:42:50

TS2769: No overload matches this call.
  The last overload gave the following error.
    Type '""' is not assignable to type 'ConditionalValue<WithEscapeHatch<`var(--${string})` | ColorToken>> | undefined'.
    40 |   return (
    41 |     <>
  > 42 |       <Button variant="outline" className={css({ color: '' })} onClick={handleSetPasswordClick}>
       |                                                  ^^^^^
    43 |         <IconOutlineLockPerson className={css({ color: 'button.text.outline !important' })} />
    44 |         {hasPassword ? 'Update password' : 'Set password'}
    45 |       </Button>


ERROR in src/pages/settings/user-profile-page/UserProfileUpdatePasswordForm.tsx:117:51

TS2769: No overload matches this call.
  The last overload gave the following error.
    Type '"fit-content !important"' is not assignable to type 'ConditionalValue<WithEscapeHatch<"screen" | "auto" | `var(--${string})` | SizeToken | "1/2" | "1/3" | "2/3" | "1/4" | "2/4" | "3/4" | "1/5" | "2/5" | "3/5" | "4/5" | "1/6" | "2/6" | "3/6" | "4/6" | "5/6" | ... 10 more ... | "11/12">> | undefined'.
    115 |           disabled={isSubmitDisabled}
    116 |           data-test-id="submit-btn"
  > 117 |           className={css({ alignSelf: 'flex-end', width: 'fit-content !important' })}
        |                                                   ^^^^^
    118 |         >
    119 |           Update Password
    120 |         </Button>


ERROR in src/pages/settings/WebhookPage/WebhookPage.tsx:49:43

TS2769: No overload matches this call.
  The last overload gave the following error.
    Type '"600px"' is not assignable to type 'ConditionalValue<WithEscapeHatch<`var(--${string})` | "auto" | SizeToken | "screen" | "1/2" | "1/3" | "2/3" | "1/4" | "2/4" | "3/4" | "1/5" | "2/5" | "3/5" | "4/5" | "1/6" | "2/6" | "3/6" | "4/6" | "5/6" | ... 10 more ... | "11/12">> | undefined'.
    47 |       title="Inbound parse webhook"
    48 |       header={
  > 49 |         <Stack gap="100" className={css({ maxW: '600px' })}>
       |                                           ^^^^
    50 |           <div>
    51 |             <Text>
    52 |               A webhook that processes all incoming email for a domain or subdomain, parses the contents and


ERROR in src/pages/settings/WebhookPage/WebhookPage.tsx:64:41

TS2769: No overload matches this call.
  The last overload gave the following error.
    Type '"960px"' is not assignable to type 'ConditionalValue<WithEscapeHatch<`var(--${string})` | "auto" | SizeToken | "screen" | "1/2" | "1/3" | "2/3" | "1/4" | "2/4" | "3/4" | "1/5" | "2/5" | "3/5" | "4/5" | "1/6" | "2/6" | "3/6" | "4/6" | "5/6" | ... 10 more ... | "11/12">> | undefined'.
    62 |       }
    63 |     >
  > 64 |       <Stack gap="200" className={css({ maxW: '960px' })}>
       |                                         ^^^^
    65 |         <Timeline>
    66 |           <MantineTimeline.Item
    67 |             bullet={1}


ERROR in src/pages/settings/WebhookPage/WebhookPage.tsx:84:21

TS2820: Type '"100%"' is not assignable to type 'ConditionalValue<WithEscapeHatch<`var(--${string})` | "auto" | SizeToken | "screen" | "1/2" | "1/3" | "2/3" | "1/4" | "2/4" | "3/4" | "1/5" | "2/5" | "3/5" | "4/5" | "1/6" | "2/6" | "3/6" | "4/6" | "5/6" | ... 10 more ... | "11/12">> | undefined'. Did you mean '"100"'?
    82 |                 render={({ field, fieldState }) => (
    83 |                   <HStack
  > 84 |                     width={'100%'}
       |                     ^^^^^
    85 |                     className={css({ height: 'components.input.height', marginTop: '50' })}
    86 |                     gap="molecules.form.input.button"
    87 |                   >


ERROR in src/pages/settings/WebhookPage/WebhookPage.tsx:104:40

TS2769: No overload matches this call.
  The last overload gave the following error.
    Type '"100% !important"' is not assignable to type 'ConditionalValue<WithEscapeHatch<`var(--${string})` | "auto" | SizeToken | "svh" | "lvh" | "dvh" | "screen" | "1/2" | "1/3" | "2/3" | "1/4" | "2/4" | "3/4" | "1/5" | "2/5" | "3/5" | "4/5" | "1/6" | "2/6" | "3/6" | "4/6" | "5/6">> | undefined'.
    102 |                     <Button
    103 |                       disabled={!field.value || field.value === inboundParseDomain}
  > 104 |                       className={css({ h: '100% !important' })}
        |                                        ^
    105 |                       loading={isUpdateDnsSettingsLoading}
    106 |                       submit
    107 |                     >


ERROR in src/pages/studio-onboarding/components/CodeSnippet.tsx:9:5

TS2769: No overload matches this call.
  The last overload gave the following error.
    Type '{ base: "#ededed !important"; _dark: "surface.popover !important"; }' is not assignable to type 'ConditionalValue<WithEscapeHatch<`var(--${string})` | ColorToken>> | undefined'.
      Types of property 'base' are incompatible.
        Type '"#ededed !important"' is not assignable to type 'ConditionalValue<WithEscapeHatch<`var(--${string})` | ColorToken>> | undefined'.
     7 |   '& input': {
     8 |     border: 'none !important',
  >  9 |     background: {
       |     ^^^^^^^^^^
    10 |       base: '#ededed !important',
    11 |       _dark: 'surface.popover !important',
    12 |     },


ERROR in src/pages/studio-onboarding/components/Footer.tsx:48:9

TS2769: No overload matches this call.
  The last overload gave the following error.
    Type 'number' is not assignable to type 'ConditionalValue<WithEscapeHatch<SpacingToken | `var(--${string})`>> | undefined'.
      Type 'number' is not assignable to type 'ConditionalValue<WithEscapeHatch<SpacingToken | `var(--${string})`>> | undefined'.
        Type 'number' is not assignable to type 'ConditionalValue<WithEscapeHatch<SpacingToken | `var(--${string})`>> | undefined'.
    46 |         backgroundColor: 'surface.panel',
    47 |         position: 'fixed',
  > 48 |         bottom: 0,
       |         ^^^^^^
    49 |         left: 0,
    50 |         right: 0,
    51 |         zIndex: 'docked',


ERROR in src/pages/studio-onboarding/components/Footer.tsx:49:9

TS2769: No overload matches this call.
  The last overload gave the following error.
    Type 'number' is not assignable to type 'ConditionalValue<WithEscapeHatch<SpacingToken | `var(--${string})`>> | undefined'.
      Type 'number' is not assignable to type 'ConditionalValue<WithEscapeHatch<SpacingToken | `var(--${string})`>> | undefined'.
        Type 'number' is not assignable to type 'ConditionalValue<WithEscapeHatch<SpacingToken | `var(--${string})`>> | undefined'.
    47 |         position: 'fixed',
    48 |         bottom: 0,
  > 49 |         left: 0,
       |         ^^^^
    50 |         right: 0,
    51 |         zIndex: 'docked',
    52 |       })}


ERROR in src/pages/studio-onboarding/components/Footer.tsx:50:9

TS2769: No overload matches this call.
  The last overload gave the following error.
    Type 'number' is not assignable to type 'ConditionalValue<WithEscapeHatch<SpacingToken | `var(--${string})`>> | undefined'.
      Type 'number' is not assignable to type 'ConditionalValue<WithEscapeHatch<SpacingToken | `var(--${string})`>> | undefined'.
        Type 'number' is not assignable to type 'ConditionalValue<WithEscapeHatch<SpacingToken | `var(--${string})`>> | undefined'.
    48 |         bottom: 0,
    49 |         left: 0,
  > 50 |         right: 0,
       |         ^^^^^
    51 |         zIndex: 'docked',
    52 |       })}
    53 |     >


ERROR in src/pages/studio-onboarding/components/Footer.tsx:58:13

TS2769: No overload matches this call.
  The last overload gave the following error.
    Type '"onboarding"' is not assignable to type 'ConditionalValue<WithEscapeHatch<"auto" | `var(--${string})` | SizeToken | "screen" | "1/2" | "1/3" | "2/3" | "1/4" | "2/4" | "3/4" | "1/5" | "2/5" | "3/5" | "4/5" | "1/6" | "2/6" | "3/6" | "4/6" | "5/6" | ... 10 more ... | "11/12">> | undefined'.
    56 |           justify="space-between"
    57 |           className={css({
  > 58 |             width: 'onboarding',
       |             ^^^^^
    59 |           })}
    60 |         >
    61 |           <div>


ERROR in src/pages/studio-onboarding/components/Header.tsx:20:45

TS2769: No overload matches this call.
  The last overload gave the following error.
    Type '"100%"' is not assignable to type 'ConditionalValue<WithEscapeHatch<"screen" | "auto" | `var(--${string})` | SizeToken | "1/2" | "1/3" | "2/3" | "1/4" | "2/4" | "3/4" | "1/5" | "2/5" | "3/5" | "4/5" | "1/6" | "2/6" | "3/6" | "4/6" | "5/6" | ... 10 more ... | "11/12">> | undefined'. Did you mean '"100"'?
    18 |       })}
    19 |     >
  > 20 |       <div className={css({ padding: '100', width: '100%', height: '375' })}>
       |                                             ^^^^^
    21 |         <img
    22 |           // TODO: these assets are not the same dimensions!
    23 |           src={colorScheme === 'dark' ? COMPANY_LOGO_TEXT_PATH : COMPANY_LOGO_TEXT_PATH_DARK_TEXT}


ERROR in src/pages/studio-onboarding/components/Header.tsx:32:13

TS2769: No overload matches this call.
  The last overload gave the following error.
    Type '"onboarding"' is not assignable to type 'ConditionalValue<WithEscapeHatch<"screen" | "auto" | `var(--${string})` | SizeToken | "1/2" | "1/3" | "2/3" | "1/4" | "2/4" | "3/4" | "1/5" | "2/5" | "3/5" | "4/5" | "1/6" | "2/6" | "3/6" | "4/6" | "5/6" | ... 10 more ... | "11/12">> | undefined'.
    30 |         <div
    31 |           className={css({
  > 32 |             width: 'onboarding',
       |             ^^^^^
    33 |           })}
    34 |         >
    35 |           <Stepper


ERROR in src/pages/studio-onboarding/components/Header.tsx:61:17

TS2769: No overload matches this call.
  The last overload gave the following error.
    Type '"200"' is not assignable to type 'ConditionalValue<WithEscapeHatch<`var(--${string})` | RadiusToken>> | undefined'.
    59 |               stepCompletedIcon: css({
    60 |                 backgroundColor: 'typography.text.feedback.success',
  > 61 |                 borderRadius: '200',
       |                 ^^^^^^^^^^^^
    62 |               }),
    63 |             }}
    64 |             progressIcon={({ step }) => <>{step + 1}</>}


ERROR in src/pages/studio-onboarding/components/SetupTimeline.recipe.ts:25:7

TS2322: Type '"1.5rem !important"' is not assignable to type 'ConditionalValue<WithEscapeHatch<`var(--${string})` | LineHeightToken>> | undefined'.
    23 |       fontWeight: 'strong !important',
    24 |       color: 'typography.text.main !important',
  > 25 |       lineHeight: '1.5rem !important',
       |       ^^^^^^^^^^
    26 |     },
    27 |     itemBullet: {
    28 |       fontWeight: 'strong',


ERROR in src/pages/studio-onboarding/components/SetupTimeline.recipe.ts:38:7

TS2322: Type '"1.25rem"' is not assignable to type 'ConditionalValue<WithEscapeHatch<`var(--${string})` | LineHeightToken>> | undefined'.
    36 |     },
    37 |     itemBody: {
  > 38 |       lineHeight: '1.25rem',
       |       ^^^^^^^^^^
    39 |       color: 'typography.text.secondary',
    40 |     },
    41 |


ERROR in src/pages/studio-onboarding/components/SetupTimeline.recipe.ts:44:7

TS2322: Type 'number' is not assignable to type 'ConditionalValue<WithEscapeHatch<`var(--${string})` | OpacityToken>> | undefined'.
    42 |     itemContent: {
    43 |       display: 'block',
  > 44 |       opacity: 1,
       |       ^^^^^^^
    45 |       maxHeight: '400px',
    46 |     },
    47 |   },


ERROR in src/pages/studio-onboarding/components/SetupTimeline.recipe.ts:45:7

TS2322: Type '"400px"' is not assignable to type 'ConditionalValue<WithEscapeHatch<"screen" | "auto" | `var(--${string})` | SizeToken | "1/2" | "1/3" | "2/3" | "1/4" | "2/4" | "3/4" | "1/5" | "2/5" | "3/5" | "4/5" | "1/6" | "2/6" | "3/6" | "4/6" | "5/6" | "svh" | "lvh" | "dvh">> | undefined'.
    43 |       display: 'block',
    44 |       opacity: 1,
  > 45 |       maxHeight: '400px',
       |       ^^^^^^^^^
    46 |     },
    47 |   },
    48 | });


ERROR in src/pages/studio-onboarding/components/Wrapper.tsx:13:11

TS2769: No overload matches this call.
  The last overload gave the following error.
    Type '"100dvw"' is not assignable to type 'ConditionalValue<WithEscapeHatch<"screen" | "auto" | `var(--${string})` | SizeToken | "1/2" | "1/3" | "2/3" | "1/4" | "2/4" | "3/4" | "1/5" | "2/5" | "3/5" | "4/5" | "1/6" | "2/6" | "3/6" | "4/6" | "5/6" | ... 10 more ... | "11/12">> | undefined'.
      Type '"100dvh"' is not assignable to type 'ConditionalValue<WithEscapeHatch<"screen" | "auto" | `var(--${string})` | SizeToken | "1/2" | "1/3" | "2/3" | "1/4" | "2/4" | "3/4" | "1/5" | "2/5" | "3/5" | "4/5" | "1/6" | "2/6" | "3/6" | "4/6" | "5/6" | "svh" | "lvh" | "dvh">> | undefined'.
        Type '"4rem"' is not assignable to type 'ConditionalValue<WithEscapeHatch<`var(--${string})` | SpacingToken>> | undefined'.
    11 |       className={cx(
    12 |         css({
  > 13 |           width: '100dvw',
       |           ^^^^^
    14 |           minHeight: '100dvh',
    15 |           colorPalette: 'mode.cloud',
    16 |           paddingBottom: '4rem',


ERROR in src/pages/studio-onboarding/components/Wrapper.tsx:14:11

TS2769: No overload matches this call.
  The last overload gave the following error.
    Type '"100dvw"' is not assignable to type 'ConditionalValue<WithEscapeHatch<"screen" | "auto" | `var(--${string})` | SizeToken | "1/2" | "1/3" | "2/3" | "1/4" | "2/4" | "3/4" | "1/5" | "2/5" | "3/5" | "4/5" | "1/6" | "2/6" | "3/6" | "4/6" | "5/6" | ... 10 more ... | "11/12">> | undefined'.
      Type '"100dvh"' is not assignable to type 'ConditionalValue<WithEscapeHatch<"screen" | "auto" | `var(--${string})` | SizeToken | "1/2" | "1/3" | "2/3" | "1/4" | "2/4" | "3/4" | "1/5" | "2/5" | "3/5" | "4/5" | "1/6" | "2/6" | "3/6" | "4/6" | "5/6" | "svh" | "lvh" | "dvh">> | undefined'.
        Type '"4rem"' is not assignable to type 'ConditionalValue<WithEscapeHatch<`var(--${string})` | SpacingToken>> | undefined'.
    12 |         css({
    13 |           width: '100dvw',
  > 14 |           minHeight: '100dvh',
       |           ^^^^^^^^^
    15 |           colorPalette: 'mode.cloud',
    16 |           paddingBottom: '4rem',
    17 |           bg: 'surface.panel',


ERROR in src/pages/studio-onboarding/components/Wrapper.tsx:16:11

TS2769: No overload matches this call.
  The last overload gave the following error.
    Type '"100dvw"' is not assignable to type 'ConditionalValue<WithEscapeHatch<"screen" | "auto" | `var(--${string})` | SizeToken | "1/2" | "1/3" | "2/3" | "1/4" | "2/4" | "3/4" | "1/5" | "2/5" | "3/5" | "4/5" | "1/6" | "2/6" | "3/6" | "4/6" | "5/6" | ... 10 more ... | "11/12">> | undefined'.
      Type '"100dvh"' is not assignable to type 'ConditionalValue<WithEscapeHatch<"screen" | "auto" | `var(--${string})` | SizeToken | "1/2" | "1/3" | "2/3" | "1/4" | "2/4" | "3/4" | "1/5" | "2/5" | "3/5" | "4/5" | "1/6" | "2/6" | "3/6" | "4/6" | "5/6" | "svh" | "lvh" | "dvh">> | undefined'.
        Type '"4rem"' is not assignable to type 'ConditionalValue<WithEscapeHatch<`var(--${string})` | SpacingToken>> | undefined'.
    14 |           minHeight: '100dvh',
    15 |           colorPalette: 'mode.cloud',
  > 16 |           paddingBottom: '4rem',
       |           ^^^^^^^^^^^^^
    17 |           bg: 'surface.panel',
    18 |         }),
    19 |         className


ERROR in src/pages/studio-onboarding/index.tsx:50:13

TS2769: No overload matches this call.
  The last overload gave the following error.
    Type '"onboarding"' is not assignable to type 'ConditionalValue<WithEscapeHatch<`var(--${string})` | "auto" | SizeToken | "screen" | "1/2" | "1/3" | "2/3" | "1/4" | "2/4" | "3/4" | "1/5" | "2/5" | "3/5" | "4/5" | "1/6" | "2/6" | "3/6" | "4/6" | "5/6" | ... 10 more ... | "11/12">> | undefined'.
    48 |         <div
    49 |           className={css({
  > 50 |             width: 'onboarding',
       |             ^^^^^
    51 |           })}
    52 |         >
    53 |           <Title variant="page">{welcomeMessage}</Title>


ERROR in src/pages/studio-onboarding/preview.tsx:119:11

TS2769: No overload matches this call.
  The last overload gave the following error.
    Type '"calc(100dvh - 4rem)"' is not assignable to type 'ConditionalValue<WithEscapeHatch<"auto" | `var(--${string})` | SizeToken | "svh" | "lvh" | "dvh" | "screen" | "1/2" | "1/3" | "2/3" | "1/4" | "2/4" | "3/4" | "1/5" | "2/5" | "3/5" | "4/5" | "1/6" | "2/6" | "3/6" | "4/6" | "5/6">> | undefined'.
    117 |         className={css({
    118 |           backgroundSize: '[16px 16px]',
  > 119 |           minHeight: 'calc(100dvh - 4rem)',
        |           ^^^^^^^^^
    120 |           bg: 'surface.page',
    121 |         })}
    122 |       >


ERROR in src/pages/studio-onboarding/preview.tsx:134:15

TS2769: No overload matches this call.
  The last overload gave the following error.
    Type '"1300px"' is not assignable to type 'ConditionalValue<WithEscapeHatch<"auto" | `var(--${string})` | SizeToken | "screen" | "1/2" | "1/3" | "2/3" | "1/4" | "2/4" | "3/4" | "1/5" | "2/5" | "3/5" | "4/5" | "1/6" | "2/6" | "3/6" | "4/6" | "5/6" | ... 10 more ... | "11/12">> | undefined'.
    132 |               width: 'full',
    133 |               // TODO: create and use token
  > 134 |               maxWidth: '1300px',
        |               ^^^^^^^^
    135 |             })}
    136 |           >
    137 |             <Title variant="page">Preview your workflow</Title>


ERROR in src/pages/studio-onboarding/success.tsx:76:13

TS2769: No overload matches this call.
  The last overload gave the following error.
    Type '"onboarding"' is not assignable to type 'ConditionalValue<WithEscapeHatch<"auto" | `var(--${string})` | SizeToken | "screen" | "1/2" | "1/3" | "2/3" | "1/4" | "2/4" | "3/4" | "1/5" | "2/5" | "3/5" | "4/5" | "1/6" | "2/6" | "3/6" | "4/6" | "5/6" | ... 10 more ... | "11/12">> | undefined'.
    74 |         <div
    75 |           className={css({
  > 76 |             width: 'onboarding',
       |             ^^^^^
    77 |           })}
    78 |         >
    79 |           <Title variant="page">Success! You sent an email to {email}</Title>


ERROR in src/pages/studio-onboarding/success.tsx:124:21

TS2769: No overload matches this call.
  The last overload gave the following error.
    Type 'number' is not assignable to type 'ConditionalValue<WithEscapeHatch<"1" | "auto" | `var(--${string})` | "initial" | "none">> | undefined'.
    122 |                 <VStack
    123 |                   className={css({
  > 124 |                     flex: 1,
        |                     ^^^^
    125 |                     alignItems: 'start',
    126 |                   })}
    127 |                   gap="25"


ERROR in src/pages/templates/editor_v2/TemplateDetailsPageV2.tsx:75:26

TS2769: No overload matches this call.
  The last overload gave the following error.
    Type 'number' is not assignable to type 'ConditionalValue<WithEscapeHatch<`var(--${string})` | SpacingToken>> | undefined'.
      Type 'number' is not assignable to type 'ConditionalValue<WithEscapeHatch<`var(--${string})` | SpacingToken>> | undefined'.
    73 |     <form name="workflow-form" noValidate onSubmit={submitWorkflow} className={css({ height: 'full' })}>
    74 |       <WorkflowsPageTemplate
  > 75 |         className={css({ p: 0, paddingBlockStart: 0, overflowY: 'auto' })}
       |                          ^
    76 |         icon={<IconCable size="32" />}
    77 |         title={title}
    78 |         actions={


ERROR in src/pages/templates/editor_v2/TemplateDetailsPageV2.tsx:75:32

TS2769: No overload matches this call.
  The last overload gave the following error.
    Type 'number' is not assignable to type 'ConditionalValue<WithEscapeHatch<`var(--${string})` | SpacingToken>> | undefined'.
      Type 'number' is not assignable to type 'ConditionalValue<WithEscapeHatch<`var(--${string})` | SpacingToken>> | undefined'.
    73 |     <form name="workflow-form" noValidate onSubmit={submitWorkflow} className={css({ height: 'full' })}>
    74 |       <WorkflowsPageTemplate
  > 75 |         className={css({ p: 0, paddingBlockStart: 0, overflowY: 'auto' })}
       |                                ^^^^^^^^^^^^^^^^^
    76 |         icon={<IconCable size="32" />}
    77 |         title={title}
    78 |         actions={


ERROR in src/pages/templates/WorkflowListPage.tsx:325:15

TS2769: No overload matches this call.
  The last overload gave the following error.
    Type 'string' is not assignable to type 'ConditionalValue<WithEscapeHatch<`var(--${string})` | ColorToken>> | undefined'.
      Type '"18px"' is not assignable to type 'ConditionalValue<WithEscapeHatch<`var(--${string})` | FontSizeToken>> | undefined'.
        Type '"22px"' is not assignable to type 'ConditionalValue<WithEscapeHatch<`var(--${string})` | LineHeightToken>> | undefined'.
          Type '"600px"' is not assignable to type 'ConditionalValue<WithEscapeHatch<`var(--${string})` | "auto" | SizeToken | "screen" | "1/2" | "1/3" | "2/3" | "1/4" | "2/4" | "3/4" | "1/5" | "2/5" | "3/5" | "4/5" | "1/6" | "2/6" | "3/6" | "4/6" | "5/6" | ... 10 more ... | "11/12">> | undefined'.
            Type '"0 auto"' is not assignable to type 'ConditionalValue<WithEscapeHatch<SpacingToken | `var(--${string})` | "auto">> | undefined'. Did you mean '"auto"'?
              Type '"80px"' is not assignable to type 'ConditionalValue<WithEscapeHatch<SpacingToken | `var(--${string})` | "auto">> | undefined'.
    323 |           <div
    324 |             className={css({
  > 325 |               color: colors.B40,
        |               ^^^^^
    326 |               fontSize: '18px',
    327 |               lineHeight: '22px',
    328 |               textAlign: 'center',


ERROR in src/pages/templates/WorkflowListPage.tsx:326:15

TS2769: No overload matches this call.
  The last overload gave the following error.
    Type 'string' is not assignable to type 'ConditionalValue<WithEscapeHatch<`var(--${string})` | ColorToken>> | undefined'.
      Type '"18px"' is not assignable to type 'ConditionalValue<WithEscapeHatch<`var(--${string})` | FontSizeToken>> | undefined'.
        Type '"22px"' is not assignable to type 'ConditionalValue<WithEscapeHatch<`var(--${string})` | LineHeightToken>> | undefined'.
          Type '"600px"' is not assignable to type 'ConditionalValue<WithEscapeHatch<`var(--${string})` | "auto" | SizeToken | "screen" | "1/2" | "1/3" | "2/3" | "1/4" | "2/4" | "3/4" | "1/5" | "2/5" | "3/5" | "4/5" | "1/6" | "2/6" | "3/6" | "4/6" | "5/6" | ... 10 more ... | "11/12">> | undefined'.
            Type '"0 auto"' is not assignable to type 'ConditionalValue<WithEscapeHatch<SpacingToken | `var(--${string})` | "auto">> | undefined'. Did you mean '"auto"'?
              Type '"80px"' is not assignable to type 'ConditionalValue<WithEscapeHatch<SpacingToken | `var(--${string})` | "auto">> | undefined'.
    324 |             className={css({
    325 |               color: colors.B40,
  > 326 |               fontSize: '18px',
        |               ^^^^^^^^
    327 |               lineHeight: '22px',
    328 |               textAlign: 'center',
    329 |               maxWidth: '600px',


ERROR in src/pages/templates/WorkflowListPage.tsx:327:15

TS2769: No overload matches this call.
  The last overload gave the following error.
    Type 'string' is not assignable to type 'ConditionalValue<WithEscapeHatch<`var(--${string})` | ColorToken>> | undefined'.
      Type '"18px"' is not assignable to type 'ConditionalValue<WithEscapeHatch<`var(--${string})` | FontSizeToken>> | undefined'.
        Type '"22px"' is not assignable to type 'ConditionalValue<WithEscapeHatch<`var(--${string})` | LineHeightToken>> | undefined'.
          Type '"600px"' is not assignable to type 'ConditionalValue<WithEscapeHatch<`var(--${string})` | "auto" | SizeToken | "screen" | "1/2" | "1/3" | "2/3" | "1/4" | "2/4" | "3/4" | "1/5" | "2/5" | "3/5" | "4/5" | "1/6" | "2/6" | "3/6" | "4/6" | "5/6" | ... 10 more ... | "11/12">> | undefined'.
            Type '"0 auto"' is not assignable to type 'ConditionalValue<WithEscapeHatch<SpacingToken | `var(--${string})` | "auto">> | undefined'. Did you mean '"auto"'?
              Type '"80px"' is not assignable to type 'ConditionalValue<WithEscapeHatch<SpacingToken | `var(--${string})` | "auto">> | undefined'.
    325 |               color: colors.B40,
    326 |               fontSize: '18px',
  > 327 |               lineHeight: '22px',
        |               ^^^^^^^^^^
    328 |               textAlign: 'center',
    329 |               maxWidth: '600px',
    330 |               margin: '0 auto',


ERROR in src/pages/templates/WorkflowListPage.tsx:329:15

TS2769: No overload matches this call.
  The last overload gave the following error.
    Type 'string' is not assignable to type 'ConditionalValue<WithEscapeHatch<`var(--${string})` | ColorToken>> | undefined'.
      Type '"18px"' is not assignable to type 'ConditionalValue<WithEscapeHatch<`var(--${string})` | FontSizeToken>> | undefined'.
        Type '"22px"' is not assignable to type 'ConditionalValue<WithEscapeHatch<`var(--${string})` | LineHeightToken>> | undefined'.
          Type '"600px"' is not assignable to type 'ConditionalValue<WithEscapeHatch<`var(--${string})` | "auto" | SizeToken | "screen" | "1/2" | "1/3" | "2/3" | "1/4" | "2/4" | "3/4" | "1/5" | "2/5" | "3/5" | "4/5" | "1/6" | "2/6" | "3/6" | "4/6" | "5/6" | ... 10 more ... | "11/12">> | undefined'.
            Type '"0 auto"' is not assignable to type 'ConditionalValue<WithEscapeHatch<SpacingToken | `var(--${string})` | "auto">> | undefined'. Did you mean '"auto"'?
              Type '"80px"' is not assignable to type 'ConditionalValue<WithEscapeHatch<SpacingToken | `var(--${string})` | "auto">> | undefined'.
    327 |               lineHeight: '22px',
    328 |               textAlign: 'center',
  > 329 |               maxWidth: '600px',
        |               ^^^^^^^^
    330 |               margin: '0 auto',
    331 |               marginTop: '80px',
    332 |             })}


ERROR in src/pages/templates/WorkflowListPage.tsx:330:15

TS2769: No overload matches this call.
  The last overload gave the following error.
    Type 'string' is not assignable to type 'ConditionalValue<WithEscapeHatch<`var(--${string})` | ColorToken>> | undefined'.
      Type '"18px"' is not assignable to type 'ConditionalValue<WithEscapeHatch<`var(--${string})` | FontSizeToken>> | undefined'.
        Type '"22px"' is not assignable to type 'ConditionalValue<WithEscapeHatch<`var(--${string})` | LineHeightToken>> | undefined'.
          Type '"600px"' is not assignable to type 'ConditionalValue<WithEscapeHatch<`var(--${string})` | "auto" | SizeToken | "screen" | "1/2" | "1/3" | "2/3" | "1/4" | "2/4" | "3/4" | "1/5" | "2/5" | "3/5" | "4/5" | "1/6" | "2/6" | "3/6" | "4/6" | "5/6" | ... 10 more ... | "11/12">> | undefined'.
            Type '"0 auto"' is not assignable to type 'ConditionalValue<WithEscapeHatch<SpacingToken | `var(--${string})` | "auto">> | undefined'. Did you mean '"auto"'?
              Type '"80px"' is not assignable to type 'ConditionalValue<WithEscapeHatch<SpacingToken | `var(--${string})` | "auto">> | undefined'.
    328 |               textAlign: 'center',
    329 |               maxWidth: '600px',
  > 330 |               margin: '0 auto',
        |               ^^^^^^
    331 |               marginTop: '80px',
    332 |             })}
    333 |           >


ERROR in src/pages/templates/WorkflowListPage.tsx:331:15

TS2769: No overload matches this call.
  The last overload gave the following error.
    Type 'string' is not assignable to type 'ConditionalValue<WithEscapeHatch<`var(--${string})` | ColorToken>> | undefined'.
      Type '"18px"' is not assignable to type 'ConditionalValue<WithEscapeHatch<`var(--${string})` | FontSizeToken>> | undefined'.
        Type '"22px"' is not assignable to type 'ConditionalValue<WithEscapeHatch<`var(--${string})` | LineHeightToken>> | undefined'.
          Type '"600px"' is not assignable to type 'ConditionalValue<WithEscapeHatch<`var(--${string})` | "auto" | SizeToken | "screen" | "1/2" | "1/3" | "2/3" | "1/4" | "2/4" | "3/4" | "1/5" | "2/5" | "3/5" | "4/5" | "1/6" | "2/6" | "3/6" | "4/6" | "5/6" | ... 10 more ... | "11/12">> | undefined'.
            Type '"0 auto"' is not assignable to type 'ConditionalValue<WithEscapeHatch<SpacingToken | `var(--${string})` | "auto">> | undefined'. Did you mean '"auto"'?
              Type '"80px"' is not assignable to type 'ConditionalValue<WithEscapeHatch<SpacingToken | `var(--${string})` | "auto">> | undefined'.
    329 |               maxWidth: '600px',
    330 |               margin: '0 auto',
  > 331 |               marginTop: '80px',
        |               ^^^^^^^^^
    332 |             })}
    333 |           >
    334 |             To create a workflow in this environment, you need to create a workflow using the @novu/framework and sync


ERROR in src/studio/components/GetStartedPageV2/index.tsx:54:11

TS2769: No overload matches this call.
  The last overload gave the following error.
    Type 'number' is not assignable to type 'ConditionalValue<WithEscapeHatch<`var(--${string})` | FontWeightToken>> | undefined'.
    52 |           cursor: 'pointer',
    53 |           lineHeight: 'sm',
  > 54 |           fontWeight: 600,
       |           ^^^^^^^^^^
    55 |         }),
    56 |         className
    57 |       )}


ERROR in src/studio/components/GetStartedPageV2/index.tsx:116:37

TS2769: No overload matches this call.
  The last overload gave the following error.
    Type '"100vh"' is not assignable to type 'ConditionalValue<WithEscapeHatch<`var(--${string})` | "auto" | SizeToken | "svh" | "lvh" | "dvh" | "screen" | "1/2" | "1/3" | "2/3" | "1/4" | "2/4" | "3/4" | "1/5" | "2/5" | "3/5" | "4/5" | "1/6" | "2/6" | "3/6" | "4/6" | "5/6">> | undefined'. Did you mean '"100"'?
    114 |
    115 |   return (
  > 116 |     <PageContainer className={css({ h: '100vh' })}>
        |                                     ^
    117 |       <VStack
    118 |         className={css({
    119 |           justifyContent: 'center',


ERROR in src/studio/components/GetStartedPageV2/index.tsx:120:11

TS2769: No overload matches this call.
  The last overload gave the following error.
    Type '"100%"' is not assignable to type 'ConditionalValue<WithEscapeHatch<`var(--${string})` | "auto" | SizeToken | "screen" | "1/2" | "1/3" | "2/3" | "1/4" | "2/4" | "3/4" | "1/5" | "2/5" | "3/5" | "4/5" | "1/6" | "2/6" | "3/6" | "4/6" | "5/6" | ... 10 more ... | "11/12">> | undefined'. Did you mean '"100"'?
    118 |         className={css({
    119 |           justifyContent: 'center',
  > 120 |           width: '100%',
        |           ^^^^^
    121 |         })}
    122 |       >
    123 |         <div className={css({ width: '960px' })}>


ERROR in src/studio/components/GetStartedPageV2/index.tsx:123:31

TS2769: No overload matches this call.
  The last overload gave the following error.
    Type '"960px"' is not assignable to type 'ConditionalValue<WithEscapeHatch<`var(--${string})` | "auto" | SizeToken | "screen" | "1/2" | "1/3" | "2/3" | "1/4" | "2/4" | "3/4" | "1/5" | "2/5" | "3/5" | "4/5" | "1/6" | "2/6" | "3/6" | "4/6" | "5/6" | ... 10 more ... | "11/12">> | undefined'.
    121 |         })}
    122 |       >
  > 123 |         <div className={css({ width: '960px' })}>
        |                               ^^^^^
    124 |           <Title
    125 |             className={css({
    126 |               marginBottom: '250',


ERROR in src/studio/components/GetStartedPageV2/index.tsx:134:15

TS2769: No overload matches this call.
  The last overload gave the following error.
    Type '"60px"' is not assignable to type 'ConditionalValue<WithEscapeHatch<SpacingToken | `var(--${string})` | "auto">> | undefined'.
    132 |           <HStack
    133 |             className={css({
  > 134 |               marginBottom: '60px',
        |               ^^^^^^^^^^^^
    135 |               flexWrap: 'wrap',
    136 |             })}
    137 |           >


ERROR in src/studio/components/GetStartedPageV2/index.tsx:140:17

TS2769: No overload matches this call.
  The last overload gave the following error.
    Type '"100%"' is not assignable to type 'ConditionalValue<WithEscapeHatch<`var(--${string})` | "auto" | SizeToken | "screen" | "1/2" | "1/3" | "2/3" | "1/4" | "2/4" | "3/4" | "1/5" | "2/5" | "3/5" | "4/5" | "1/6" | "2/6" | "3/6" | "4/6" | "5/6" | ... 10 more ... | "11/12">> | undefined'. Did you mean '"100"'?
    138 |             <VStack
    139 |               className={css({
  > 140 |                 width: '100%',
        |                 ^^^^^
    141 |                 alignItems: 'center',
    142 |               })}
    143 |               gap="50"


ERROR in src/studio/components/GetStartedPageV2/index.tsx:145:37

TS2769: No overload matches this call.
  The last overload gave the following error.
    Type '"600px"' is not assignable to type 'ConditionalValue<WithEscapeHatch<`var(--${string})` | "auto" | SizeToken | "screen" | "1/2" | "1/3" | "2/3" | "1/4" | "2/4" | "3/4" | "1/5" | "2/5" | "3/5" | "4/5" | "1/6" | "2/6" | "3/6" | "4/6" | "5/6" | ... 10 more ... | "11/12">> | undefined'.
    143 |               gap="50"
    144 |             >
  > 145 |               <div className={css({ width: '600px' })}>
        |                                     ^^^^^
    146 |                 <HStack
    147 |                   className={css({
    148 |                     justifyContent: 'space-between',


ERROR in src/studio/components/GetStartedPageV2/index.tsx:171:21

TS2769: No overload matches this call.
  The last overload gave the following error.
    Type '"100%"' is not assignable to type 'ConditionalValue<WithEscapeHatch<`var(--${string})` | "auto" | SizeToken | "screen" | "1/2" | "1/3" | "2/3" | "1/4" | "2/4" | "3/4" | "1/5" | "2/5" | "3/5" | "4/5" | "1/6" | "2/6" | "3/6" | "4/6" | "5/6" | ... 10 more ... | "11/12">> | undefined'. Did you mean '"100"'?
      Type '"1px"' is not assignable to type 'ConditionalValue<WithEscapeHatch<SpacingToken | `var(--${string})`>> | undefined'.
        Type '"!important dark"' is not assignable to type 'ConditionalValue<WithEscapeHatch<`var(--${string})` | ShadowToken>> | undefined'.
    169 |                 <div
    170 |                   className={css({
  > 171 |                     width: '100%',
        |                     ^^^^^
    172 |                     background: 'var(--mantine-color-gradient-outline)',
    173 |                     backgroundClip: 'padding-box',
    174 |                     border: 'none !important',


ERROR in src/studio/components/GetStartedPageV2/index.tsx:175:21

TS2769: No overload matches this call.
  The last overload gave the following error.
    Type '"100%"' is not assignable to type 'ConditionalValue<WithEscapeHatch<`var(--${string})` | "auto" | SizeToken | "screen" | "1/2" | "1/3" | "2/3" | "1/4" | "2/4" | "3/4" | "1/5" | "2/5" | "3/5" | "4/5" | "1/6" | "2/6" | "3/6" | "4/6" | "5/6" | ... 10 more ... | "11/12">> | undefined'. Did you mean '"100"'?
      Type '"1px"' is not assignable to type 'ConditionalValue<WithEscapeHatch<SpacingToken | `var(--${string})`>> | undefined'.
        Type '"!important dark"' is not assignable to type 'ConditionalValue<WithEscapeHatch<`var(--${string})` | ShadowToken>> | undefined'.
    173 |                     backgroundClip: 'padding-box',
    174 |                     border: 'none !important',
  > 175 |                     padding: '1px',
        |                     ^^^^^^^
    176 |                     borderRadius: '100',
    177 |                     boxShadow: '!important dark',
    178 |                   })}


ERROR in src/studio/components/GetStartedPageV2/index.tsx:177:21

TS2769: No overload matches this call.
  The last overload gave the following error.
    Type '"100%"' is not assignable to type 'ConditionalValue<WithEscapeHatch<`var(--${string})` | "auto" | SizeToken | "screen" | "1/2" | "1/3" | "2/3" | "1/4" | "2/4" | "3/4" | "1/5" | "2/5" | "3/5" | "4/5" | "1/6" | "2/6" | "3/6" | "4/6" | "5/6" | ... 10 more ... | "11/12">> | undefined'. Did you mean '"100"'?
      Type '"1px"' is not assignable to type 'ConditionalValue<WithEscapeHatch<SpacingToken | `var(--${string})`>> | undefined'.
        Type '"!important dark"' is not assignable to type 'ConditionalValue<WithEscapeHatch<`var(--${string})` | ShadowToken>> | undefined'.
    175 |                     padding: '1px',
    176 |                     borderRadius: '100',
  > 177 |                     boxShadow: '!important dark',
        |                     ^^^^^^^^^
    178 |                   })}
    179 |                   onDoubleClick={() => {
    180 |                     track('Command copied - [Get Started - V2]');


ERROR in src/studio/components/GetStartedPageV2/index.tsx:186:23

TS2769: No overload matches this call.
  The last overload gave the following error.
    Type '"100%"' is not assignable to type 'ConditionalValue<WithEscapeHatch<`var(--${string})` | "auto" | SizeToken | "screen" | "1/2" | "1/3" | "2/3" | "1/4" | "2/4" | "3/4" | "1/5" | "2/5" | "3/5" | "4/5" | "1/6" | "2/6" | "3/6" | "4/6" | "5/6" | ... 10 more ... | "11/12">> | undefined'. Did you mean '"100"'?
    184 |                     command="npx novu@latest dev"
    185 |                     className={css({
  > 186 |                       width: '100%',
        |                       ^^^^^
    187 |                       '& input': {
    188 |                         margin: '0 !important',
    189 |                         color: 'typography.text.main !important',


ERROR in src/studio/components/GetStartedPageV2/index.tsx:231:15

TS2769: No overload matches this call.
  The last overload gave the following error.
    Type '"100%"' is not assignable to type 'ConditionalValue<WithEscapeHatch<`var(--${string})` | "auto" | SizeToken | "screen" | "1/2" | "1/3" | "2/3" | "1/4" | "2/4" | "3/4" | "1/5" | "2/5" | "3/5" | "4/5" | "1/6" | "2/6" | "3/6" | "4/6" | "5/6" | ... 10 more ... | "11/12">> | undefined'. Did you mean '"100"'?
    229 |               marginBottom: '375',
    230 |               justifyContent: 'space-between',
  > 231 |               width: '100%',
        |               ^^^^^
    232 |               flexWrap: 'wrap',
    233 |               alignItems: 'flex-start',
    234 |             })}


ERROR in src/studio/components/GetStartedPageV2/index.tsx:236:46

TS2769: No overload matches this call.
  The last overload gave the following error.
    Type '"17.5rem"' is not assignable to type 'ConditionalValue<WithEscapeHatch<`var(--${string})` | "auto" | SizeToken | "screen" | "1/2" | "1/3" | "2/3" | "1/4" | "2/4" | "3/4" | "1/5" | "2/5" | "3/5" | "4/5" | "1/6" | "2/6" | "3/6" | "4/6" | "5/6" | ... 10 more ... | "11/12">> | undefined'.
    234 |             })}
    235 |           >
  > 236 |             <VStack gap="0" className={css({ width: '17.5rem', alignItems: 'flex-start' })}>
        |                                              ^^^^^
    237 |               <HStack gap="50">
    238 |                 <IconLaptopMac />
    239 |                 <Title


ERROR in src/studio/components/GetStartedPageV2/index.tsx:252:19

TS2769: No overload matches this call.
  The last overload gave the following error.
    Type '"24px" | "8px"' is not assignable to type 'ConditionalValue<WithEscapeHatch<SpacingToken | `var(--${string})` | "auto">> | undefined'.
      Type '"24px"' is not assignable to type 'ConditionalValue<WithEscapeHatch<SpacingToken | `var(--${string})` | "auto">> | undefined'.
    250 |                 className={css({
    251 |                   color: 'typography.text.secondary',
  > 252 |                   marginBottom: location === 'onboarding' ? '24px' : '8px',
        |                   ^^^^^^^^^^^^
    253 |                 })}
    254 |               >
    255 |                 Code your notification workflows and preview them locally


ERROR in src/studio/components/GetStartedPageV2/index.tsx:282:46

TS2769: No overload matches this call.
  The last overload gave the following error.
    Type '"17.5rem"' is not assignable to type 'ConditionalValue<WithEscapeHatch<`var(--${string})` | "auto" | SizeToken | "screen" | "1/2" | "1/3" | "2/3" | "1/4" | "2/4" | "3/4" | "1/5" | "2/5" | "3/5" | "4/5" | "1/6" | "2/6" | "3/6" | "4/6" | "5/6" | ... 10 more ... | "11/12">> | undefined'.
    280 |               <Ide />
    281 |             </VStack>
  > 282 |             <VStack gap="0" className={css({ width: '17.5rem', alignItems: 'flex-start' })}>
        |                                              ^^^^^
    283 |               <HStack gap="50">
    284 |                 <IconEditNote />
    285 |                 <Title


ERROR in src/studio/components/GetStartedPageV2/index.tsx:298:19

TS2769: No overload matches this call.
  The last overload gave the following error.
    Type '"24px" | "8px"' is not assignable to type 'ConditionalValue<WithEscapeHatch<SpacingToken | `var(--${string})` | "auto">> | undefined'.
      Type '"24px"' is not assignable to type 'ConditionalValue<WithEscapeHatch<SpacingToken | `var(--${string})` | "auto">> | undefined'.
    296 |                 className={css({
    297 |                   color: 'typography.text.secondary',
  > 298 |                   marginBottom: location === 'onboarding' ? '24px' : '8px',
        |                   ^^^^^^^^^^^^
    299 |                 })}
    300 |               >
    301 |                 Provide your team with no-code UI controls to modify notification content and behavior


ERROR in src/studio/components/GetStartedPageV2/index.tsx:328:46

TS2769: No overload matches this call.
  The last overload gave the following error.
    Type '"17.5rem"' is not assignable to type 'ConditionalValue<WithEscapeHatch<`var(--${string})` | "auto" | SizeToken | "screen" | "1/2" | "1/3" | "2/3" | "1/4" | "2/4" | "3/4" | "1/5" | "2/5" | "3/5" | "4/5" | "1/6" | "2/6" | "3/6" | "4/6" | "5/6" | ... 10 more ... | "11/12">> | undefined'.
    326 |               <Development />
    327 |             </VStack>
  > 328 |             <VStack gap="0" className={css({ width: '17.5rem', alignItems: 'flex-start' })}>
        |                                              ^^^^^
    329 |               <HStack gap="50">
    330 |                 <IconOutlineRocketLaunch />
    331 |                 <Title


ERROR in src/studio/components/GetStartedPageV2/index.tsx:344:19

TS2769: No overload matches this call.
  The last overload gave the following error.
    Type '"24px" | "8px"' is not assignable to type 'ConditionalValue<WithEscapeHatch<SpacingToken | `var(--${string})` | "auto">> | undefined'.
      Type '"24px"' is not assignable to type 'ConditionalValue<WithEscapeHatch<SpacingToken | `var(--${string})` | "auto">> | undefined'.
    342 |                 className={css({
    343 |                   color: 'typography.text.secondary',
  > 344 |                   marginBottom: location === 'onboarding' ? '24px' : '8px',
        |                   ^^^^^^^^^^^^
    345 |                 })}
    346 |               >
    347 |                 Use your CI/CD pipeline to ship your notifications to production


ERROR in src/studio/components/workflows/layout/WorkflowsPanelLayout.tsx:14:76

TS2769: No overload matches this call.
  The last overload gave the following error.
    Type '"100%"' is not assignable to type 'ConditionalValue<WithEscapeHatch<"screen" | "auto" | `var(--${string})` | SizeToken | "1/2" | "1/3" | "2/3" | "1/4" | "2/4" | "3/4" | "1/5" | "2/5" | "3/5" | "4/5" | "1/6" | "2/6" | "3/6" | "4/6" | "5/6" | "svh" | "lvh" | "dvh">> | undefined'. Did you mean '"100"'?
      Type '"inherit"' is not assignable to type 'ConditionalValue<WithEscapeHatch<`var(--${string})` | RadiusToken>> | undefined'.
    12 | export const WorkflowsPanelLayout: FC<IWorkflowsPanelLayoutProps> = ({ children }) => {
    13 |   return (
  > 14 |     <Grid gridTemplateColumns={'12'} columnGap={'250'} className={cx(css({ height: '100%', borderRadius: 'inherit' }))}>
       |                                                                            ^^^^^^
    15 |       <GridItem colSpan={7}>{children[0]}</GridItem>
    16 |       <GridItem colSpan={5}>{children[1]}</GridItem>
    17 |     </Grid>


ERROR in src/studio/components/workflows/layout/WorkflowsPanelLayout.tsx:14:92

TS2769: No overload matches this call.
  The last overload gave the following error.
    Type '"100%"' is not assignable to type 'ConditionalValue<WithEscapeHatch<"screen" | "auto" | `var(--${string})` | SizeToken | "1/2" | "1/3" | "2/3" | "1/4" | "2/4" | "3/4" | "1/5" | "2/5" | "3/5" | "4/5" | "1/6" | "2/6" | "3/6" | "4/6" | "5/6" | "svh" | "lvh" | "dvh">> | undefined'. Did you mean '"100"'?
      Type '"inherit"' is not assignable to type 'ConditionalValue<WithEscapeHatch<`var(--${string})` | RadiusToken>> | undefined'.
    12 | export const WorkflowsPanelLayout: FC<IWorkflowsPanelLayoutProps> = ({ children }) => {
    13 |   return (
  > 14 |     <Grid gridTemplateColumns={'12'} columnGap={'250'} className={cx(css({ height: '100%', borderRadius: 'inherit' }))}>
       |                                                                                            ^^^^^^^^^^^^
    15 |       <GridItem colSpan={7}>{children[0]}</GridItem>
    16 |       <GridItem colSpan={5}>{children[1]}</GridItem>
    17 |     </Grid>


ERROR in src/studio/components/workflows/node-view/StepNode.tsx:26:13

TS2769: No overload matches this call.
  The last overload gave the following error.
    Type '"workflow.node.connector"' is not assignable to type 'ConditionalValue<WithEscapeHatch<`var(--${string})` | ColorToken>> | undefined'.
      Type '"workflow.nodes.gap"' is not assignable to type 'ConditionalValue<WithEscapeHatch<"screen" | "auto" | `var(--${string})` | SizeToken | "1/2" | "1/3" | "2/3" | "1/4" | "2/4" | "3/4" | "1/5" | "2/5" | "3/5" | "4/5" | "1/6" | "2/6" | "3/6" | "4/6" | "5/6" | "svh" | "lvh" | "dvh">> | undefined'.
    24 |             position: 'relative',
    25 |             borderLeft: 'dashed',
  > 26 |             borderColor: 'workflow.node.connector',
       |             ^^^^^^^^^^^
    27 |             height: 'workflow.nodes.gap',
    28 |             display: 'block',
    29 |             left: '[calc(50% - 1px)]',


ERROR in src/studio/components/workflows/node-view/StepNode.tsx:27:13

TS2769: No overload matches this call.
  The last overload gave the following error.
    Type '"workflow.node.connector"' is not assignable to type 'ConditionalValue<WithEscapeHatch<`var(--${string})` | ColorToken>> | undefined'.
      Type '"workflow.nodes.gap"' is not assignable to type 'ConditionalValue<WithEscapeHatch<"screen" | "auto" | `var(--${string})` | SizeToken | "1/2" | "1/3" | "2/3" | "1/4" | "2/4" | "3/4" | "1/5" | "2/5" | "3/5" | "4/5" | "1/6" | "2/6" | "3/6" | "4/6" | "5/6" | "svh" | "lvh" | "dvh">> | undefined'.
    25 |             borderLeft: 'dashed',
    26 |             borderColor: 'workflow.node.connector',
  > 27 |             height: 'workflow.nodes.gap',
       |             ^^^^^^
    28 |             display: 'block',
    29 |             left: '[calc(50% - 1px)]',
    30 |           },


ERROR in src/studio/components/workflows/node-view/StepNode.tsx:36:20

TS2590: Expression produces a union type that is too complex to represent.
    34 |     >
    35 |       <span
  > 36 |         className={hstack({
       |                    ^^^^^^^^
  > 37 |           ...truncatedFlexTextCss,
       | ^^^^^^^^^^^^^^^^^^^^^^^^^^^^^^^^^^
  > 38 |           gap: '50',
       | ^^^^^^^^^^^^^^^^^^^^^^^^^^^^^^^^^^
  > 39 |           p: '150',
       | ^^^^^^^^^^^^^^^^^^^^^^^^^^^^^^^^^^
  > 40 |           shadow: 'medium',
       | ^^^^^^^^^^^^^^^^^^^^^^^^^^^^^^^^^^
  > 41 |           bg: 'workflow.node.surface',
       | ^^^^^^^^^^^^^^^^^^^^^^^^^^^^^^^^^^
  > 42 |           borderRadius: '150',
       | ^^^^^^^^^^^^^^^^^^^^^^^^^^^^^^^^^^
  > 43 |           _hover: {
       | ^^^^^^^^^^^^^^^^^^^^^^^^^^^^^^^^^^
  > 44 |             opacity: 'hover',
       | ^^^^^^^^^^^^^^^^^^^^^^^^^^^^^^^^^^
  > 45 |           },
       | ^^^^^^^^^^^^^^^^^^^^^^^^^^^^^^^^^^
  > 46 |         })}
       | ^^^^^^^^^^^
    47 |       >
    48 |         {icon}
    49 |         <Title variant="subsection">{title}</Title>


ERROR in src/studio/components/workflows/node-view/StepNode.tsx:36:27

TS2345: Argument of type '{ gap: "50"; p: "150"; shadow: "medium"; bg: "workflow.node.surface"; borderRadius: "150"; _hover: { opacity: "hover"; }; WebkitAppearance?: ConditionalValue<WithEscapeHatch<CssProperties["WebkitAppearance"]>>; ... 971 more ...; base?: Nested<...> | undefined; }' is not assignable to parameter of type 'HstackStyles'.
  Types of property 'bg' are incompatible.
    Type '"workflow.node.surface"' is not assignable to type 'ConditionalValue<WithEscapeHatch<`var(--${string})` | ColorToken>> | undefined'.
    34 |     >
    35 |       <span
  > 36 |         className={hstack({
       |                           ^
  > 37 |           ...truncatedFlexTextCss,
       | ^^^^^^^^^^^^^^^^^^^^^^^^^^^^^^^^^^
  > 38 |           gap: '50',
       | ^^^^^^^^^^^^^^^^^^^^^^^^^^^^^^^^^^
  > 39 |           p: '150',
       | ^^^^^^^^^^^^^^^^^^^^^^^^^^^^^^^^^^
  > 40 |           shadow: 'medium',
       | ^^^^^^^^^^^^^^^^^^^^^^^^^^^^^^^^^^
  > 41 |           bg: 'workflow.node.surface',
       | ^^^^^^^^^^^^^^^^^^^^^^^^^^^^^^^^^^
  > 42 |           borderRadius: '150',
       | ^^^^^^^^^^^^^^^^^^^^^^^^^^^^^^^^^^
  > 43 |           _hover: {
       | ^^^^^^^^^^^^^^^^^^^^^^^^^^^^^^^^^^
  > 44 |             opacity: 'hover',
       | ^^^^^^^^^^^^^^^^^^^^^^^^^^^^^^^^^^
  > 45 |           },
       | ^^^^^^^^^^^^^^^^^^^^^^^^^^^^^^^^^^
  > 46 |         })}
       | ^^^^^^^^^^
    47 |       >
    48 |         {icon}
    49 |         <Title variant="subsection">{title}</Title>


ERROR in src/studio/components/workflows/node-view/StepNode.tsx:68:13

TS2769: No overload matches this call.
  The last overload gave the following error.
    Type '"workflow.node.connector"' is not assignable to type 'ConditionalValue<WithEscapeHatch<`var(--${string})` | ColorToken>> | undefined'.
      Type '"workflow.nodes.gap"' is not assignable to type 'ConditionalValue<WithEscapeHatch<"screen" | "auto" | `var(--${string})` | SizeToken | "1/2" | "1/3" | "2/3" | "1/4" | "2/4" | "3/4" | "1/5" | "2/5" | "3/5" | "4/5" | "1/6" | "2/6" | "3/6" | "4/6" | "5/6" | "svh" | "lvh" | "dvh">> | undefined'.
    66 |             position: 'relative',
    67 |             borderLeft: 'dashed',
  > 68 |             borderColor: 'workflow.node.connector',
       |             ^^^^^^^^^^^
    69 |             height: 'workflow.nodes.gap',
    70 |             display: 'block',
    71 |             left: '[calc(50% - 1px)]',


ERROR in src/studio/components/workflows/node-view/StepNode.tsx:69:13

TS2769: No overload matches this call.
  The last overload gave the following error.
    Type '"workflow.node.connector"' is not assignable to type 'ConditionalValue<WithEscapeHatch<`var(--${string})` | ColorToken>> | undefined'.
      Type '"workflow.nodes.gap"' is not assignable to type 'ConditionalValue<WithEscapeHatch<"screen" | "auto" | `var(--${string})` | SizeToken | "1/2" | "1/3" | "2/3" | "1/4" | "2/4" | "3/4" | "1/5" | "2/5" | "3/5" | "4/5" | "1/6" | "2/6" | "3/6" | "4/6" | "5/6" | "svh" | "lvh" | "dvh">> | undefined'.
    67 |             borderLeft: 'dashed',
    68 |             borderColor: 'workflow.node.connector',
  > 69 |             height: 'workflow.nodes.gap',
       |             ^^^^^^
    70 |             display: 'block',
    71 |             left: '[calc(50% - 1px)]',
    72 |           },


ERROR in src/studio/components/workflows/node-view/StepNode.tsx:81:11

TS2322: Type '"workflow.node.surface"' is not assignable to type 'ConditionalValue<WithEscapeHatch<`var(--${string})` | ColorToken>> | undefined'.
    79 |           p: '150',
    80 |           shadow: 'medium',
  > 81 |           bg: 'workflow.node.surface',
       |           ^^
    82 |           borderRadius: '150',
    83 |           _hover: {
    84 |             opacity: 'hover',


ERROR in src/studio/components/workflows/node-view/WorkflowsDetailPage.tsx:50:24

TS2769: No overload matches this call.
  The last overload gave the following error.
    Type 'number' is not assignable to type 'ConditionalValue<WithEscapeHatch<`var(--${string})` | SpacingToken>> | undefined'.
      Type 'number' is not assignable to type 'ConditionalValue<WithEscapeHatch<`var(--${string})` | SpacingToken>> | undefined'.
    48 |   return (
    49 |     <WorkflowsPageTemplate
  > 50 |       className={css({ p: 0, paddingBlockStart: 0, overflowY: 'auto' })}
       |                        ^
    51 |       icon={<IconCable size="32" />}
    52 |       title={title}
    53 |       actions={


ERROR in src/studio/components/workflows/node-view/WorkflowsDetailPage.tsx:50:30

TS2769: No overload matches this call.
  The last overload gave the following error.
    Type 'number' is not assignable to type 'ConditionalValue<WithEscapeHatch<`var(--${string})` | SpacingToken>> | undefined'.
      Type 'number' is not assignable to type 'ConditionalValue<WithEscapeHatch<`var(--${string})` | SpacingToken>> | undefined'.
    48 |   return (
    49 |     <WorkflowsPageTemplate
  > 50 |       className={css({ p: 0, paddingBlockStart: 0, overflowY: 'auto' })}
       |                              ^^^^^^^^^^^^^^^^^
    51 |       icon={<IconCable size="32" />}
    52 |       title={title}
    53 |       actions={


ERROR in src/studio/components/workflows/preferences/WorkflowSubscriptionPreferences.tsx:180:13

TS2322: Type '"inherit"' is not assignable to type 'ConditionalValue<WithEscapeHatch<`var(--${string})` | ColorToken>> | undefined'.
    178 |     <HStack color={colorToken} opacity={props.row.original.disabled ? 'disabled' : undefined}>
    179 |       {<Icon title="switch-channel-icon" color={'inherit'} />}
  > 180 |       <Text color={'inherit'}>{CHANNEL_LABELS_LOOKUP[props.getValue()]}</Text>
        |             ^^^^^
    181 |     </HStack>
    182 |   );
    183 | }


ERROR in src/studio/components/workflows/step-editor/ControlsEmptyPanel.tsx:20:9

TS2769: No overload matches this call.
  The last overload gave the following error.
    Type '"75vh"' is not assignable to type 'ConditionalValue<WithEscapeHatch<"screen" | "auto" | `var(--${string})` | SizeToken | "1/2" | "1/3" | "2/3" | "1/4" | "2/4" | "3/4" | "1/5" | "2/5" | "3/5" | "4/5" | "1/6" | "2/6" | "3/6" | "4/6" | "5/6" | "svh" | "lvh" | "dvh">> | undefined'.
    18 |     <VStack
    19 |       className={css({
  > 20 |         minHeight: '75vh',
       |         ^^^^^^^^^
    21 |       })}
    22 |       gap="100"
    23 |       alignItems="center"


ERROR in src/studio/components/workflows/step-editor/ControlsEmptyPanel.tsx:26:50

TS2769: No overload matches this call.
  The last overload gave the following error.
    Type '"small"' is not assignable to type 'ConditionalValue<WithEscapeHatch<`var(--${string})` | FontSizeToken>> | undefined'.
    24 |       justifyContent="center"
    25 |     >
  > 26 |       <Text variant="secondary" className={css({ fontSize: 'small' })}>
       |                                                  ^^^^^^^^
    27 |         {content}
    28 |       </Text>
    29 |       <div>


ERROR in src/studio/components/workflows/step-editor/WorkflowStepEditorContentPanel.tsx:48:11

TS2769: No overload matches this call.
  The last overload gave the following error.
    Type '"100%"' is not assignable to type 'ConditionalValue<WithEscapeHatch<"screen" | "auto" | `var(--${string})` | SizeToken | "1/2" | "1/3" | "2/3" | "1/4" | "2/4" | "3/4" | "1/5" | "2/5" | "3/5" | "4/5" | "1/6" | "2/6" | "3/6" | "4/6" | "5/6" | "svh" | "lvh" | "dvh">> | undefined'. Did you mean '"100"'?
      Type '"0 12px 8px 12px"' is not assignable to type 'ConditionalValue<WithEscapeHatch<"auto" | `var(--${string})` | SpacingToken>> | undefined'.
    46 |       <VStack
    47 |         className={css({
  > 48 |           height: '100%',
       |           ^^^^^^
    49 |           margin: '0 12px 8px 12px',
    50 |         })}
    51 |       >


ERROR in src/studio/components/workflows/step-editor/WorkflowStepEditorContentPanel.tsx:49:11

TS2769: No overload matches this call.
  The last overload gave the following error.
    Type '"100%"' is not assignable to type 'ConditionalValue<WithEscapeHatch<"screen" | "auto" | `var(--${string})` | SizeToken | "1/2" | "1/3" | "2/3" | "1/4" | "2/4" | "3/4" | "1/5" | "2/5" | "3/5" | "4/5" | "1/6" | "2/6" | "3/6" | "4/6" | "5/6" | "svh" | "lvh" | "dvh">> | undefined'. Did you mean '"100"'?
      Type '"0 12px 8px 12px"' is not assignable to type 'ConditionalValue<WithEscapeHatch<"auto" | `var(--${string})` | SpacingToken>> | undefined'.
    47 |         className={css({
    48 |           height: '100%',
  > 49 |           margin: '0 12px 8px 12px',
       |           ^^^^^^
    50 |         })}
    51 |       >
    52 |         {error && <ErrorPrettyRender error={error} />}


ERROR in src/studio/components/workflows/step-editor/WorkflowStepEditorContentPanel.tsx:69:34

TS2769: No overload matches this call.
  The last overload gave the following error.
    Type '"100%"' is not assignable to type 'ConditionalValue<WithEscapeHatch<"screen" | "auto" | `var(--${string})` | SizeToken | "1/2" | "1/3" | "2/3" | "1/4" | "2/4" | "3/4" | "1/5" | "2/5" | "3/5" | "4/5" | "1/6" | "2/6" | "3/6" | "4/6" | "5/6" | ... 10 more ... | "11/12">> | undefined'. Did you mean '"100"'?
    67 |       label: 'Preview',
    68 |       content: (
  > 69 |         <VStack className={css({ width: '100%' })}>
       |                                  ^^^^^
    70 |           {error && <ErrorPrettyRender error={error} />}
    71 |           <PreviewStep
    72 |             source={source}


ERROR in src/studio/components/workflows/step-editor/WorkflowStepEditorContentPanel.tsx:131:15

TS2769: No overload matches this call.
  The last overload gave the following error.
    Type '"72vh"' is not assignable to type 'ConditionalValue<WithEscapeHatch<"screen" | "auto" | `var(--${string})` | SizeToken | "1/2" | "1/3" | "2/3" | "1/4" | "2/4" | "3/4" | "1/5" | "2/5" | "3/5" | "4/5" | "1/6" | "2/6" | "3/6" | "4/6" | "5/6" | "svh" | "lvh" | "dvh">> | undefined'.
    129 |             frame: css({ flex: '1', height: 'auto !important' }),
    130 |             contentContainer: css({
  > 131 |               minHeight: '72vh',
        |               ^^^^^^^^^
    132 |               flex: '1',
    133 |             }),
    134 |             skeleton: css({


ERROR in src/studio/components/workflows/step-editor/WorkflowStepEditorContentPanel.tsx:135:15

TS2769: No overload matches this call.
  The last overload gave the following error.
    Type '"100%"' is not assignable to type 'ConditionalValue<WithEscapeHatch<"screen" | "auto" | `var(--${string})` | SizeToken | "1/2" | "1/3" | "2/3" | "1/4" | "2/4" | "3/4" | "1/5" | "2/5" | "3/5" | "4/5" | "1/6" | "2/6" | "3/6" | "4/6" | "5/6" | ... 10 more ... | "11/12">> | undefined'. Did you mean '"100"'?
    133 |             }),
    134 |             skeleton: css({
  > 135 |               width: '100%',
        |               ^^^^^
    136 |             }),
    137 |           }}
    138 |           {...props}


ERROR in src/studio/layout/PageContainer.tsx:18:11

TS2769: No overload matches this call.
  The last overload gave the following error.
    Type '"100%"' is not assignable to type 'ConditionalValue<WithEscapeHatch<"screen" | "auto" | `var(--${string})` | SizeToken | "1/2" | "1/3" | "2/3" | "1/4" | "2/4" | "3/4" | "1/5" | "2/5" | "3/5" | "4/5" | "1/6" | "2/6" | "3/6" | "4/6" | "5/6" | "svh" | "lvh" | "dvh">> | undefined'. Did you mean '"100"'?
    16 |           py: 'paddings.page.vertical',
    17 |           m: '0',
  > 18 |           h: '100%',
       |           ^
    19 |           bg: 'surface.page',
    20 |           display: 'flex',
    21 |           flexDirection: 'column',

